Archive member included because of file (symbol)

c:/altera/12.0sp2/nios2eds/bin/gnu/h-i686-mingw32/bin/../lib/gcc/nios2-elf/4.1.2/../../../../nios2-elf/lib\libc.a(lib_a-atoi.o)
                              obj/default/sd_audio.o (atoi)
c:/altera/12.0sp2/nios2eds/bin/gnu/h-i686-mingw32/bin/../lib/gcc/nios2-elf/4.1.2/../../../../nios2-elf/lib\libc.a(lib_a-malloc.o)
                              obj/default/sd_audio.o (free)
c:/altera/12.0sp2/nios2eds/bin/gnu/h-i686-mingw32/bin/../lib/gcc/nios2-elf/4.1.2/../../../../nios2-elf/lib\libc.a(lib_a-mallocr.o)
                              c:/altera/12.0sp2/nios2eds/bin/gnu/h-i686-mingw32/bin/../lib/gcc/nios2-elf/4.1.2/../../../../nios2-elf/lib\libc.a(lib_a-malloc.o) (_malloc_r)
c:/altera/12.0sp2/nios2eds/bin/gnu/h-i686-mingw32/bin/../lib/gcc/nios2-elf/4.1.2/../../../../nios2-elf/lib\libc.a(lib_a-printf.o)
                              obj/default/bomb.o (printf)
c:/altera/12.0sp2/nios2eds/bin/gnu/h-i686-mingw32/bin/../lib/gcc/nios2-elf/4.1.2/../../../../nios2-elf/lib\libc.a(lib_a-putchar.o)
                              obj/default/rs232com.o (putchar)
c:/altera/12.0sp2/nios2eds/bin/gnu/h-i686-mingw32/bin/../lib/gcc/nios2-elf/4.1.2/../../../../nios2-elf/lib\libc.a(lib_a-puts.o)
                              obj/default/bomb.o (puts)
c:/altera/12.0sp2/nios2eds/bin/gnu/h-i686-mingw32/bin/../lib/gcc/nios2-elf/4.1.2/../../../../nios2-elf/lib\libc.a(lib_a-sbrkr.o)
                              c:/altera/12.0sp2/nios2eds/bin/gnu/h-i686-mingw32/bin/../lib/gcc/nios2-elf/4.1.2/../../../../nios2-elf/lib\libc.a(lib_a-mallocr.o) (_sbrk_r)
c:/altera/12.0sp2/nios2eds/bin/gnu/h-i686-mingw32/bin/../lib/gcc/nios2-elf/4.1.2/../../../../nios2-elf/lib\libc.a(lib_a-sprintf.o)
                              obj/default/sd_audio.o (sprintf)
c:/altera/12.0sp2/nios2eds/bin/gnu/h-i686-mingw32/bin/../lib/gcc/nios2-elf/4.1.2/../../../../nios2-elf/lib\libc.a(lib_a-strlen.o)
                              c:/altera/12.0sp2/nios2eds/bin/gnu/h-i686-mingw32/bin/../lib/gcc/nios2-elf/4.1.2/../../../../nios2-elf/lib\libc.a(lib_a-puts.o) (strlen)
c:/altera/12.0sp2/nios2eds/bin/gnu/h-i686-mingw32/bin/../lib/gcc/nios2-elf/4.1.2/../../../../nios2-elf/lib\libc.a(lib_a-strtol.o)
                              c:/altera/12.0sp2/nios2eds/bin/gnu/h-i686-mingw32/bin/../lib/gcc/nios2-elf/4.1.2/../../../../nios2-elf/lib\libc.a(lib_a-atoi.o) (_strtol_r)
c:/altera/12.0sp2/nios2eds/bin/gnu/h-i686-mingw32/bin/../lib/gcc/nios2-elf/4.1.2/../../../../nios2-elf/lib\libc.a(lib_a-vfprintf.o)
                              c:/altera/12.0sp2/nios2eds/bin/gnu/h-i686-mingw32/bin/../lib/gcc/nios2-elf/4.1.2/../../../../nios2-elf/lib\libc.a(lib_a-printf.o) (___vfprintf_internal_r)
c:/altera/12.0sp2/nios2eds/bin/gnu/h-i686-mingw32/bin/../lib/gcc/nios2-elf/4.1.2/../../../../nios2-elf/lib\libc.a(lib_a-wsetup.o)
                              c:/altera/12.0sp2/nios2eds/bin/gnu/h-i686-mingw32/bin/../lib/gcc/nios2-elf/4.1.2/../../../../nios2-elf/lib\libc.a(lib_a-vfprintf.o) (__swsetup_r)
c:/altera/12.0sp2/nios2eds/bin/gnu/h-i686-mingw32/bin/../lib/gcc/nios2-elf/4.1.2/../../../../nios2-elf/lib\libc.a(lib_a-ctype_.o)
                              c:/altera/12.0sp2/nios2eds/bin/gnu/h-i686-mingw32/bin/../lib/gcc/nios2-elf/4.1.2/../../../../nios2-elf/lib\libc.a(lib_a-strtol.o) (__ctype_ptr)
c:/altera/12.0sp2/nios2eds/bin/gnu/h-i686-mingw32/bin/../lib/gcc/nios2-elf/4.1.2/../../../../nios2-elf/lib\libc.a(lib_a-dtoa.o)
                              c:/altera/12.0sp2/nios2eds/bin/gnu/h-i686-mingw32/bin/../lib/gcc/nios2-elf/4.1.2/../../../../nios2-elf/lib\libc.a(lib_a-vfprintf.o) (_dtoa_r)
c:/altera/12.0sp2/nios2eds/bin/gnu/h-i686-mingw32/bin/../lib/gcc/nios2-elf/4.1.2/../../../../nios2-elf/lib\libc.a(lib_a-fflush.o)
                              c:/altera/12.0sp2/nios2eds/bin/gnu/h-i686-mingw32/bin/../lib/gcc/nios2-elf/4.1.2/../../../../nios2-elf/lib\libc.a(lib_a-vfprintf.o) (_fflush_r)
c:/altera/12.0sp2/nios2eds/bin/gnu/h-i686-mingw32/bin/../lib/gcc/nios2-elf/4.1.2/../../../../nios2-elf/lib\libc.a(lib_a-findfp.o)
                              c:/altera/12.0sp2/nios2eds/bin/gnu/h-i686-mingw32/bin/../lib/gcc/nios2-elf/4.1.2/../../../../nios2-elf/lib\libc.a(lib_a-vfprintf.o) (__sinit)
c:/altera/12.0sp2/nios2eds/bin/gnu/h-i686-mingw32/bin/../lib/gcc/nios2-elf/4.1.2/../../../../nios2-elf/lib\libc.a(lib_a-freer.o)
                              c:/altera/12.0sp2/nios2eds/bin/gnu/h-i686-mingw32/bin/../lib/gcc/nios2-elf/4.1.2/../../../../nios2-elf/lib\libc.a(lib_a-malloc.o) (_free_r)
c:/altera/12.0sp2/nios2eds/bin/gnu/h-i686-mingw32/bin/../lib/gcc/nios2-elf/4.1.2/../../../../nios2-elf/lib\libc.a(lib_a-fvwrite.o)
                              c:/altera/12.0sp2/nios2eds/bin/gnu/h-i686-mingw32/bin/../lib/gcc/nios2-elf/4.1.2/../../../../nios2-elf/lib\libc.a(lib_a-puts.o) (__sfvwrite_r)
c:/altera/12.0sp2/nios2eds/bin/gnu/h-i686-mingw32/bin/../lib/gcc/nios2-elf/4.1.2/../../../../nios2-elf/lib\libc.a(lib_a-fwalk.o)
[...]
Memory Configuration

Name             Origin             Length             Attributes
onchip_memory    0x00000000         0x00001000
reset            0x01000000         0x00000020
sdram            0x01000020         0x007fffe0
*default*        0x00000000         0xffffffff

Linker script and memory map

LOAD ../owens_bsp//obj/HAL/src/crt0.o
LOAD obj/default/bomb.o
LOAD obj/default/draw.o
LOAD obj/default/rs232com.o
LOAD obj/default/sd_audio.o
LOAD obj/default/tightRopeGame.o
LOAD c:/altera/12.0sp2/nios2eds/bin/gnu/h-i686-mingw32/bin/../lib/gcc/nios2-elf/4.1.2/../../../../nios2-elf/lib\libstdc++.a
LOAD c:/altera/12.0sp2/nios2eds/bin/gnu/h-i686-mingw32/bin/../lib/gcc/nios2-elf/4.1.2/../../../../nios2-elf/lib\libm.a
LOAD c:/altera/12.0sp2/nios2eds/bin/gnu/h-i686-mingw32/bin/../lib/gcc/nios2-elf/4.1.2\libgcc.a
START GROUP
LOAD c:/altera/12.0sp2/nios2eds/bin/gnu/h-i686-mingw32/bin/../lib/gcc/nios2-elf/4.1.2/../../../../nios2-elf/lib\libc.a
LOAD c:/altera/12.0sp2/nios2eds/bin/gnu/h-i686-mingw32/bin/../lib/gcc/nios2-elf/4.1.2\libgcc.a
LOAD ../owens_bsp/\libhal_bsp.a
END GROUP
LOAD c:/altera/12.0sp2/nios2eds/bin/gnu/h-i686-mingw32/bin/../lib/gcc/nios2-elf/4.1.2\libgcc.a
                0x00000000                __alt_mem_onchip_memory = 0x0
                0x01000000                __alt_mem_sdram = 0x1000000

.entry          0x01000000       0x20
 *(.entry)
 .entry         0x01000000       0x20 ../owens_bsp//obj/HAL/src/crt0.o
                0x01000000                __reset

.exceptions     0x01000020      0x198
                0x01000020                PROVIDE (__ram_exceptions_start, ABSOLUTE (.))
                0x01000020                . = ALIGN (0x20)
 *(.irq)
 *(.exceptions.entry.label)
 .exceptions.entry.label
                0x01000020        0x0 ../owens_bsp/\libhal_bsp.a(alt_irq_entry.o)
                0x01000020                alt_irq_entry
 .exceptions.entry.label
                0x01000020        0x0 ../owens_bsp/\libhal_bsp.a(alt_exception_entry.o)
                0x01000020                alt_exception
 *(.exceptions.entry.user)
 *(.exceptions.entry)
 .exceptions.entry
                0x01000020       0x54 ../owens_bsp/\libhal_bsp.a(alt_exception_entry.o)
 *(.exceptions.irqtest.user)
 *(.exceptions.irqtest)
 .exceptions.irqtest
                0x01000074       0x10 ../owens_bsp/\libhal_bsp.a(alt_irq_entry.o)
 *(.exceptions.irqhandler.user)
 *(.exceptions.irqhandler)
 .exceptions.irqhandler
                0x01000084        0x4 ../owens_bsp/\libhal_bsp.a(alt_irq_entry.o)
 *(.exceptions.irqreturn.user)
 *(.exceptions.irqreturn)
 .exceptions.irqreturn
                0x01000088        0x4 ../owens_bsp/\libhal_bsp.a(alt_irq_entry.o)
 *(.exceptions.notirq.label)
 .exceptions.notirq.label
                0x0100008c        0x0 ../owens_bsp/\libhal_bsp.a(alt_irq_entry.o)
 *(.exceptions.notirq.user)
 *(.exceptions.notirq)
 .exceptions.notirq
                0x0100008c        0x8 ../owens_bsp/\libhal_bsp.a(alt_exception_entry.o)
 *(.exceptions.soft.user)
 *(.exceptions.soft)
 *(.exceptions.unknown.user)
 *(.exceptions.unknown)
 .exceptions.unknown
                0x01000094        0x4 ../owens_bsp/\libhal_bsp.a(alt_exception_entry.o)
 *(.exceptions.exit.label)
 .exceptions.exit.label
                0x01000098        0x0 ../owens_bsp/\libhal_bsp.a(alt_irq_entry.o)
 .exceptions.exit.label
                0x01000098        0x0 ../owens_bsp/\libhal_bsp.a(alt_exception_entry.o)
 *(.exceptions.exit.user)
 *(.exceptions.exit)
 .exceptions.exit
                0x01000098       0x54 ../owens_bsp/\libhal_bsp.a(alt_exception_entry.o)
 *(.exceptions)
 .exceptions    0x010000ec       0xcc ../owens_bsp/\libhal_bsp.a(alt_irq_handler.o)
                0x010000ec                alt_irq_handler
                0x010001b8                PROVIDE (__ram_exceptions_end, ABSOLUTE (.))
                0x01000020                PROVIDE (__flash_exceptions_start, LOADADDR (.exceptions))

.text           0x010001b8    0x18138
                0x010001b8                PROVIDE (stext, ABSOLUTE (.))
 *(.interp)
 *(.hash)
 *(.dynsym)
 *(.dynstr)
 *(.gnu.version)
 *(.gnu.version_d)
 *(.gnu.version_r)
 *(.rel.init)
 *(.rela.init)
 *(.rel.text .rel.text.* .rel.gnu.linkonce.t.*)
 *(.rela.text .rela.text.* .rela.gnu.linkonce.t.*)
 *(.rel.fini)
 *(.rela.fini)
 *(.rel.rodata .rel.rodata.* .rel.gnu.linkonce.r.*)
 *(.rela.rodata .rela.rodata.* .rela.gnu.linkonce.r.*)
 *(.rel.data .rel.data.* .rel.gnu.linkonce.d.*)
 *(.rela.data .rela.data.* .rela.gnu.linkonce.d.*)
 *(.rel.tdata .rel.tdata.* .rel.gnu.linkonce.td.*)
 *(.rela.tdata .rela.tdata.* .rela.gnu.linkonce.td.*)
 *(.rel.tbss .rel.tbss.* .rel.gnu.linkonce.tb.*)
 *(.rela.tbss .rela.tbss.* .rela.gnu.linkonce.tb.*)
 *(.rel.ctors)
 *(.rela.ctors)
 *(.rel.dtors)
 *(.rela.dtors)
 *(.rel.got)
 *(.rela.got)
 *(.rel.sdata .rel.sdata.* .rel.gnu.linkonce.s.*)
 *(.rela.sdata .rela.sdata.* .rela.gnu.linkonce.s.*)
 *(.rel.sbss .rel.sbss.* .rel.gnu.linkonce.sb.*)
 *(.rela.sbss .rela.sbss.* .rela.gnu.linkonce.sb.*)
 *(.rel.sdata2 .rel.sdata2.* .rel.gnu.linkonce.s2.*)
 *(.rela.sdata2 .rela.sdata2.* .rela.gnu.linkonce.s2.*)
 *(.rel.sbss2 .rel.sbss2.* .rel.gnu.linkonce.sb2.*)
 *(.rela.sbss2 .rela.sbss2.* .rela.gnu.linkonce.sb2.*)
 *(.rel.bss .rel.bss.* .rel.gnu.linkonce.b.*)
 *(.rela.bss .rela.bss.* .rela.gnu.linkonce.b.*)
 *(.rel.plt)
 *(.rela.plt)
 *(.rel.dyn)
 *(.init)
 *(.plt)
 *(.text .stub .text.* .gnu.linkonce.t.*)
 .text          0x010001b8       0x4c ../owens_bsp//obj/HAL/src/crt0.o
                0x010001b8                _start
 .text          0x01000204      0x310 obj/default/bomb.o
                0x01000204                setName
                0x01000454                sendNameAll
 .text          0x01000514      0x310 obj/default/draw.o
                0x01000514                draw_object
                0x01000734                clear_object
 .text          0x01000824      0x7c4 obj/default/rs232com.o
                0x01000824                uart_isr
                0x01000b24                send_ack
                0x01000c70                uart_init
                0x01000d18                send_data
                0x01000f44                get_buffer_space
                0x01000fac                main
 .text          0x01000fe8     0x1c50 obj/default/sd_audio.o
                0x01000fe8                reset_audio_buffer
                0x01001044                av_config_setup
                0x01001088                audio_isr
                0x01001110                sd_init
                0x01001150                init_read_wav
                0x010011b4                refill_buffer
                0x0100122c                fill_buffer
                0x01001580                sd_fopen
                0x010015c0                sd_fclose
                0x010015f0                sd_readbyte
                0x0100162c                audio_write_fifo
                0x010018c4                preload_sfx
                0x01001a70                preload_sfx1
                0x01001c1c                free_sfx
                0x01001c50                free_sfx1
                0x01001c84                sd_read_level
                0x0100206c                sd_read_players
                0x01002308                sd_write_players
                0x01002504                read_bmp
                0x010028e8                free_bmp
                0x01002968                draw_bmp
                0x01002b00                clear_loc
 .text          0x01002c38     0x1624 obj/default/tightRopeGame.o
                0x01002c38                tight_rope_game
                0x01003df0                acc
                0x01003e64                wind
                0x01003f10                cal_fall
                0x01003f8c                handle_timer_interrupts
                0x01004194                dump_data
 .text          0x0100425c       0x18 c:/altera/12.0sp2/nios2eds/bin/gnu/h-i686-mingw32/bin/../lib/gcc/nios2-elf/4.1.2/../../../../nios2-elf/lib\libc.a(lib_a-atoi.o)
                0x0100425c                _atoi_r
                0x01004268                atoi
 .text          0x01004274       0x28 c:/altera/12.0sp2/nios2eds/bin/gnu/h-i686-mingw32/bin/../lib/gcc/nios2-elf/4.1.2/../../../../nios2-elf/lib\libc.a(lib_a-malloc.o)
                0x01004274                free
                0x01004288                malloc
 .text          0x0100429c      0x740 c:/altera/12.0sp2/nios2eds/bin/gnu/h-i686-mingw32/bin/../lib/gcc/nios2-elf/4.1.2/../../../../nios2-elf/lib\libc.a(lib_a-mallocr.o)
                0x0100429c                _malloc_r
 .text          0x010049dc       0x78 c:/altera/12.0sp2/nios2eds/bin/gnu/h-i686-mingw32/bin/../lib/gcc/nios2-elf/4.1.2/../../../../nios2-elf/lib\libc.a(lib_a-printf.o)
                0x010049dc                printf
                0x01004a20                _printf_r
 .text          0x01004a54       0x24 c:/altera/12.0sp2/nios2eds/bin/gnu/h-i686-mingw32/bin/../lib/gcc/nios2-elf/4.1.2/../../../../nios2-elf/lib\libc.a(lib_a-putchar.o)
                0x01004a54                putchar
                0x01004a70                _putchar_r
 .text          0x01004a78       0xb4 c:/altera/12.0sp2/nios2eds/bin/gnu/h-i686-mingw32/bin/../lib/gcc/nios2-elf/4.1.2/../../../../nios2-elf/lib\libc.a(lib_a-puts.o)
                0x01004a78                _puts_r
                0x01004b18                puts
 .text          0x01004b2c       0x70 c:/altera/12.0sp2/nios2eds/bin/gnu/h-i686-mingw32/bin/../lib/gcc/nios2-elf/4.1.2/../../../../nios2-elf/lib\libc.a(lib_a-sbrkr.o)
                0x01004b2c                _sbrk_r
 .text          0x01004b9c       0xd4 c:/altera/12.0sp2/nios2eds/bin/gnu/h-i686-mingw32/bin/../lib/gcc/nios2-elf/4.1.2/../../../../nios2-elf/lib\libc.a(lib_a-sprintf.o)
                0x01004b9c                sprintf
                0x01004c10                _sprintf_r
 .text          0x01004c70       0x74 c:/altera/12.0sp2/nios2eds/bin/gnu/h-i686-mingw32/bin/../lib/gcc/nios2-elf/4.1.2/../../../../nios2-elf/lib\libc.a(lib_a-strlen.o)
                0x01004c70                strlen
 .text          0x01004ce4      0x268 c:/altera/12.0sp2/nios2eds/bin/gnu/h-i686-mingw32/bin/../lib/gcc/nios2-elf/4.1.2/../../../../nios2-elf/lib\libc.a(lib_a-strtol.o)
                0x01004ce4                _strtol_r
                0x01004f28                strtol
 .text          0x01004f4c     0x1f28 c:/altera/12.0sp2/nios2eds/bin/gnu/h-i686-mingw32/bin/../lib/gcc/nios2-elf/4.1.2/../../../../nios2-elf/lib\libc.a(lib_a-vfprintf.o)
                0x01004fa4                ___vfprintf_internal_r
                0x01006e50                __vfprintf_internal
 .text          0x01006e74      0x13c c:/altera/12.0sp2/nios2eds/bin/gnu/h-i686-mingw32/bin/../lib/gcc/nios2-elf/4.1.2/../../../../nios2-elf/lib\libc.a(lib_a-wsetup.o)
                0x01006e74                __swsetup_r
 .text          0x01006fb0        0x0 c:/altera/12.0sp2/nios2eds/bin/gnu/h-i686-mingw32/bin/../lib/gcc/nios2-elf/4.1.2/../../../../nios2-elf/lib\libc.a(lib_a-ctype_.o)
 .text          0x01006fb0     0x17cc c:/altera/12.0sp2/nios2eds/bin/gnu/h-i686-mingw32/bin/../lib/gcc/nios2-elf/4.1.2/../../../../nios2-elf/lib\libc.a(lib_a-dtoa.o)
                0x010071c8                _dtoa_r
 .text          0x0100877c      0x230 c:/altera/12.0sp2/nios2eds/bin/gnu/h-i686-mingw32/bin/../lib/gcc/nios2-elf/4.1.2/../../../../nios2-elf/lib\libc.a(lib_a-fflush.o)
                0x0100877c                _fflush_r
                0x01008978                fflush
 .text          0x010089ac      0x2c0 c:/altera/12.0sp2/nios2eds/bin/gnu/h-i686-mingw32/bin/../lib/gcc/nios2-elf/4.1.2/../../../../nios2-elf/lib\libc.a(lib_a-findfp.o)
                0x01008a04                __sfp_lock_acquire
                0x01008a08                __sfp_lock_release
                0x01008a0c                __sinit_lock_acquire
                0x01008a10                __sinit_lock_release
                0x01008a14                __sinit
                0x01008ac8                __fp_unlock_all
                0x01008ae0                __fp_lock_all
                0x01008af8                _cleanup_r
                0x01008b04                _cleanup
                0x01008b14                __sfmoreglue
                0x01008b7c                __sfp
 .text          0x01008c6c      0x440 c:/altera/12.0sp2/nios2eds/bin/gnu/h-i686-mingw32/bin/../lib/gcc/nios2-elf/4.1.2/../../../../nios2-elf/lib\libc.a(lib_a-freer.o)
                0x01008c6c                _malloc_trim_r
                0x01008d98                _free_r
 .text          0x010090ac      0x49c c:/altera/12.0sp2/nios2eds/bin/gnu/h-i686-mingw32/bin/../lib/gcc/nios2-elf/4.1.2/../../../../nios2-elf/lib\libc.a(lib_a-fvwrite.o)
                0x010090ac                __sfvwrite_r
 .text          0x01009548      0x180 c:/altera/12.0sp2/nios2eds/bin/gnu/h-i686-mingw32/bin/../lib/gcc/nios2-elf/4.1.2/../../../../nios2-elf/lib\libc.a(lib_a-fwalk.o)
                0x01009548                _fwalk_reent
                0x01009610                _fwalk
 .text          0x010096c8        0x0 c:/altera/12.0sp2/nios2eds/bin/gnu/h-i686-mingw32/bin/../lib/gcc/nios2-elf/4.1.2/../../../../nios2-elf/lib\libc.a(lib_a-impure.o)
 .text          0x010096c8        0x0 c:/altera/12.0sp2/nios2eds/bin/gnu/h-i686-mingw32/bin/../lib/gcc/nios2-elf/4.1.2/../../../../nios2-elf/lib\libc.a(lib_a-int_errno.o)
 .text          0x010096c8       0xc4 c:/altera/12.0sp2/nios2eds/bin/gnu/h-i686-mingw32/bin/../lib/gcc/nios2-elf/4.1.2/../../../../nios2-elf/lib\libc.a(lib_a-locale.o)
                0x010096c8                __locale_charset
                0x010096d0                _localeconv_r
                0x010096dc                localeconv
                0x010096ec                _setlocale_r
                0x01009770                setlocale
 .text          0x0100978c      0x194 c:/altera/12.0sp2/nios2eds/bin/gnu/h-i686-mingw32/bin/../lib/gcc/nios2-elf/4.1.2/../../../../nios2-elf/lib\libc.a(lib_a-makebuf.o)
                0x0100978c                __smakebuf_r
 .text          0x01009920       0xe4 c:/altera/12.0sp2/nios2eds/bin/gnu/h-i686-mingw32/bin/../lib/gcc/nios2-elf/4.1.2/../../../../nios2-elf/lib\libc.a(lib_a-memchr.o)
                0x01009920                memchr
 .text          0x01009a04       0xa0 c:/altera/12.0sp2/nios2eds/bin/gnu/h-i686-mingw32/bin/../lib/gcc/nios2-elf/4.1.2/../../../../nios2-elf/lib\libc.a(lib_a-memcpy.o)
                0x01009a04                memcpy
 .text          0x01009aa4       0xe0 c:/altera/12.0sp2/nios2eds/bin/gnu/h-i686-mingw32/bin/../lib/gcc/nios2-elf/4.1.2/../../../../nios2-elf/lib\libc.a(lib_a-memmove.o)
                0x01009aa4                memmove
 .text          0x01009b84       0x98 c:/altera/12.0sp2/nios2eds/bin/gnu/h-i686-mingw32/bin/../lib/gcc/nios2-elf/4.1.2/../../../../nios2-elf/lib\libc.a(lib_a-memset.o)
                0x01009b84                memset
 .text          0x01009c1c      0xff4 c:/altera/12.0sp2/nios2eds/bin/gnu/h-i686-mingw32/bin/../lib/gcc/nios2-elf/4.1.2/../../../../nios2-elf/lib\libc.a(lib_a-mprec.o)
                0x01009c1c                _Bfree
                0x01009c44                __hi0bits
                0x01009cb4                __lo0bits
                0x01009d78                __mcmp
                0x01009dd8                __ulp
                0x01009e58                __b2d
                0x01009f78                __ratio
                0x0100a028                _mprec_log10
                0x0100a0bc                __copybits
                0x0100a114                __any_on
                0x0100a19c                _Balloc
                0x0100a258                __d2b
                0x0100a3d4                __mdiff
                0x0100a560                __lshift
                0x0100a6ac                __multiply
                0x0100a894                __i2b
                0x0100a8d0                __multadd
                0x0100a9d0                __pow5mult
                0x0100aaf0                __s2b
 .text          0x0100ac10      0x1ec c:/altera/12.0sp2/nios2eds/bin/gnu/h-i686-mingw32/bin/../lib/gcc/nios2-elf/4.1.2/../../../../nios2-elf/lib\libc.a(lib_a-putc.o)
                0x0100ac10                putc
                0x0100ad14                _putc_r
 .text          0x0100adfc      0x5f4 c:/altera/12.0sp2/nios2eds/bin/gnu/h-i686-mingw32/bin/../lib/gcc/nios2-elf/4.1.2/../../../../nios2-elf/lib\libc.a(lib_a-reallocr.o)
                0x0100adfc                _realloc_r
 .text          0x0100b3f0       0x40 c:/altera/12.0sp2/nios2eds/bin/gnu/h-i686-mingw32/bin/../lib/gcc/nios2-elf/4.1.2/../../../../nios2-elf/lib\libc.a(lib_a-s_isinfd.o)
                0x0100b3f0                __isinfd
 .text          0x0100b430       0x30 c:/altera/12.0sp2/nios2eds/bin/gnu/h-i686-mingw32/bin/../lib/gcc/nios2-elf/4.1.2/../../../../nios2-elf/lib\libc.a(lib_a-s_isnand.o)
                0x0100b430                __isnand
 .text          0x0100b460      0x14c c:/altera/12.0sp2/nios2eds/bin/gnu/h-i686-mingw32/bin/../lib/gcc/nios2-elf/4.1.2/../../../../nios2-elf/lib\libc.a(lib_a-stdio.o)
                0x0100b460                __sclose
                0x0100b468                __sseek
                0x0100b4d0                __swrite
                0x0100b54c                __sread
 .text          0x0100b5ac       0xbc c:/altera/12.0sp2/nios2eds/bin/gnu/h-i686-mingw32/bin/../lib/gcc/nios2-elf/4.1.2/../../../../nios2-elf/lib\libc.a(lib_a-strcmp.o)
                0x0100b5ac                strcmp
 .text          0x0100b668      0x14c c:/altera/12.0sp2/nios2eds/bin/gnu/h-i686-mingw32/bin/../lib/gcc/nios2-elf/4.1.2/../../../../nios2-elf/lib\libc.a(lib_a-wbuf.o)
                0x0100b668                __swbuf_r
                0x0100b798                __swbuf
 .text          0x0100b7b4       0x78 c:/altera/12.0sp2/nios2eds/bin/gnu/h-i686-mingw32/bin/../lib/gcc/nios2-elf/4.1.2/../../../../nios2-elf/lib\libc.a(lib_a-writer.o)
                0x0100b7b4                _write_r
 .text          0x0100b82c       0xb4 c:/altera/12.0sp2/nios2eds/bin/gnu/h-i686-mingw32/bin/../lib/gcc/nios2-elf/4.1.2/../../../../nios2-elf/lib\libc.a(lib_a-callocr.o)
                0x0100b82c                _calloc_r
 .text          0x0100b8e0       0x70 c:/altera/12.0sp2/nios2eds/bin/gnu/h-i686-mingw32/bin/../lib/gcc/nios2-elf/4.1.2/../../../../nios2-elf/lib\libc.a(lib_a-closer.o)
                0x0100b8e0                _close_r
 .text          0x0100b950      0x124 c:/altera/12.0sp2/nios2eds/bin/gnu/h-i686-mingw32/bin/../lib/gcc/nios2-elf/4.1.2/../../../../nios2-elf/lib\libc.a(lib_a-fclose.o)
                0x0100b950                _fclose_r
                0x0100ba60                fclose
 .text          0x0100ba74       0x74 c:/altera/12.0sp2/nios2eds/bin/gnu/h-i686-mingw32/bin/../lib/gcc/nios2-elf/4.1.2/../../../../nios2-elf/lib\libc.a(lib_a-fstatr.o)
                0x0100ba74                _fstat_r
 .text          0x0100bae8       0x70 c:/altera/12.0sp2/nios2eds/bin/gnu/h-i686-mingw32/bin/../lib/gcc/nios2-elf/4.1.2/../../../../nios2-elf/lib\libc.a(lib_a-isattyr.o)
                0x0100bae8                _isatty_r
 .text          0x0100bb58       0x78 c:/altera/12.0sp2/nios2eds/bin/gnu/h-i686-mingw32/bin/../lib/gcc/nios2-elf/4.1.2/../../../../nios2-elf/lib\libc.a(lib_a-lseekr.o)
                0x0100bb58                _lseek_r
 .text          0x0100bbd0       0x78 c:/altera/12.0sp2/nios2eds/bin/gnu/h-i686-mingw32/bin/../lib/gcc/nios2-elf/4.1.2/../../../../nios2-elf/lib\libc.a(lib_a-readr.o)
                0x0100bbd0                _read_r
 .text          0x0100bc48      0x5dc c:/altera/12.0sp2/nios2eds/bin/gnu/h-i686-mingw32/bin/../lib/gcc/nios2-elf/4.1.2\libgcc.a(_udivdi3.o)
                0x0100bc48                __udivdi3
 .text          0x0100c224      0x5b0 c:/altera/12.0sp2/nios2eds/bin/gnu/h-i686-mingw32/bin/../lib/gcc/nios2-elf/4.1.2\libgcc.a(_umoddi3.o)
                0x0100c224                __umoddi3
 .text          0x0100c7d4      0x504 c:/altera/12.0sp2/nios2eds/bin/gnu/h-i686-mingw32/bin/../lib/gcc/nios2-elf/4.1.2\libgcc.a(_addsub_df.o)
                0x0100cbe4                __subdf3
                0x0100cc64                __adddf3
 .text          0x0100ccd8      0x3c4 c:/altera/12.0sp2/nios2eds/bin/gnu/h-i686-mingw32/bin/../lib/gcc/nios2-elf/4.1.2\libgcc.a(_mul_df.o)
                0x0100ccd8                __muldf3
 .text          0x0100d09c      0x258 c:/altera/12.0sp2/nios2eds/bin/gnu/h-i686-mingw32/bin/../lib/gcc/nios2-elf/4.1.2\libgcc.a(_div_df.o)
                0x0100d09c                __divdf3
 .text          0x0100d2f4       0x88 c:/altera/12.0sp2/nios2eds/bin/gnu/h-i686-mingw32/bin/../lib/gcc/nios2-elf/4.1.2\libgcc.a(_eq_df.o)
                0x0100d2f4                __eqdf2
 .text          0x0100d37c       0x88 c:/altera/12.0sp2/nios2eds/bin/gnu/h-i686-mingw32/bin/../lib/gcc/nios2-elf/4.1.2\libgcc.a(_ne_df.o)
                0x0100d37c                __nedf2
 .text          0x0100d404       0x88 c:/altera/12.0sp2/nios2eds/bin/gnu/h-i686-mingw32/bin/../lib/gcc/nios2-elf/4.1.2\libgcc.a(_gt_df.o)
                0x0100d404                __gtdf2
 .text          0x0100d48c       0x88 c:/altera/12.0sp2/nios2eds/bin/gnu/h-i686-mingw32/bin/../lib/gcc/nios2-elf/4.1.2\libgcc.a(_ge_df.o)
                0x0100d48c                __gedf2
 .text          0x0100d514       0x88 c:/altera/12.0sp2/nios2eds/bin/gnu/h-i686-mingw32/bin/../lib/gcc/nios2-elf/4.1.2\libgcc.a(_lt_df.o)
                0x0100d514                __ltdf2
 .text          0x0100d59c       0xf8 c:/altera/12.0sp2/nios2eds/bin/gnu/h-i686-mingw32/bin/../lib/gcc/nios2-elf/4.1.2\libgcc.a(_si_to_df.o)
                0x0100d59c                __floatsidf
 .text          0x0100d694       0xd8 c:/altera/12.0sp2/nios2eds/bin/gnu/h-i686-mingw32/bin/../lib/gcc/nios2-elf/4.1.2\libgcc.a(_df_to_si.o)
                0x0100d694                __fixdfsi
 .text          0x0100d76c        0x0 c:/altera/12.0sp2/nios2eds/bin/gnu/h-i686-mingw32/bin/../lib/gcc/nios2-elf/4.1.2\libgcc.a(_thenan_df.o)
 .text          0x0100d76c      0x194 c:/altera/12.0sp2/nios2eds/bin/gnu/h-i686-mingw32/bin/../lib/gcc/nios2-elf/4.1.2\libgcc.a(_usi_to_df.o)
                0x0100d76c                __floatunsidf
 .text          0x0100d900      0x14c c:/altera/12.0sp2/nios2eds/bin/gnu/h-i686-mingw32/bin/../lib/gcc/nios2-elf/4.1.2\libgcc.a(lib2-divmod.o)
                0x0100d97c                __divsi3
                0x0100d9dc                __modsi3
                0x0100da3c                __udivsi3
                0x0100da44                __umodsi3
 .text          0x0100da4c       0x98 c:/altera/12.0sp2/nios2eds/bin/gnu/h-i686-mingw32/bin/../lib/gcc/nios2-elf/4.1.2\libgcc.a(_muldi3.o)
                0x0100da4c                __muldi3
 .text          0x0100dae4        0x0 c:/altera/12.0sp2/nios2eds/bin/gnu/h-i686-mingw32/bin/../lib/gcc/nios2-elf/4.1.2\libgcc.a(_clz.o)
 .text          0x0100dae4       0x80 c:/altera/12.0sp2/nios2eds/bin/gnu/h-i686-mingw32/bin/../lib/gcc/nios2-elf/4.1.2\libgcc.a(_clzsi2.o)
                0x0100dae4                __clzsi2
 .text          0x0100db64      0x314 c:/altera/12.0sp2/nios2eds/bin/gnu/h-i686-mingw32/bin/../lib/gcc/nios2-elf/4.1.2\libgcc.a(_pack_df.o)
                0x0100db64                __pack_d
 .text          0x0100de78      0x138 c:/altera/12.0sp2/nios2eds/bin/gnu/h-i686-mingw32/bin/../lib/gcc/nios2-elf/4.1.2\libgcc.a(_unpack_df.o)
                0x0100de78                __unpack_d
 .text          0x0100dfb0       0xc8 c:/altera/12.0sp2/nios2eds/bin/gnu/h-i686-mingw32/bin/../lib/gcc/nios2-elf/4.1.2\libgcc.a(_fpcmp_parts_df.o)
                0x0100dfb0                __fpcmp_parts_d
 .text          0x0100e078      0x15c ../owens_bsp/\libhal_bsp.a(alt_close.o)
                0x0100e078                close
 .text          0x0100e1d4       0x2c ../owens_bsp/\libhal_bsp.a(alt_dev.o)
 .text          0x0100e200        0x0 ../owens_bsp/\libhal_bsp.a(alt_errno.o)
 .text          0x0100e200      0x134 ../owens_bsp/\libhal_bsp.a(alt_fstat.o)
                0x0100e200                fstat
 .text          0x0100e334      0x1c0 ../owens_bsp/\libhal_bsp.a(alt_irq_register.o)
                0x0100e334                alt_irq_register
 .text          0x0100e4f4        0x0 ../owens_bsp/\libhal_bsp.a(alt_irq_vars.o)
 .text          0x0100e4f4      0x120 ../owens_bsp/\libhal_bsp.a(alt_isatty.o)
                0x0100e4f4                isatty
 .text          0x0100e614       0xec ../owens_bsp/\libhal_bsp.a(alt_load.o)
                0x0100e614                alt_load
 .text          0x0100e700      0x150 ../owens_bsp/\libhal_bsp.a(alt_lseek.o)
                0x0100e700                lseek
 .text          0x0100e850       0x6c ../owens_bsp/\libhal_bsp.a(alt_main.o)
                0x0100e850                alt_main
 .text          0x0100e8bc       0x40 ../owens_bsp/\libhal_bsp.a(alt_malloc_lock.o)
                0x0100e8bc                __malloc_lock
                0x0100e8dc                __malloc_unlock
 .text          0x0100e8fc      0x180 ../owens_bsp/\libhal_bsp.a(alt_read.o)
                0x0100e8fc                read
 .text          0x0100ea7c       0x60 ../owens_bsp/\libhal_bsp.a(alt_release_fd.o)
                0x0100ea7c                alt_release_fd
 .text          0x0100eadc       0xbc ../owens_bsp/\libhal_bsp.a(alt_sbrk.o)
                0x0100eadc                sbrk
 .text          0x0100eb98      0x180 ../owens_bsp/\libhal_bsp.a(alt_write.o)
                0x0100eb98                write
 .text          0x0100ed18      0x3e4 ../owens_bsp/\libhal_bsp.a(alt_sys_init.o)
                0x0100ed18                alt_irq_init
                0x0100ed4c                alt_sys_init
 .text          0x0100f0fc      0x148 ../owens_bsp/\libhal_bsp.a(altera_avalon_jtag_uart_fd.o)
                0x0100f0fc                altera_avalon_jtag_uart_read_fd
                0x0100f154                altera_avalon_jtag_uart_write_fd
                0x0100f1ac                altera_avalon_jtag_uart_close_fd
                0x0100f1f4                altera_avalon_jtag_uart_ioctl_fd
 .text          0x0100f244      0x408 ../owens_bsp/\libhal_bsp.a(altera_avalon_jtag_uart_init.o)
                0x0100f244                altera_avalon_jtag_uart_init
                0x0100f5d8                altera_avalon_jtag_uart_close
 .text          0x0100f64c       0xf4 ../owens_bsp/\libhal_bsp.a(altera_avalon_jtag_uart_ioctl.o)
                0x0100f64c                altera_avalon_jtag_uart_ioctl
 .text          0x0100f740      0x224 ../owens_bsp/\libhal_bsp.a(altera_avalon_jtag_uart_read.o)
                0x0100f740                altera_avalon_jtag_uart_read
 .text          0x0100f964      0x240 ../owens_bsp/\libhal_bsp.a(altera_avalon_jtag_uart_write.o)
                0x0100f964                altera_avalon_jtag_uart_write
 .text          0x0100fba4       0xfc ../owens_bsp/\libhal_bsp.a(altera_avalon_timer_sc.o)
                0x0100fc18                alt_avalon_timer_sc_init
 .text          0x0100fca0      0x788 ../owens_bsp/\libhal_bsp.a(altera_up_avalon_audio_and_video_config.o)
                0x0100fca0                alt_up_av_config_open_dev
                0x0100fd04                alt_up_av_config_write_data
                0x0100fd68                alt_up_av_config_read_data
                0x0100fdf4                alt_up_av_config_reset
                0x0100fe2c                alt_up_av_config_enable_interrupt
                0x0100fe64                alt_up_av_config_disable_interrupt
                0x0100fe94                alt_up_av_config_read_acknowledge
                0x0100fefc                alt_up_av_config_read_ready
                0x0100ff34                alt_up_av_config_write_audio_cfg_register
                0x0100ffe0                alt_up_av_config_read_video_cfg_register
                0x010100d8                alt_up_av_config_write_video_cfg_register
                0x010101d0                alt_up_av_config_read_DC2_cfg_register
                0x01010234                alt_up_av_config_write_DC2_cfg_register
                0x01010298                alt_up_av_config_read_D5M_cfg_register
                0x010102fc                alt_up_av_config_write_D5M_cfg_register
                0x01010360                alt_up_av_config_read_LTM_cfg_register
                0x010103c4                alt_up_av_config_write_LTM_cfg_register
 .text          0x01010428      0x530 ../owens_bsp/\libhal_bsp.a(altera_up_avalon_character_lcd.o)
                0x01010428                get_DDRAM_addr
                0x010104a4                alt_up_character_lcd_send_cmd
                0x010104d8                alt_up_character_lcd_init
                0x0101050c                alt_up_character_lcd_open_dev
                0x0101054c                alt_up_character_lcd_write
                0x010105c4                alt_up_character_lcd_string
                0x0101063c                alt_up_character_lcd_write_fd
                0x01010688                alt_up_character_lcd_set_cursor_pos
                0x01010700                alt_up_character_lcd_shift_cursor
                0x010107b0                alt_up_character_lcd_shift_display
                0x01010860                alt_up_character_lcd_erase_pos
                0x010108f0                alt_up_character_lcd_cursor_off
                0x01010924                alt_up_character_lcd_cursor_blink_on
 .text          0x01010958      0x700 ../owens_bsp/\libhal_bsp.a(altera_up_avalon_ps2.o)
                0x01010958                read_RI_bit
                0x0101098c                read_RE_bit
                0x010109bc                read_CE_bit
                0x010109f0                read_num_bytes_available
                0x01010a24                read_data_valid
                0x01010a58                read_data_byte
                0x01010a84                alt_up_ps2_init
                0x01010b50                alt_up_ps2_enable_read_interrupt
                0x01010ba4                alt_up_ps2_disable_read_interrupt
                0x01010bfc                alt_up_ps2_write_data_byte
                0x01010c74                alt_up_ps2_wait_for_ack
                0x01010ce4                alt_up_ps2_write_data_byte_with_ack
                0x01010d50                alt_up_ps2_read_data_byte_timeout
                0x01010e00                alt_up_ps2_read_data_byte
                0x01010e7c                alt_up_ps2_clear_fifo
                0x01010ed4                alt_up_ps2_read_fd
                0x01010f70                alt_up_ps2_write_fd
                0x01011018                alt_up_ps2_open_dev
 .text          0x01011058      0x398 ../owens_bsp/\libhal_bsp.a(altera_up_avalon_rs232.o)
                0x01011058                alt_up_rs232_enable_read_interrupt
                0x010110ac                alt_up_rs232_disable_read_interrupt
                0x01011104                alt_up_rs232_get_used_space_in_read_FIFO
                0x01011140                alt_up_rs232_get_available_space_in_write_FIFO
                0x01011180                alt_up_rs232_check_parity
                0x010111d0                alt_up_rs232_write_data
                0x01011218                alt_up_rs232_read_data
                0x0101128c                alt_up_rs232_read_fd
                0x0101131c                alt_up_rs232_write_fd
                0x010113b0                alt_up_rs232_open_dev
 .text          0x010113f0      0x304 ../owens_bsp/\libhal_bsp.a(altera_up_avalon_video_character_buffer_with_dma.o)
                0x010113f0                alt_up_char_buffer_init
                0x01011474                alt_up_char_buffer_open_dev
                0x010114b4                alt_up_char_buffer_draw
                0x01011584                alt_up_char_buffer_string
                0x01011698                alt_up_char_buffer_clear
 .text          0x010116f4     0x156c ../owens_bsp/\libhal_bsp.a(altera_up_avalon_video_pixel_buffer_dma.o)
                0x010116f4                alt_up_pixel_buffer_dma_open_dev
                0x01011734                alt_up_pixel_buffer_dma_draw
                0x010118d4                alt_up_pixel_buffer_dma_change_back_buffer_address
                0x0101192c                alt_up_pixel_buffer_dma_swap_buffers
                0x01011984                alt_up_pixel_buffer_dma_check_swap_buffers_status
                0x010119b8                alt_up_pixel_buffer_dma_clear_screen
                0x01011b1c                alt_up_pixel_buffer_dma_draw_box
                0x01012010                alt_up_pixel_buffer_dma_draw_hline
                0x01012360                alt_up_pixel_buffer_dma_draw_vline
                0x01012730                alt_up_pixel_buffer_dma_draw_rectangle
                0x010127f4                helper_plot_pixel
                0x010128c4                alt_up_pixel_buffer_dma_draw_line
 .text          0x01012c60     0x45b4 ../owens_bsp/\libhal_bsp.a(altera_up_sd_card_avalon_interface.o)
                0x01012c60                Write_Sector_Data
                0x01012d28                Save_Modified_Sector
                0x01012d78                Read_Sector_Data
                0x01012e74                get_cluster_flag
                0x01012f2c                mark_cluster
                0x01013010                Check_for_Master_Boot_Record
                0x010131c0                Read_File_Record_At_Offset
                0x01013444                Write_File_Record_At_Offset
                0x010136fc                Check_for_DOS_FAT
                0x01013d3c                Look_for_FAT16
                0x01013e40                filename_to_upper_case
                0x01013f10                check_file_name_for_FAT16_compliance
                0x010141a0                get_dir_divider_location
                0x01014260                match_file_record_to_name_ext
                0x0101454c                get_home_directory_cluster_for_file
                0x01014a60                find_file_in_directory
                0x01014ec4                find_first_empty_cluster
                0x01015068                find_first_empty_record_in_a_subdirectory
                0x010152b4                find_first_empty_record_in_root_directory
                0x010153e0                convert_filename_to_name_extension
                0x01015598                create_file
                0x0101586c                copy_file_record_name_to_string
                0x010159c0                alt_up_sd_card_open_dev
                0x01015a84                alt_up_sd_card_is_Present
                0x01015b4c                alt_up_sd_card_is_FAT16
                0x01015bc0                alt_up_sd_card_find_first
                0x01015c94                alt_up_sd_card_find_next
                0x01016044                alt_up_sd_card_fopen
                0x010163ec                alt_up_sd_card_set_attributes
                0x0101647c                alt_up_sd_card_get_attributes
                0x01016508                alt_up_sd_card_read
                0x0101689c                alt_up_sd_card_write
                0x01016ebc                alt_up_sd_card_fclose
                0x01017088                Read_Sector_Data_CRC
                0x01017184                Read_Sector_Data_Attempt_CRC
 .text          0x01017214      0x154 ../owens_bsp/\libhal_bsp.a(alt_alarm_start.o)
                0x01017214                alt_alarm_start
 .text          0x01017368       0x44 ../owens_bsp/\libhal_bsp.a(alt_dcache_flush_all.o)
                0x01017368                alt_dcache_flush_all
 .text          0x010173ac      0x114 ../owens_bsp/\libhal_bsp.a(alt_dev_llist_insert.o)
                0x010173ac                alt_dev_llist_insert
 .text          0x010174c0       0x64 ../owens_bsp/\libhal_bsp.a(alt_do_ctors.o)
                0x010174c0                _do_ctors
 .text          0x01017524       0x64 ../owens_bsp/\libhal_bsp.a(alt_do_dtors.o)
                0x01017524                _do_dtors
 .text          0x01017588       0x94 ../owens_bsp/\libhal_bsp.a(alt_find_dev.o)
                0x01017588                alt_find_dev
 .text          0x0101761c       0x30 ../owens_bsp/\libhal_bsp.a(alt_icache_flush_all.o)
                0x0101761c                alt_icache_flush_all
 .text          0x0101764c      0x13c ../owens_bsp/\libhal_bsp.a(alt_io_redirect.o)
                0x01017710                alt_io_redirect
 .text          0x01017788        0x0 ../owens_bsp/\libhal_bsp.a(alt_irq_entry.o)
 .text          0x01017788        0x0 ../owens_bsp/\libhal_bsp.a(alt_irq_handler.o)
 .text          0x01017788      0x2c4 ../owens_bsp/\libhal_bsp.a(alt_open.o)
                0x01017864                open
 .text          0x01017a4c      0x1a4 ../owens_bsp/\libhal_bsp.a(alt_tick.o)
                0x01017a4c                alt_alarm_stop
                0x01017ae4                alt_tick
 .text          0x01017bf0       0x20 ../owens_bsp/\libhal_bsp.a(altera_nios2_qsys_irq.o)
                0x01017bf0                altera_nios2_qsys_irq_init
 .text          0x01017c10        0x0 ../owens_bsp/\libhal_bsp.a(alt_exception_entry.o)
 .text          0x01017c10      0x120 ../owens_bsp/\libhal_bsp.a(alt_find_file.o)
                0x01017c10                alt_find_file
 .text          0x01017d30       0xb8 ../owens_bsp/\libhal_bsp.a(alt_get_fd.o)
                0x01017d30                alt_get_fd
 .text          0x01017de8       0x90 ../owens_bsp/\libhal_bsp.a(alt_icache_flush.o)
                0x01017de8                alt_icache_flush
 .text          0x01017e78       0x14 c:/altera/12.0sp2/nios2eds/bin/gnu/h-i686-mingw32/bin/../lib/gcc/nios2-elf/4.1.2/../../../../nios2-elf/lib\libc.a(lib_a-atexit.o)
                0x01017e78                atexit
 .text          0x01017e8c       0x38 c:/altera/12.0sp2/nios2eds/bin/gnu/h-i686-mingw32/bin/../lib/gcc/nios2-elf/4.1.2/../../../../nios2-elf/lib\libc.a(lib_a-exit.o)
                0x01017e8c                exit
 .text          0x01017ec4       0x74 c:/altera/12.0sp2/nios2eds/bin/gnu/h-i686-mingw32/bin/../lib/gcc/nios2-elf/4.1.2/../../../../nios2-elf/lib\libc.a(lib_a-memcmp.o)
                0x01017ec4                memcmp
 .text          0x01017f38      0x134 c:/altera/12.0sp2/nios2eds/bin/gnu/h-i686-mingw32/bin/../lib/gcc/nios2-elf/4.1.2/../../../../nios2-elf/lib\libc.a(lib_a-__atexit.o)
                0x01017f38                __register_exitproc
 .text          0x0101806c      0x1b4 c:/altera/12.0sp2/nios2eds/bin/gnu/h-i686-mingw32/bin/../lib/gcc/nios2-elf/4.1.2/../../../../nios2-elf/lib\libc.a(lib_a-__call_atexit.o)
                0x01018070                __call_exitprocs
 .text          0x01018220       0x60 ../owens_bsp/\libhal_bsp.a(alt_exit.o)
                0x01018260                _exit
 *(.gnu.warning.*)
 *(.fini)
                0x01018280                PROVIDE (__etext, ABSOLUTE (.))
                0x01018280                PROVIDE (_etext, ABSOLUTE (.))
                0x01018280                PROVIDE (etext, ABSOLUTE (.))
 *(.eh_frame_hdr)
                0x01018280                . = ALIGN (0x4)
                0x01018280                PROVIDE (__preinit_array_start, ABSOLUTE (.))
 *(.preinit_array)
                0x01018280                PROVIDE (__preinit_array_end, ABSOLUTE (.))
                0x01018280                PROVIDE (__init_array_start, ABSOLUTE (.))
 *(.init_array)
                0x01018280                PROVIDE (__init_array_end, ABSOLUTE (.))
                0x01018280                PROVIDE (__fini_array_start, ABSOLUTE (.))
 *(.fini_array)
                0x01018280                PROVIDE (__fini_array_end, ABSOLUTE (.))
 *(.eh_frame)
 .eh_frame      0x01018280       0x40 c:/altera/12.0sp2/nios2eds/bin/gnu/h-i686-mingw32/bin/../lib/gcc/nios2-elf/4.1.2\libgcc.a(_udivdi3.o)
 .eh_frame      0x010182c0       0x2c c:/altera/12.0sp2/nios2eds/bin/gnu/h-i686-mingw32/bin/../lib/gcc/nios2-elf/4.1.2\libgcc.a(_umoddi3.o)
                                 0x40 (size before relaxing)
 *(.gcc_except_table)
 *(.dynamic)
                0x010182ec                PROVIDE (__CTOR_LIST__, ABSOLUTE (.))
 *(.ctors)
 *(SORT(.ctors.*))
 .ctors.65535   0x010182ec        0x4 c:/altera/12.0sp2/nios2eds/bin/gnu/h-i686-mingw32/bin/../lib/gcc/nios2-elf/4.1.2/../../../../nios2-elf/lib\libc.a(lib_a-__call_atexit.o)
                0x010182f0                PROVIDE (__CTOR_END__, ABSOLUTE (.))
                0x010182f0                PROVIDE (__DTOR_LIST__, ABSOLUTE (.))
 *(.dtors)
 *(SORT(.dtors.*))
                0x010182f0                PROVIDE (__DTOR_END__, ABSOLUTE (.))
 *(.jcr)
                0x010182f0                . = ALIGN (0x4)

.rodata         0x010182f0      0x894
                0x010182f0                PROVIDE (__ram_rodata_start, ABSOLUTE (.))
                0x010182f0                . = ALIGN (0x4)
 *(.rodata .rodata.* .gnu.linkonce.r.*)
 .rodata        0x010182f0       0x18 obj/default/bomb.o
 .rodata        0x01018308       0x84 obj/default/rs232com.o
 .rodata        0x0101838c       0x88 obj/default/sd_audio.o
 .rodata        0x01018414       0xe0 obj/default/tightRopeGame.o
 .rodata.str1.4
                0x010184f4        0x2 c:/altera/12.0sp2/nios2eds/bin/gnu/h-i686-mingw32/bin/../lib/gcc/nios2-elf/4.1.2/../../../../nios2-elf/lib\libc.a(lib_a-puts.o)
                                  0x4 (size before relaxing)
 *fill*         0x010184f6        0x2 00
 .rodata.str1.4
                0x010184f8       0x5e c:/altera/12.0sp2/nios2eds/bin/gnu/h-i686-mingw32/bin/../lib/gcc/nios2-elf/4.1.2/../../../../nios2-elf/lib\libc.a(lib_a-vfprintf.o)
                                 0x60 (size before relaxing)
 .rodata        0x01018556       0x20 c:/altera/12.0sp2/nios2eds/bin/gnu/h-i686-mingw32/bin/../lib/gcc/nios2-elf/4.1.2/../../../../nios2-elf/lib\libc.a(lib_a-vfprintf.o)
 .rodata        0x01018576      0x281 c:/altera/12.0sp2/nios2eds/bin/gnu/h-i686-mingw32/bin/../lib/gcc/nios2-elf/4.1.2/../../../../nios2-elf/lib\libc.a(lib_a-ctype_.o)
                0x01018576                _ctype_
 *fill*         0x010187f7        0x1 00
 .rodata.str1.4
                0x010187f8       0x10 c:/altera/12.0sp2/nios2eds/bin/gnu/h-i686-mingw32/bin/../lib/gcc/nios2-elf/4.1.2/../../../../nios2-elf/lib\libc.a(lib_a-dtoa.o)
                                 0x14 (size before relaxing)
 .rodata.str1.4
                0x01018808        0x2 c:/altera/12.0sp2/nios2eds/bin/gnu/h-i686-mingw32/bin/../lib/gcc/nios2-elf/4.1.2/../../../../nios2-elf/lib\libc.a(lib_a-impure.o)
                                  0x4 (size before relaxing)
 *fill*         0x0101880a        0x2 00
 .rodata.str1.4
                0x0101880c       0x10 c:/altera/12.0sp2/nios2eds/bin/gnu/h-i686-mingw32/bin/../lib/gcc/nios2-elf/4.1.2/../../../../nios2-elf/lib\libc.a(lib_a-locale.o)
                                 0x18 (size before relaxing)
 .rodata        0x0101881c       0x30 c:/altera/12.0sp2/nios2eds/bin/gnu/h-i686-mingw32/bin/../lib/gcc/nios2-elf/4.1.2/../../../../nios2-elf/lib\libc.a(lib_a-locale.o)
 .rodata        0x0101884c      0x124 c:/altera/12.0sp2/nios2eds/bin/gnu/h-i686-mingw32/bin/../lib/gcc/nios2-elf/4.1.2/../../../../nios2-elf/lib\libc.a(lib_a-mprec.o)
                0x0101884c                __mprec_tens
                0x01018914                __mprec_bigtens
                0x0101893c                __mprec_tinytens
 .rodata        0x01018970       0x14 c:/altera/12.0sp2/nios2eds/bin/gnu/h-i686-mingw32/bin/../lib/gcc/nios2-elf/4.1.2\libgcc.a(_thenan_df.o)
                0x01018970                __thenan_df
 .rodata        0x01018984      0x100 c:/altera/12.0sp2/nios2eds/bin/gnu/h-i686-mingw32/bin/../lib/gcc/nios2-elf/4.1.2\libgcc.a(_clz.o)
                0x01018984                __clz_tab
 .rodata        0x01018a84        0xc ../owens_bsp/\libhal_bsp.a(alt_dev.o)
 .rodata        0x01018a90       0x10 ../owens_bsp/\libhal_bsp.a(alt_main.o)
 .rodata        0x01018aa0       0xc8 ../owens_bsp/\libhal_bsp.a(alt_sys_init.o)
 .rodata        0x01018b68       0x1c ../owens_bsp/\libhal_bsp.a(altera_up_avalon_video_character_buffer_with_dma.o)
 *(.rodata1)
                0x01018b84                . = ALIGN (0x4)
                0x01018b84                PROVIDE (__ram_rodata_end, ABSOLUTE (.))
                0x010182f0                PROVIDE (__flash_rodata_start, LOADADDR (.rodata))

.rwdata         0x01018b84     0x1c58 load address 0x0101a7dc
                0x01018b84                PROVIDE (__ram_rwdata_start, ABSOLUTE (.))
                0x01018b84                . = ALIGN (0x4)
 *(.got.plt)
 *(.got)
 *(.data1)
 *(.data .data.* .gnu.linkonce.d.*)
 .data          0x01018b84        0x0 ../owens_bsp//obj/HAL/src/crt0.o
 .data          0x01018b84        0x0 obj/default/bomb.o
 .data          0x01018b84        0x0 obj/default/draw.o
 .data          0x01018b84        0x0 obj/default/rs232com.o
 .data          0x01018b84        0x0 obj/default/sd_audio.o
 .data          0x01018b84        0x0 obj/default/tightRopeGame.o
 .data          0x01018b84        0x0 c:/altera/12.0sp2/nios2eds/bin/gnu/h-i686-mingw32/bin/../lib/gcc/nios2-elf/4.1.2/../../../../nios2-elf/lib\libc.a(lib_a-atoi.o)
 .data          0x01018b84        0x0 c:/altera/12.0sp2/nios2eds/bin/gnu/h-i686-mingw32/bin/../lib/gcc/nios2-elf/4.1.2/../../../../nios2-elf/lib\libc.a(lib_a-malloc.o)
 .data          0x01018b84      0x408 c:/altera/12.0sp2/nios2eds/bin/gnu/h-i686-mingw32/bin/../lib/gcc/nios2-elf/4.1.2/../../../../nios2-elf/lib\libc.a(lib_a-mallocr.o)
                0x01018b84                __malloc_av_
 .data          0x01018f8c        0x0 c:/altera/12.0sp2/nios2eds/bin/gnu/h-i686-mingw32/bin/../lib/gcc/nios2-elf/4.1.2/../../../../nios2-elf/lib\libc.a(lib_a-printf.o)
 .data          0x01018f8c        0x0 c:/altera/12.0sp2/nios2eds/bin/gnu/h-i686-mingw32/bin/../lib/gcc/nios2-elf/4.1.2/../../../../nios2-elf/lib\libc.a(lib_a-putchar.o)
 .data          0x01018f8c        0x0 c:/altera/12.0sp2/nios2eds/bin/gnu/h-i686-mingw32/bin/../lib/gcc/nios2-elf/4.1.2/../../../../nios2-elf/lib\libc.a(lib_a-puts.o)
 .data          0x01018f8c        0x0 c:/altera/12.0sp2/nios2eds/bin/gnu/h-i686-mingw32/bin/../lib/gcc/nios2-elf/4.1.2/../../../../nios2-elf/lib\libc.a(lib_a-sbrkr.o)
 .data          0x01018f8c        0x0 c:/altera/12.0sp2/nios2eds/bin/gnu/h-i686-mingw32/bin/../lib/gcc/nios2-elf/4.1.2/../../../../nios2-elf/lib\libc.a(lib_a-sprintf.o)
 .data          0x01018f8c        0x0 c:/altera/12.0sp2/nios2eds/bin/gnu/h-i686-mingw32/bin/../lib/gcc/nios2-elf/4.1.2/../../../../nios2-elf/lib\libc.a(lib_a-strlen.o)
 .data          0x01018f8c        0x0 c:/altera/12.0sp2/nios2eds/bin/gnu/h-i686-mingw32/bin/../lib/gcc/nios2-elf/4.1.2/../../../../nios2-elf/lib\libc.a(lib_a-strtol.o)
 .data          0x01018f8c        0x0 c:/altera/12.0sp2/nios2eds/bin/gnu/h-i686-mingw32/bin/../lib/gcc/nios2-elf/4.1.2/../../../../nios2-elf/lib\libc.a(lib_a-vfprintf.o)
 .data          0x01018f8c        0x0 c:/altera/12.0sp2/nios2eds/bin/gnu/h-i686-mingw32/bin/../lib/gcc/nios2-elf/4.1.2/../../../../nios2-elf/lib\libc.a(lib_a-wsetup.o)
 .data          0x01018f8c        0x0 c:/altera/12.0sp2/nios2eds/bin/gnu/h-i686-mingw32/bin/../lib/gcc/nios2-elf/4.1.2/../../../../nios2-elf/lib\libc.a(lib_a-ctype_.o)
 .data          0x01018f8c        0x0 c:/altera/12.0sp2/nios2eds/bin/gnu/h-i686-mingw32/bin/../lib/gcc/nios2-elf/4.1.2/../../../../nios2-elf/lib\libc.a(lib_a-dtoa.o)
 .data          0x01018f8c        0x0 c:/altera/12.0sp2/nios2eds/bin/gnu/h-i686-mingw32/bin/../lib/gcc/nios2-elf/4.1.2/../../../../nios2-elf/lib\libc.a(lib_a-fflush.o)
 .data          0x01018f8c        0x0 c:/altera/12.0sp2/nios2eds/bin/gnu/h-i686-mingw32/bin/../lib/gcc/nios2-elf/4.1.2/../../../../nios2-elf/lib\libc.a(lib_a-findfp.o)
 .data          0x01018f8c        0x0 c:/altera/12.0sp2/nios2eds/bin/gnu/h-i686-mingw32/bin/../lib/gcc/nios2-elf/4.1.2/../../../../nios2-elf/lib\libc.a(lib_a-freer.o)
 .data          0x01018f8c        0x0 c:/altera/12.0sp2/nios2eds/bin/gnu/h-i686-mingw32/bin/../lib/gcc/nios2-elf/4.1.2/../../../../nios2-elf/lib\libc.a(lib_a-fvwrite.o)
 .data          0x01018f8c        0x0 c:/altera/12.0sp2/nios2eds/bin/gnu/h-i686-mingw32/bin/../lib/gcc/nios2-elf/4.1.2/../../../../nios2-elf/lib\libc.a(lib_a-fwalk.o)
 .data          0x01018f8c      0x400 c:/altera/12.0sp2/nios2eds/bin/gnu/h-i686-mingw32/bin/../lib/gcc/nios2-elf/4.1.2/../../../../nios2-elf/lib\libc.a(lib_a-impure.o)
 .data          0x0101938c        0x0 c:/altera/12.0sp2/nios2eds/bin/gnu/h-i686-mingw32/bin/../lib/gcc/nios2-elf/4.1.2/../../../../nios2-elf/lib\libc.a(lib_a-int_errno.o)
 .data          0x0101938c        0xc c:/altera/12.0sp2/nios2eds/bin/gnu/h-i686-mingw32/bin/../lib/gcc/nios2-elf/4.1.2/../../../../nios2-elf/lib\libc.a(lib_a-locale.o)
                0x0101938c                __lc_ctype
 .data          0x01019398        0x0 c:/altera/12.0sp2/nios2eds/bin/gnu/h-i686-mingw32/bin/../lib/gcc/nios2-elf/4.1.2/../../../../nios2-elf/lib\libc.a(lib_a-makebuf.o)
 .data          0x01019398        0x0 c:/altera/12.0sp2/nios2eds/bin/gnu/h-i686-mingw32/bin/../lib/gcc/nios2-elf/4.1.2/../../../../nios2-elf/lib\libc.a(lib_a-memchr.o)
 .data          0x01019398        0x0 c:/altera/12.0sp2/nios2eds/bin/gnu/h-i686-mingw32/bin/../lib/gcc/nios2-elf/4.1.2/../../../../nios2-elf/lib\libc.a(lib_a-memcpy.o)
 .data          0x01019398        0x0 c:/altera/12.0sp2/nios2eds/bin/gnu/h-i686-mingw32/bin/../lib/gcc/nios2-elf/4.1.2/../../../../nios2-elf/lib\libc.a(lib_a-memmove.o)
 .data          0x01019398        0x0 c:/altera/12.0sp2/nios2eds/bin/gnu/h-i686-mingw32/bin/../lib/gcc/nios2-elf/4.1.2/../../../../nios2-elf/lib\libc.a(lib_a-memset.o)
 .data          0x01019398        0x0 c:/altera/12.0sp2/nios2eds/bin/gnu/h-i686-mingw32/bin/../lib/gcc/nios2-elf/4.1.2/../../../../nios2-elf/lib\libc.a(lib_a-mprec.o)
 .data          0x01019398        0x0 c:/altera/12.0sp2/nios2eds/bin/gnu/h-i686-mingw32/bin/../lib/gcc/nios2-elf/4.1.2/../../../../nios2-elf/lib\libc.a(lib_a-putc.o)
 .data          0x01019398        0x0 c:/altera/12.0sp2/nios2eds/bin/gnu/h-i686-mingw32/bin/../lib/gcc/nios2-elf/4.1.2/../../../../nios2-elf/lib\libc.a(lib_a-reallocr.o)
 .data          0x01019398        0x0 c:/altera/12.0sp2/nios2eds/bin/gnu/h-i686-mingw32/bin/../lib/gcc/nios2-elf/4.1.2/../../../../nios2-elf/lib\libc.a(lib_a-s_isinfd.o)
 .data          0x01019398        0x0 c:/altera/12.0sp2/nios2eds/bin/gnu/h-i686-mingw32/bin/../lib/gcc/nios2-elf/4.1.2/../../../../nios2-elf/lib\libc.a(lib_a-s_isnand.o)
 .data          0x01019398        0x0 c:/altera/12.0sp2/nios2eds/bin/gnu/h-i686-mingw32/bin/../lib/gcc/nios2-elf/4.1.2/../../../../nios2-elf/lib\libc.a(lib_a-stdio.o)
 .data          0x01019398        0x0 c:/altera/12.0sp2/nios2eds/bin/gnu/h-i686-mingw32/bin/../lib/gcc/nios2-elf/4.1.2/../../../../nios2-elf/lib\libc.a(lib_a-strcmp.o)
 .data          0x01019398        0x0 c:/altera/12.0sp2/nios2eds/bin/gnu/h-i686-mingw32/bin/../lib/gcc/nios2-elf/4.1.2/../../../../nios2-elf/lib\libc.a(lib_a-wbuf.o)
 .data          0x01019398        0x0 c:/altera/12.0sp2/nios2eds/bin/gnu/h-i686-mingw32/bin/../lib/gcc/nios2-elf/4.1.2/../../../../nios2-elf/lib\libc.a(lib_a-writer.o)
 .data          0x01019398        0x0 c:/altera/12.0sp2/nios2eds/bin/gnu/h-i686-mingw32/bin/../lib/gcc/nios2-elf/4.1.2/../../../../nios2-elf/lib\libc.a(lib_a-callocr.o)
 .data          0x01019398        0x0 c:/altera/12.0sp2/nios2eds/bin/gnu/h-i686-mingw32/bin/../lib/gcc/nios2-elf/4.1.2/../../../../nios2-elf/lib\libc.a(lib_a-closer.o)
 .data          0x01019398        0x0 c:/altera/12.0sp2/nios2eds/bin/gnu/h-i686-mingw32/bin/../lib/gcc/nios2-elf/4.1.2/../../../../nios2-elf/lib\libc.a(lib_a-fclose.o)
 .data          0x01019398        0x0 c:/altera/12.0sp2/nios2eds/bin/gnu/h-i686-mingw32/bin/../lib/gcc/nios2-elf/4.1.2/../../../../nios2-elf/lib\libc.a(lib_a-fstatr.o)
 .data          0x01019398        0x0 c:/altera/12.0sp2/nios2eds/bin/gnu/h-i686-mingw32/bin/../lib/gcc/nios2-elf/4.1.2/../../../../nios2-elf/lib\libc.a(lib_a-isattyr.o)
 .data          0x01019398        0x0 c:/altera/12.0sp2/nios2eds/bin/gnu/h-i686-mingw32/bin/../lib/gcc/nios2-elf/4.1.2/../../../../nios2-elf/lib\libc.a(lib_a-lseekr.o)
 .data          0x01019398        0x0 c:/altera/12.0sp2/nios2eds/bin/gnu/h-i686-mingw32/bin/../lib/gcc/nios2-elf/4.1.2/../../../../nios2-elf/lib\libc.a(lib_a-readr.o)
 .data          0x01019398        0x0 c:/altera/12.0sp2/nios2eds/bin/gnu/h-i686-mingw32/bin/../lib/gcc/nios2-elf/4.1.2\libgcc.a(_udivdi3.o)
 .data          0x01019398        0x0 c:/altera/12.0sp2/nios2eds/bin/gnu/h-i686-mingw32/bin/../lib/gcc/nios2-elf/4.1.2\libgcc.a(_umoddi3.o)
 .data          0x01019398        0x0 c:/altera/12.0sp2/nios2eds/bin/gnu/h-i686-mingw32/bin/../lib/gcc/nios2-elf/4.1.2\libgcc.a(_addsub_df.o)
 .data          0x01019398        0x0 c:/altera/12.0sp2/nios2eds/bin/gnu/h-i686-mingw32/bin/../lib/gcc/nios2-elf/4.1.2\libgcc.a(_mul_df.o)
 .data          0x01019398        0x0 c:/altera/12.0sp2/nios2eds/bin/gnu/h-i686-mingw32/bin/../lib/gcc/nios2-elf/4.1.2\libgcc.a(_div_df.o)
 .data          0x01019398        0x0 c:/altera/12.0sp2/nios2eds/bin/gnu/h-i686-mingw32/bin/../lib/gcc/nios2-elf/4.1.2\libgcc.a(_eq_df.o)
 .data          0x01019398        0x0 c:/altera/12.0sp2/nios2eds/bin/gnu/h-i686-mingw32/bin/../lib/gcc/nios2-elf/4.1.2\libgcc.a(_ne_df.o)
 .data          0x01019398        0x0 c:/altera/12.0sp2/nios2eds/bin/gnu/h-i686-mingw32/bin/../lib/gcc/nios2-elf/4.1.2\libgcc.a(_gt_df.o)
 .data          0x01019398        0x0 c:/altera/12.0sp2/nios2eds/bin/gnu/h-i686-mingw32/bin/../lib/gcc/nios2-elf/4.1.2\libgcc.a(_ge_df.o)
 .data          0x01019398        0x0 c:/altera/12.0sp2/nios2eds/bin/gnu/h-i686-mingw32/bin/../lib/gcc/nios2-elf/4.1.2\libgcc.a(_lt_df.o)
 .data          0x01019398        0x0 c:/altera/12.0sp2/nios2eds/bin/gnu/h-i686-mingw32/bin/../lib/gcc/nios2-elf/4.1.2\libgcc.a(_si_to_df.o)
 .data          0x01019398        0x0 c:/altera/12.0sp2/nios2eds/bin/gnu/h-i686-mingw32/bin/../lib/gcc/nios2-elf/4.1.2\libgcc.a(_df_to_si.o)
 .data          0x01019398        0x0 c:/altera/12.0sp2/nios2eds/bin/gnu/h-i686-mingw32/bin/../lib/gcc/nios2-elf/4.1.2\libgcc.a(_thenan_df.o)
 .data          0x01019398        0x0 c:/altera/12.0sp2/nios2eds/bin/gnu/h-i686-mingw32/bin/../lib/gcc/nios2-elf/4.1.2\libgcc.a(_usi_to_df.o)
 .data          0x01019398        0x0 c:/altera/12.0sp2/nios2eds/bin/gnu/h-i686-mingw32/bin/../lib/gcc/nios2-elf/4.1.2\libgcc.a(lib2-divmod.o)
 .data          0x01019398        0x0 c:/altera/12.0sp2/nios2eds/bin/gnu/h-i686-mingw32/bin/../lib/gcc/nios2-elf/4.1.2\libgcc.a(_muldi3.o)
 .data          0x01019398        0x0 c:/altera/12.0sp2/nios2eds/bin/gnu/h-i686-mingw32/bin/../lib/gcc/nios2-elf/4.1.2\libgcc.a(_clz.o)
 .data          0x01019398        0x0 c:/altera/12.0sp2/nios2eds/bin/gnu/h-i686-mingw32/bin/../lib/gcc/nios2-elf/4.1.2\libgcc.a(_clzsi2.o)
 .data          0x01019398        0x0 c:/altera/12.0sp2/nios2eds/bin/gnu/h-i686-mingw32/bin/../lib/gcc/nios2-elf/4.1.2\libgcc.a(_pack_df.o)
 .data          0x01019398        0x0 c:/altera/12.0sp2/nios2eds/bin/gnu/h-i686-mingw32/bin/../lib/gcc/nios2-elf/4.1.2\libgcc.a(_unpack_df.o)
 .data          0x01019398        0x0 c:/altera/12.0sp2/nios2eds/bin/gnu/h-i686-mingw32/bin/../lib/gcc/nios2-elf/4.1.2\libgcc.a(_fpcmp_parts_df.o)
 .data          0x01019398        0x0 ../owens_bsp/\libhal_bsp.a(alt_close.o)
 .data          0x01019398      0x1a8 ../owens_bsp/\libhal_bsp.a(alt_dev.o)
                0x01019398                alt_dev_null
                0x010193c0                alt_fd_list
 .data          0x01019540        0x0 ../owens_bsp/\libhal_bsp.a(alt_errno.o)
 .data          0x01019540        0x0 ../owens_bsp/\libhal_bsp.a(alt_fstat.o)
 .data          0x01019540        0x0 ../owens_bsp/\libhal_bsp.a(alt_irq_register.o)
 .data          0x01019540        0x0 ../owens_bsp/\libhal_bsp.a(alt_irq_vars.o)
 .data          0x01019540        0x0 ../owens_bsp/\libhal_bsp.a(alt_isatty.o)
 .data          0x01019540        0x0 ../owens_bsp/\libhal_bsp.a(alt_load.o)
 .data          0x01019540        0x0 ../owens_bsp/\libhal_bsp.a(alt_lseek.o)
 .data          0x01019540        0x0 ../owens_bsp/\libhal_bsp.a(alt_main.o)
 .data          0x01019540        0x0 ../owens_bsp/\libhal_bsp.a(alt_malloc_lock.o)
 .data          0x01019540        0x0 ../owens_bsp/\libhal_bsp.a(alt_read.o)
 .data          0x01019540        0x0 ../owens_bsp/\libhal_bsp.a(alt_release_fd.o)
 .data          0x01019540        0x0 ../owens_bsp/\libhal_bsp.a(alt_sbrk.o)
 .data          0x01019540        0x0 ../owens_bsp/\libhal_bsp.a(alt_write.o)
 .data          0x01019540     0x1244 ../owens_bsp/\libhal_bsp.a(alt_sys_init.o)
 .data          0x0101a784        0x0 ../owens_bsp/\libhal_bsp.a(altera_avalon_jtag_uart_fd.o)
 .data          0x0101a784        0x0 ../owens_bsp/\libhal_bsp.a(altera_avalon_jtag_uart_init.o)
 .data          0x0101a784        0x0 ../owens_bsp/\libhal_bsp.a(altera_avalon_jtag_uart_ioctl.o)
 .data          0x0101a784        0x0 ../owens_bsp/\libhal_bsp.a(altera_avalon_jtag_uart_read.o)
 .data          0x0101a784        0x0 ../owens_bsp/\libhal_bsp.a(altera_avalon_jtag_uart_write.o)
 .data          0x0101a784        0x0 ../owens_bsp/\libhal_bsp.a(altera_avalon_timer_sc.o)
 .data          0x0101a784        0x0 ../owens_bsp/\libhal_bsp.a(altera_up_avalon_audio_and_video_config.o)
 .data          0x0101a784        0x0 ../owens_bsp/\libhal_bsp.a(altera_up_avalon_character_lcd.o)
 .data          0x0101a784        0x0 ../owens_bsp/\libhal_bsp.a(altera_up_avalon_ps2.o)
 .data          0x0101a784        0x0 ../owens_bsp/\libhal_bsp.a(altera_up_avalon_rs232.o)
 .data          0x0101a784        0x0 ../owens_bsp/\libhal_bsp.a(altera_up_avalon_video_character_buffer_with_dma.o)
 .data          0x0101a784        0x0 ../owens_bsp/\libhal_bsp.a(altera_up_avalon_video_pixel_buffer_dma.o)
 .data          0x0101a784        0x0 ../owens_bsp/\libhal_bsp.a(altera_up_sd_card_avalon_interface.o)
 .data          0x0101a784        0x0 ../owens_bsp/\libhal_bsp.a(alt_alarm_start.o)
 .data          0x0101a784        0x0 ../owens_bsp/\libhal_bsp.a(alt_dcache_flush_all.o)
 .data          0x0101a784        0x0 ../owens_bsp/\libhal_bsp.a(alt_dev_llist_insert.o)
 .data          0x0101a784        0x0 ../owens_bsp/\libhal_bsp.a(alt_do_ctors.o)
 .data          0x0101a784        0x0 ../owens_bsp/\libhal_bsp.a(alt_do_dtors.o)
 .data          0x0101a784        0x0 ../owens_bsp/\libhal_bsp.a(alt_find_dev.o)
 .data          0x0101a784        0x0 ../owens_bsp/\libhal_bsp.a(alt_icache_flush_all.o)
 .data          0x0101a784        0x0 ../owens_bsp/\libhal_bsp.a(alt_io_redirect.o)
 .data          0x0101a784        0x0 ../owens_bsp/\libhal_bsp.a(alt_irq_entry.o)
 .data          0x0101a784        0x0 ../owens_bsp/\libhal_bsp.a(alt_irq_handler.o)
 .data          0x0101a784        0x0 ../owens_bsp/\libhal_bsp.a(alt_open.o)
 .data          0x0101a784        0x0 ../owens_bsp/\libhal_bsp.a(alt_tick.o)
 .data          0x0101a784        0x0 ../owens_bsp/\libhal_bsp.a(altera_nios2_qsys_irq.o)
 .data          0x0101a784        0x0 ../owens_bsp/\libhal_bsp.a(alt_exception_entry.o)
 .data          0x0101a784        0x0 ../owens_bsp/\libhal_bsp.a(alt_find_file.o)
 .data          0x0101a784        0x0 ../owens_bsp/\libhal_bsp.a(alt_get_fd.o)
 .data          0x0101a784        0x0 ../owens_bsp/\libhal_bsp.a(alt_icache_flush.o)
 .data          0x0101a784        0x0 c:/altera/12.0sp2/nios2eds/bin/gnu/h-i686-mingw32/bin/../lib/gcc/nios2-elf/4.1.2/../../../../nios2-elf/lib\libc.a(lib_a-atexit.o)
 .data          0x0101a784        0x0 c:/altera/12.0sp2/nios2eds/bin/gnu/h-i686-mingw32/bin/../lib/gcc/nios2-elf/4.1.2/../../../../nios2-elf/lib\libc.a(lib_a-exit.o)
 .data          0x0101a784        0x0 c:/altera/12.0sp2/nios2eds/bin/gnu/h-i686-mingw32/bin/../lib/gcc/nios2-elf/4.1.2/../../../../nios2-elf/lib\libc.a(lib_a-memcmp.o)
 .data          0x0101a784        0x0 c:/altera/12.0sp2/nios2eds/bin/gnu/h-i686-mingw32/bin/../lib/gcc/nios2-elf/4.1.2/../../../../nios2-elf/lib\libc.a(lib_a-__atexit.o)
 .data          0x0101a784        0x0 c:/altera/12.0sp2/nios2eds/bin/gnu/h-i686-mingw32/bin/../lib/gcc/nios2-elf/4.1.2/../../../../nios2-elf/lib\libc.a(lib_a-__call_atexit.o)
 .data          0x0101a784        0x0 ../owens_bsp/\libhal_bsp.a(alt_exit.o)
                0x01022784                _gp = ABSOLUTE ((. + 0x8000))
                0x01022784                PROVIDE (gp, _gp)
 *(.rwdata .rwdata.*)
 *(.sdata .sdata.* .gnu.linkonce.s.*)
 .sdata         0x0101a784       0x14 obj/default/tightRopeGame.o
                0x0101a784                RSL
                0x0101a788                LSL
                0x0101a78c                mid
                0x0101a790                right
                0x0101a794                left
 .sdata         0x0101a798        0x8 c:/altera/12.0sp2/nios2eds/bin/gnu/h-i686-mingw32/bin/../lib/gcc/nios2-elf/4.1.2/../../../../nios2-elf/lib\libc.a(lib_a-mallocr.o)
                0x0101a798                __malloc_trim_threshold
                0x0101a79c                __malloc_sbrk_base
 .sdata         0x0101a7a0        0x4 c:/altera/12.0sp2/nios2eds/bin/gnu/h-i686-mingw32/bin/../lib/gcc/nios2-elf/4.1.2/../../../../nios2-elf/lib\libc.a(lib_a-ctype_.o)
                0x0101a7a0                __ctype_ptr
 .sdata         0x0101a7a4        0x8 c:/altera/12.0sp2/nios2eds/bin/gnu/h-i686-mingw32/bin/../lib/gcc/nios2-elf/4.1.2/../../../../nios2-elf/lib\libc.a(lib_a-impure.o)
                0x0101a7a4                _impure_ptr
                0x0101a7a8                _global_impure_ptr
 .sdata         0x0101a7ac        0x8 c:/altera/12.0sp2/nios2eds/bin/gnu/h-i686-mingw32/bin/../lib/gcc/nios2-elf/4.1.2/../../../../nios2-elf/lib\libc.a(lib_a-locale.o)
                0x0101a7ac                __mb_cur_max
 .sdata         0x0101a7b4       0x14 ../owens_bsp/\libhal_bsp.a(alt_dev.o)
                0x0101a7b4                alt_fs_list
                0x0101a7bc                alt_dev_list
                0x0101a7c4                alt_max_fd
 .sdata         0x0101a7c8        0x4 ../owens_bsp/\libhal_bsp.a(alt_errno.o)
                0x0101a7c8                alt_errno
 .sdata         0x0101a7cc        0x4 ../owens_bsp/\libhal_bsp.a(alt_irq_vars.o)
                0x0101a7cc                alt_priority_mask
 .sdata         0x0101a7d0        0x4 ../owens_bsp/\libhal_bsp.a(alt_sbrk.o)
 .sdata         0x0101a7d4        0x8 ../owens_bsp/\libhal_bsp.a(alt_tick.o)
                0x0101a7d4                alt_alarm_list
 *(.sdata2 .sdata2.* .gnu.linkonce.s2.*)
                0x0101a7dc                . = ALIGN (0x4)
                0x0101a7dc                _edata = ABSOLUTE (.)
                0x0101a7dc                PROVIDE (edata, ABSOLUTE (.))
                0x0101a7dc                PROVIDE (__ram_rwdata_end, ABSOLUTE (.))
                0x0101a7dc                PROVIDE (__flash_rwdata_start, LOADADDR (.rwdata))

.bss            0x0101c434      0xde4
                0x0101c434                __bss_start = ABSOLUTE (.)
                0x0101c434                PROVIDE (__sbss_start, ABSOLUTE (.))
                0x0101c434                PROVIDE (___sbss_start, ABSOLUTE (.))
 *(.dynsbss)
 *(.sbss .sbss.* .gnu.linkonce.sb.*)
 .sbss          0x0101c434        0x4 obj/default/bomb.o
                0x0101c434                set_name_i
 .sbss          0x0101c438        0x4 obj/default/draw.o
                0x0101c438                pixel_buffer
 .sbss          0x0101c43c       0x14 obj/default/rs232com.o
                0x0101c43c                hasReadHeader
                0x0101c43d                dataType
                0x0101c440                End
                0x0101c444                id
                0x0101c445                size
                0x0101c448                uart
                0x0101c44c                Start
 .sbss          0x0101c450        0x4 obj/default/sd_audio.o
                0x0101c450                p_shift
 .sbss          0x0101c454        0x4 obj/default/tightRopeGame.o
                0x0101c454                wind_now
 .sbss          0x0101c458        0xc c:/altera/12.0sp2/nios2eds/bin/gnu/h-i686-mingw32/bin/../lib/gcc/nios2-elf/4.1.2/../../../../nios2-elf/lib\libc.a(lib_a-mallocr.o)
                0x0101c458                __malloc_top_pad
                0x0101c45c                __malloc_max_sbrked_mem
                0x0101c460                __malloc_max_total_mem
 .sbss          0x0101c464        0x4 c:/altera/12.0sp2/nios2eds/bin/gnu/h-i686-mingw32/bin/../lib/gcc/nios2-elf/4.1.2/../../../../nios2-elf/lib\libc.a(lib_a-int_errno.o)
                0x0101c464                errno
 .sbss          0x0101c468        0xc c:/altera/12.0sp2/nios2eds/bin/gnu/h-i686-mingw32/bin/../lib/gcc/nios2-elf/4.1.2/../../../../nios2-elf/lib\libc.a(lib_a-locale.o)
                0x0101c468                __nlocale_changed
                0x0101c46c                __mlocale_changed
                0x0101c470                _PathLocale
 .sbss          0x0101c474        0x4 ../owens_bsp/\libhal_bsp.a(alt_irq_vars.o)
                0x0101c474                alt_irq_active
 .sbss          0x0101c478        0xc ../owens_bsp/\libhal_bsp.a(alt_main.o)
                0x0101c478                alt_argc
                0x0101c47c                alt_argv
                0x0101c480                alt_envp
 .sbss          0x0101c484       0x34 ../owens_bsp/\libhal_bsp.a(altera_up_sd_card_avalon_interface.o)
                0x0101c484                initialized
                0x0101c488                is_sd_card_formated_as_FAT16
                0x0101c48c                aux_status_register
                0x0101c490                status_register
                0x0101c494                CSD_register_w0
                0x0101c498                command_register
                0x0101c49c                command_argument_register
                0x0101c4a0                buffer_memory
                0x0101c4a4                fat_partition_offset_in_512_byte_sectors
                0x0101c4a8                fat_partition_size_in_512_byte_sectors
                0x0101c4ac                device_pointer
                0x0101c4b0                current_sector_modified
                0x0101c4b4                current_sector_index
 .sbss          0x0101c4b8        0x8 ../owens_bsp/\libhal_bsp.a(alt_tick.o)
                0x0101c4b8                _alt_tick_rate
                0x0101c4bc                _alt_nticks
 *(.sbss2 .sbss2.* .gnu.linkonce.sb2.*)
 *(.scommon)
                0x0101c4c0                PROVIDE (__sbss_end, ABSOLUTE (.))
                0x0101c4c0                PROVIDE (___sbss_end, ABSOLUTE (.))
 *(.dynbss)
 *(.bss .bss.* .gnu.linkonce.b.*)
 .bss           0x0101c4c0        0x0 ../owens_bsp//obj/HAL/src/crt0.o
 .bss           0x0101c4c0        0x0 obj/default/bomb.o
 .bss           0x0101c4c0        0x0 obj/default/draw.o
 .bss           0x0101c4c0        0x0 obj/default/rs232com.o
 .bss           0x0101c4c0        0x0 obj/default/sd_audio.o
 .bss           0x0101c4c0        0x0 obj/default/tightRopeGame.o
 .bss           0x0101c4c0        0x0 c:/altera/12.0sp2/nios2eds/bin/gnu/h-i686-mingw32/bin/../lib/gcc/nios2-elf/4.1.2/../../../../nios2-elf/lib\libc.a(lib_a-atoi.o)
 .bss           0x0101c4c0        0x0 c:/altera/12.0sp2/nios2eds/bin/gnu/h-i686-mingw32/bin/../lib/gcc/nios2-elf/4.1.2/../../../../nios2-elf/lib\libc.a(lib_a-malloc.o)
 .bss           0x0101c4c0       0x28 c:/altera/12.0sp2/nios2eds/bin/gnu/h-i686-mingw32/bin/../lib/gcc/nios2-elf/4.1.2/../../../../nios2-elf/lib\libc.a(lib_a-mallocr.o)
                0x0101c4c0                __malloc_current_mallinfo
 .bss           0x0101c4e8        0x0 c:/altera/12.0sp2/nios2eds/bin/gnu/h-i686-mingw32/bin/../lib/gcc/nios2-elf/4.1.2/../../../../nios2-elf/lib\libc.a(lib_a-printf.o)
 .bss           0x0101c4e8        0x0 c:/altera/12.0sp2/nios2eds/bin/gnu/h-i686-mingw32/bin/../lib/gcc/nios2-elf/4.1.2/../../../../nios2-elf/lib\libc.a(lib_a-putchar.o)
 .bss           0x0101c4e8        0x0 c:/altera/12.0sp2/nios2eds/bin/gnu/h-i686-mingw32/bin/../lib/gcc/nios2-elf/4.1.2/../../../../nios2-elf/lib\libc.a(lib_a-puts.o)
 .bss           0x0101c4e8        0x0 c:/altera/12.0sp2/nios2eds/bin/gnu/h-i686-mingw32/bin/../lib/gcc/nios2-elf/4.1.2/../../../../nios2-elf/lib\libc.a(lib_a-sbrkr.o)
 .bss           0x0101c4e8        0x0 c:/altera/12.0sp2/nios2eds/bin/gnu/h-i686-mingw32/bin/../lib/gcc/nios2-elf/4.1.2/../../../../nios2-elf/lib\libc.a(lib_a-sprintf.o)
 .bss           0x0101c4e8        0x0 c:/altera/12.0sp2/nios2eds/bin/gnu/h-i686-mingw32/bin/../lib/gcc/nios2-elf/4.1.2/../../../../nios2-elf/lib\libc.a(lib_a-strlen.o)
 .bss           0x0101c4e8        0x0 c:/altera/12.0sp2/nios2eds/bin/gnu/h-i686-mingw32/bin/../lib/gcc/nios2-elf/4.1.2/../../../../nios2-elf/lib\libc.a(lib_a-strtol.o)
 .bss           0x0101c4e8        0x0 c:/altera/12.0sp2/nios2eds/bin/gnu/h-i686-mingw32/bin/../lib/gcc/nios2-elf/4.1.2/../../../../nios2-elf/lib\libc.a(lib_a-vfprintf.o)
 .bss           0x0101c4e8        0x0 c:/altera/12.0sp2/nios2eds/bin/gnu/h-i686-mingw32/bin/../lib/gcc/nios2-elf/4.1.2/../../../../nios2-elf/lib\libc.a(lib_a-wsetup.o)
 .bss           0x0101c4e8        0x0 c:/altera/12.0sp2/nios2eds/bin/gnu/h-i686-mingw32/bin/../lib/gcc/nios2-elf/4.1.2/../../../../nios2-elf/lib\libc.a(lib_a-ctype_.o)
 .bss           0x0101c4e8        0x0 c:/altera/12.0sp2/nios2eds/bin/gnu/h-i686-mingw32/bin/../lib/gcc/nios2-elf/4.1.2/../../../../nios2-elf/lib\libc.a(lib_a-dtoa.o)
 .bss           0x0101c4e8        0x0 c:/altera/12.0sp2/nios2eds/bin/gnu/h-i686-mingw32/bin/../lib/gcc/nios2-elf/4.1.2/../../../../nios2-elf/lib\libc.a(lib_a-fflush.o)
 .bss           0x0101c4e8        0x0 c:/altera/12.0sp2/nios2eds/bin/gnu/h-i686-mingw32/bin/../lib/gcc/nios2-elf/4.1.2/../../../../nios2-elf/lib\libc.a(lib_a-findfp.o)
 .bss           0x0101c4e8        0x0 c:/altera/12.0sp2/nios2eds/bin/gnu/h-i686-mingw32/bin/../lib/gcc/nios2-elf/4.1.2/../../../../nios2-elf/lib\libc.a(lib_a-freer.o)
 .bss           0x0101c4e8        0x0 c:/altera/12.0sp2/nios2eds/bin/gnu/h-i686-mingw32/bin/../lib/gcc/nios2-elf/4.1.2/../../../../nios2-elf/lib\libc.a(lib_a-fvwrite.o)
 .bss           0x0101c4e8        0x0 c:/altera/12.0sp2/nios2eds/bin/gnu/h-i686-mingw32/bin/../lib/gcc/nios2-elf/4.1.2/../../../../nios2-elf/lib\libc.a(lib_a-fwalk.o)
 .bss           0x0101c4e8        0x0 c:/altera/12.0sp2/nios2eds/bin/gnu/h-i686-mingw32/bin/../lib/gcc/nios2-elf/4.1.2/../../../../nios2-elf/lib\libc.a(lib_a-impure.o)
 .bss           0x0101c4e8        0x0 c:/altera/12.0sp2/nios2eds/bin/gnu/h-i686-mingw32/bin/../lib/gcc/nios2-elf/4.1.2/../../../../nios2-elf/lib\libc.a(lib_a-int_errno.o)
 .bss           0x0101c4e8        0x0 c:/altera/12.0sp2/nios2eds/bin/gnu/h-i686-mingw32/bin/../lib/gcc/nios2-elf/4.1.2/../../../../nios2-elf/lib\libc.a(lib_a-locale.o)
 .bss           0x0101c4e8        0x0 c:/altera/12.0sp2/nios2eds/bin/gnu/h-i686-mingw32/bin/../lib/gcc/nios2-elf/4.1.2/../../../../nios2-elf/lib\libc.a(lib_a-makebuf.o)
 .bss           0x0101c4e8        0x0 c:/altera/12.0sp2/nios2eds/bin/gnu/h-i686-mingw32/bin/../lib/gcc/nios2-elf/4.1.2/../../../../nios2-elf/lib\libc.a(lib_a-memchr.o)
 .bss           0x0101c4e8        0x0 c:/altera/12.0sp2/nios2eds/bin/gnu/h-i686-mingw32/bin/../lib/gcc/nios2-elf/4.1.2/../../../../nios2-elf/lib\libc.a(lib_a-memcpy.o)
 .bss           0x0101c4e8        0x0 c:/altera/12.0sp2/nios2eds/bin/gnu/h-i686-mingw32/bin/../lib/gcc/nios2-elf/4.1.2/../../../../nios2-elf/lib\libc.a(lib_a-memmove.o)
 .bss           0x0101c4e8        0x0 c:/altera/12.0sp2/nios2eds/bin/gnu/h-i686-mingw32/bin/../lib/gcc/nios2-elf/4.1.2/../../../../nios2-elf/lib\libc.a(lib_a-memset.o)
 .bss           0x0101c4e8        0x0 c:/altera/12.0sp2/nios2eds/bin/gnu/h-i686-mingw32/bin/../lib/gcc/nios2-elf/4.1.2/../../../../nios2-elf/lib\libc.a(lib_a-mprec.o)
 .bss           0x0101c4e8        0x0 c:/altera/12.0sp2/nios2eds/bin/gnu/h-i686-mingw32/bin/../lib/gcc/nios2-elf/4.1.2/../../../../nios2-elf/lib\libc.a(lib_a-putc.o)
 .bss           0x0101c4e8        0x0 c:/altera/12.0sp2/nios2eds/bin/gnu/h-i686-mingw32/bin/../lib/gcc/nios2-elf/4.1.2/../../../../nios2-elf/lib\libc.a(lib_a-reallocr.o)
 .bss           0x0101c4e8        0x0 c:/altera/12.0sp2/nios2eds/bin/gnu/h-i686-mingw32/bin/../lib/gcc/nios2-elf/4.1.2/../../../../nios2-elf/lib\libc.a(lib_a-s_isinfd.o)
 .bss           0x0101c4e8        0x0 c:/altera/12.0sp2/nios2eds/bin/gnu/h-i686-mingw32/bin/../lib/gcc/nios2-elf/4.1.2/../../../../nios2-elf/lib\libc.a(lib_a-s_isnand.o)
 .bss           0x0101c4e8        0x0 c:/altera/12.0sp2/nios2eds/bin/gnu/h-i686-mingw32/bin/../lib/gcc/nios2-elf/4.1.2/../../../../nios2-elf/lib\libc.a(lib_a-stdio.o)
 .bss           0x0101c4e8        0x0 c:/altera/12.0sp2/nios2eds/bin/gnu/h-i686-mingw32/bin/../lib/gcc/nios2-elf/4.1.2/../../../../nios2-elf/lib\libc.a(lib_a-strcmp.o)
 .bss           0x0101c4e8        0x0 c:/altera/12.0sp2/nios2eds/bin/gnu/h-i686-mingw32/bin/../lib/gcc/nios2-elf/4.1.2/../../../../nios2-elf/lib\libc.a(lib_a-wbuf.o)
 .bss           0x0101c4e8        0x0 c:/altera/12.0sp2/nios2eds/bin/gnu/h-i686-mingw32/bin/../lib/gcc/nios2-elf/4.1.2/../../../../nios2-elf/lib\libc.a(lib_a-writer.o)
 .bss           0x0101c4e8        0x0 c:/altera/12.0sp2/nios2eds/bin/gnu/h-i686-mingw32/bin/../lib/gcc/nios2-elf/4.1.2/../../../../nios2-elf/lib\libc.a(lib_a-callocr.o)
 .bss           0x0101c4e8        0x0 c:/altera/12.0sp2/nios2eds/bin/gnu/h-i686-mingw32/bin/../lib/gcc/nios2-elf/4.1.2/../../../../nios2-elf/lib\libc.a(lib_a-closer.o)
 .bss           0x0101c4e8        0x0 c:/altera/12.0sp2/nios2eds/bin/gnu/h-i686-mingw32/bin/../lib/gcc/nios2-elf/4.1.2/../../../../nios2-elf/lib\libc.a(lib_a-fclose.o)
 .bss           0x0101c4e8        0x0 c:/altera/12.0sp2/nios2eds/bin/gnu/h-i686-mingw32/bin/../lib/gcc/nios2-elf/4.1.2/../../../../nios2-elf/lib\libc.a(lib_a-fstatr.o)
 .bss           0x0101c4e8        0x0 c:/altera/12.0sp2/nios2eds/bin/gnu/h-i686-mingw32/bin/../lib/gcc/nios2-elf/4.1.2/../../../../nios2-elf/lib\libc.a(lib_a-isattyr.o)
 .bss           0x0101c4e8        0x0 c:/altera/12.0sp2/nios2eds/bin/gnu/h-i686-mingw32/bin/../lib/gcc/nios2-elf/4.1.2/../../../../nios2-elf/lib\libc.a(lib_a-lseekr.o)
 .bss           0x0101c4e8        0x0 c:/altera/12.0sp2/nios2eds/bin/gnu/h-i686-mingw32/bin/../lib/gcc/nios2-elf/4.1.2/../../../../nios2-elf/lib\libc.a(lib_a-readr.o)
 .bss           0x0101c4e8        0x0 c:/altera/12.0sp2/nios2eds/bin/gnu/h-i686-mingw32/bin/../lib/gcc/nios2-elf/4.1.2\libgcc.a(_udivdi3.o)
 .bss           0x0101c4e8        0x0 c:/altera/12.0sp2/nios2eds/bin/gnu/h-i686-mingw32/bin/../lib/gcc/nios2-elf/4.1.2\libgcc.a(_umoddi3.o)
 .bss           0x0101c4e8        0x0 c:/altera/12.0sp2/nios2eds/bin/gnu/h-i686-mingw32/bin/../lib/gcc/nios2-elf/4.1.2\libgcc.a(_addsub_df.o)
 .bss           0x0101c4e8        0x0 c:/altera/12.0sp2/nios2eds/bin/gnu/h-i686-mingw32/bin/../lib/gcc/nios2-elf/4.1.2\libgcc.a(_mul_df.o)
 .bss           0x0101c4e8        0x0 c:/altera/12.0sp2/nios2eds/bin/gnu/h-i686-mingw32/bin/../lib/gcc/nios2-elf/4.1.2\libgcc.a(_div_df.o)
 .bss           0x0101c4e8        0x0 c:/altera/12.0sp2/nios2eds/bin/gnu/h-i686-mingw32/bin/../lib/gcc/nios2-elf/4.1.2\libgcc.a(_eq_df.o)
 .bss           0x0101c4e8        0x0 c:/altera/12.0sp2/nios2eds/bin/gnu/h-i686-mingw32/bin/../lib/gcc/nios2-elf/4.1.2\libgcc.a(_ne_df.o)
 .bss           0x0101c4e8        0x0 c:/altera/12.0sp2/nios2eds/bin/gnu/h-i686-mingw32/bin/../lib/gcc/nios2-elf/4.1.2\libgcc.a(_gt_df.o)
 .bss           0x0101c4e8        0x0 c:/altera/12.0sp2/nios2eds/bin/gnu/h-i686-mingw32/bin/../lib/gcc/nios2-elf/4.1.2\libgcc.a(_ge_df.o)
 .bss           0x0101c4e8        0x0 c:/altera/12.0sp2/nios2eds/bin/gnu/h-i686-mingw32/bin/../lib/gcc/nios2-elf/4.1.2\libgcc.a(_lt_df.o)
 .bss           0x0101c4e8        0x0 c:/altera/12.0sp2/nios2eds/bin/gnu/h-i686-mingw32/bin/../lib/gcc/nios2-elf/4.1.2\libgcc.a(_si_to_df.o)
 .bss           0x0101c4e8        0x0 c:/altera/12.0sp2/nios2eds/bin/gnu/h-i686-mingw32/bin/../lib/gcc/nios2-elf/4.1.2\libgcc.a(_df_to_si.o)
 .bss           0x0101c4e8        0x0 c:/altera/12.0sp2/nios2eds/bin/gnu/h-i686-mingw32/bin/../lib/gcc/nios2-elf/4.1.2\libgcc.a(_thenan_df.o)
 .bss           0x0101c4e8        0x0 c:/altera/12.0sp2/nios2eds/bin/gnu/h-i686-mingw32/bin/../lib/gcc/nios2-elf/4.1.2\libgcc.a(_usi_to_df.o)
 .bss           0x0101c4e8        0x0 c:/altera/12.0sp2/nios2eds/bin/gnu/h-i686-mingw32/bin/../lib/gcc/nios2-elf/4.1.2\libgcc.a(lib2-divmod.o)
 .bss           0x0101c4e8        0x0 c:/altera/12.0sp2/nios2eds/bin/gnu/h-i686-mingw32/bin/../lib/gcc/nios2-elf/4.1.2\libgcc.a(_muldi3.o)
 .bss           0x0101c4e8        0x0 c:/altera/12.0sp2/nios2eds/bin/gnu/h-i686-mingw32/bin/../lib/gcc/nios2-elf/4.1.2\libgcc.a(_clz.o)
 .bss           0x0101c4e8        0x0 c:/altera/12.0sp2/nios2eds/bin/gnu/h-i686-mingw32/bin/../lib/gcc/nios2-elf/4.1.2\libgcc.a(_clzsi2.o)
 .bss           0x0101c4e8        0x0 c:/altera/12.0sp2/nios2eds/bin/gnu/h-i686-mingw32/bin/../lib/gcc/nios2-elf/4.1.2\libgcc.a(_pack_df.o)
 .bss           0x0101c4e8        0x0 c:/altera/12.0sp2/nios2eds/bin/gnu/h-i686-mingw32/bin/../lib/gcc/nios2-elf/4.1.2\libgcc.a(_unpack_df.o)
 .bss           0x0101c4e8        0x0 c:/altera/12.0sp2/nios2eds/bin/gnu/h-i686-mingw32/bin/../lib/gcc/nios2-elf/4.1.2\libgcc.a(_fpcmp_parts_df.o)
 .bss           0x0101c4e8        0x0 ../owens_bsp/\libhal_bsp.a(alt_close.o)
 .bss           0x0101c4e8        0x0 ../owens_bsp/\libhal_bsp.a(alt_dev.o)
 .bss           0x0101c4e8        0x0 ../owens_bsp/\libhal_bsp.a(alt_errno.o)
 .bss           0x0101c4e8        0x0 ../owens_bsp/\libhal_bsp.a(alt_fstat.o)
 .bss           0x0101c4e8        0x0 ../owens_bsp/\libhal_bsp.a(alt_irq_register.o)
 .bss           0x0101c4e8        0x0 ../owens_bsp/\libhal_bsp.a(alt_irq_vars.o)
 .bss           0x0101c4e8        0x0 ../owens_bsp/\libhal_bsp.a(alt_isatty.o)
 .bss           0x0101c4e8        0x0 ../owens_bsp/\libhal_bsp.a(alt_load.o)
 .bss           0x0101c4e8        0x0 ../owens_bsp/\libhal_bsp.a(alt_lseek.o)
 .bss           0x0101c4e8        0x0 ../owens_bsp/\libhal_bsp.a(alt_main.o)
 .bss           0x0101c4e8        0x0 ../owens_bsp/\libhal_bsp.a(alt_malloc_lock.o)
 .bss           0x0101c4e8        0x0 ../owens_bsp/\libhal_bsp.a(alt_read.o)
 .bss           0x0101c4e8        0x0 ../owens_bsp/\libhal_bsp.a(alt_release_fd.o)
 .bss           0x0101c4e8        0x0 ../owens_bsp/\libhal_bsp.a(alt_sbrk.o)
 .bss           0x0101c4e8        0x0 ../owens_bsp/\libhal_bsp.a(alt_write.o)
 .bss           0x0101c4e8        0x0 ../owens_bsp/\libhal_bsp.a(alt_sys_init.o)
 .bss           0x0101c4e8        0x0 ../owens_bsp/\libhal_bsp.a(altera_avalon_jtag_uart_fd.o)
 .bss           0x0101c4e8        0x0 ../owens_bsp/\libhal_bsp.a(altera_avalon_jtag_uart_init.o)
 .bss           0x0101c4e8        0x0 ../owens_bsp/\libhal_bsp.a(altera_avalon_jtag_uart_ioctl.o)
 .bss           0x0101c4e8        0x0 ../owens_bsp/\libhal_bsp.a(altera_avalon_jtag_uart_read.o)
 .bss           0x0101c4e8        0x0 ../owens_bsp/\libhal_bsp.a(altera_avalon_jtag_uart_write.o)
 .bss           0x0101c4e8        0x0 ../owens_bsp/\libhal_bsp.a(altera_avalon_timer_sc.o)
 .bss           0x0101c4e8        0x0 ../owens_bsp/\libhal_bsp.a(altera_up_avalon_audio_and_video_config.o)
 .bss           0x0101c4e8        0x0 ../owens_bsp/\libhal_bsp.a(altera_up_avalon_character_lcd.o)
 .bss           0x0101c4e8        0x0 ../owens_bsp/\libhal_bsp.a(altera_up_avalon_ps2.o)
 .bss           0x0101c4e8        0x0 ../owens_bsp/\libhal_bsp.a(altera_up_avalon_rs232.o)
 .bss           0x0101c4e8        0x0 ../owens_bsp/\libhal_bsp.a(altera_up_avalon_video_character_buffer_with_dma.o)
 .bss           0x0101c4e8        0x0 ../owens_bsp/\libhal_bsp.a(altera_up_avalon_video_pixel_buffer_dma.o)
 .bss           0x0101c4e8        0x0 ../owens_bsp/\libhal_bsp.a(altera_up_sd_card_avalon_interface.o)
 .bss           0x0101c4e8        0x0 ../owens_bsp/\libhal_bsp.a(alt_alarm_start.o)
 .bss           0x0101c4e8        0x0 ../owens_bsp/\libhal_bsp.a(alt_dcache_flush_all.o)
 .bss           0x0101c4e8        0x0 ../owens_bsp/\libhal_bsp.a(alt_dev_llist_insert.o)
 .bss           0x0101c4e8        0x0 ../owens_bsp/\libhal_bsp.a(alt_do_ctors.o)
 .bss           0x0101c4e8        0x0 ../owens_bsp/\libhal_bsp.a(alt_do_dtors.o)
 .bss           0x0101c4e8        0x0 ../owens_bsp/\libhal_bsp.a(alt_find_dev.o)
 .bss           0x0101c4e8        0x0 ../owens_bsp/\libhal_bsp.a(alt_icache_flush_all.o)
 .bss           0x0101c4e8        0x0 ../owens_bsp/\libhal_bsp.a(alt_io_redirect.o)
 .bss           0x0101c4e8        0x0 ../owens_bsp/\libhal_bsp.a(alt_irq_entry.o)
 .bss           0x0101c4e8        0x0 ../owens_bsp/\libhal_bsp.a(alt_irq_handler.o)
 .bss           0x0101c4e8        0x0 ../owens_bsp/\libhal_bsp.a(alt_open.o)
 .bss           0x0101c4e8        0x0 ../owens_bsp/\libhal_bsp.a(alt_tick.o)
 .bss           0x0101c4e8        0x0 ../owens_bsp/\libhal_bsp.a(altera_nios2_qsys_irq.o)
 .bss           0x0101c4e8        0x0 ../owens_bsp/\libhal_bsp.a(alt_exception_entry.o)
 .bss           0x0101c4e8        0x0 ../owens_bsp/\libhal_bsp.a(alt_find_file.o)
 .bss           0x0101c4e8        0x0 ../owens_bsp/\libhal_bsp.a(alt_get_fd.o)
 .bss           0x0101c4e8        0x0 ../owens_bsp/\libhal_bsp.a(alt_icache_flush.o)
 .bss           0x0101c4e8        0x0 c:/altera/12.0sp2/nios2eds/bin/gnu/h-i686-mingw32/bin/../lib/gcc/nios2-elf/4.1.2/../../../../nios2-elf/lib\libc.a(lib_a-atexit.o)
 .bss           0x0101c4e8        0x0 c:/altera/12.0sp2/nios2eds/bin/gnu/h-i686-mingw32/bin/../lib/gcc/nios2-elf/4.1.2/../../../../nios2-elf/lib\libc.a(lib_a-exit.o)
 .bss           0x0101c4e8        0x0 c:/altera/12.0sp2/nios2eds/bin/gnu/h-i686-mingw32/bin/../lib/gcc/nios2-elf/4.1.2/../../../../nios2-elf/lib\libc.a(lib_a-memcmp.o)
 .bss           0x0101c4e8        0x0 c:/altera/12.0sp2/nios2eds/bin/gnu/h-i686-mingw32/bin/../lib/gcc/nios2-elf/4.1.2/../../../../nios2-elf/lib\libc.a(lib_a-__atexit.o)
 .bss           0x0101c4e8        0x0 c:/altera/12.0sp2/nios2eds/bin/gnu/h-i686-mingw32/bin/../lib/gcc/nios2-elf/4.1.2/../../../../nios2-elf/lib\libc.a(lib_a-__call_atexit.o)
 .bss           0x0101c4e8        0x0 ../owens_bsp/\libhal_bsp.a(alt_exit.o)
 *(COMMON)
 COMMON         0x0101c4e8       0x88 obj/default/bomb.o
                0x0101c4e8                p
 COMMON         0x0101c570      0x480 obj/default/rs232com.o
                0x0101c570                send
                0x0101c970                buffer
 COMMON         0x0101c9f0       0x30 obj/default/tightRopeGame.o
                0x0101c9f0                ANDROID_INPUT
                0x0101ca00                player_fall
                0x0101ca10                axis
 COMMON         0x0101ca20      0x568 ../owens_bsp/\libhal_bsp.a(altera_up_sd_card_avalon_interface.o)
                0x0101ca20                search_data
                0x0101ca34                boot_sector_data
                0x0101ca88                active_files
 COMMON         0x0101cf88      0x100 ../owens_bsp/\libhal_bsp.a(alt_irq_handler.o)
                0x0101cf88                alt_irq
 COMMON         0x0101d088      0x190 c:/altera/12.0sp2/nios2eds/bin/gnu/h-i686-mingw32/bin/../lib/gcc/nios2-elf/4.1.2/../../../../nios2-elf/lib\libc.a(lib_a-atexit.o)
                0x0101d088                _atexit0
                0x0101d218                . = ALIGN (0x4)
                0x0101d218                __bss_end = ABSOLUTE (.)

.onchip_memory  0x00000000        0x0 load address 0x0101d218
                0x00000000                PROVIDE (_alt_partition_onchip_memory_start, ABSOLUTE (.))
 *(.onchip_memory. onchip_memory.*)
                0x00000000                . = ALIGN (0x4)
                0x00000000                PROVIDE (_alt_partition_onchip_memory_end, ABSOLUTE (.))
                0x0101d218                PROVIDE (_alt_partition_onchip_memory_load_addr, LOADADDR (.onchip_memory))

.sdram          0x0101d218        0x0
                0x0101d218                PROVIDE (_alt_partition_sdram_start, ABSOLUTE (.))
 *(.sdram. sdram.*)
                0x0101d218                . = ALIGN (0x4)
                0x0101d218                PROVIDE (_alt_partition_sdram_end, ABSOLUTE (.))
                0x0101d218                _end = ABSOLUTE (.)
                0x0101d218                end = ABSOLUTE (.)
                0x0101d218                __alt_stack_base = ABSOLUTE (.)
                0x0101d218                PROVIDE (_alt_partition_sdram_load_addr, LOADADDR (.sdram))

.stab
 *(.stab)

.stabstr
 *(.stabstr)

.stab.excl
 *(.stab.excl)

.stab.exclstr
 *(.stab.exclstr)

.stab.index
 *(.stab.index)

.stab.indexstr
 *(.stab.indexstr)

.comment        0x00000000       0x26
 *(.comment)
 .comment       0x00000000       0x26 obj/default/bomb.o
                                 0x27 (size before relaxing)
 .comment       0x00000000       0x27 obj/default/draw.o
 .comment       0x00000000       0x27 obj/default/rs232com.o
 .comment       0x00000000       0x27 obj/default/sd_audio.o
 .comment       0x00000000       0x27 obj/default/tightRopeGame.o
 .comment       0x00000000       0x27 c:/altera/12.0sp2/nios2eds/bin/gnu/h-i686-mingw32/bin/../lib/gcc/nios2-elf/4.1.2/../../../../nios2-elf/lib\libc.a(lib_a-atoi.o)
 .comment       0x00000000       0x27 c:/altera/12.0sp2/nios2eds/bin/gnu/h-i686-mingw32/bin/../lib/gcc/nios2-elf/4.1.2/../../../../nios2-elf/lib\libc.a(lib_a-malloc.o)
 .comment       0x00000000       0x27 c:/altera/12.0sp2/nios2eds/bin/gnu/h-i686-mingw32/bin/../lib/gcc/nios2-elf/4.1.2/../../../../nios2-elf/lib\libc.a(lib_a-mallocr.o)
 .comment       0x00000000       0x27 c:/altera/12.0sp2/nios2eds/bin/gnu/h-i686-mingw32/bin/../lib/gcc/nios2-elf/4.1.2/../../../../nios2-elf/lib\libc.a(lib_a-printf.o)
 .comment       0x00000000       0x27 c:/altera/12.0sp2/nios2eds/bin/gnu/h-i686-mingw32/bin/../lib/gcc/nios2-elf/4.1.2/../../../../nios2-elf/lib\libc.a(lib_a-putchar.o)
 .comment       0x00000000       0x27 c:/altera/12.0sp2/nios2eds/bin/gnu/h-i686-mingw32/bin/../lib/gcc/nios2-elf/4.1.2/../../../../nios2-elf/lib\libc.a(lib_a-puts.o)
 .comment       0x00000000       0x27 c:/altera/12.0sp2/nios2eds/bin/gnu/h-i686-mingw32/bin/../lib/gcc/nios2-elf/4.1.2/../../../../nios2-elf/lib\libc.a(lib_a-sbrkr.o)
 .comment       0x00000000       0x27 c:/altera/12.0sp2/nios2eds/bin/gnu/h-i686-mingw32/bin/../lib/gcc/nios2-elf/4.1.2/../../../../nios2-elf/lib\libc.a(lib_a-sprintf.o)
 .comment       0x00000000       0x27 c:/altera/12.0sp2/nios2eds/bin/gnu/h-i686-mingw32/bin/../lib/gcc/nios2-elf/4.1.2/../../../../nios2-elf/lib\libc.a(lib_a-strlen.o)
 .comment       0x00000000       0x27 c:/altera/12.0sp2/nios2eds/bin/gnu/h-i686-mingw32/bin/../lib/gcc/nios2-elf/4.1.2/../../../../nios2-elf/lib\libc.a(lib_a-strtol.o)
 .comment       0x00000000       0x27 c:/altera/12.0sp2/nios2eds/bin/gnu/h-i686-mingw32/bin/../lib/gcc/nios2-elf/4.1.2/../../../../nios2-elf/lib\libc.a(lib_a-vfprintf.o)
 .comment       0x00000000       0x27 c:/altera/12.0sp2/nios2eds/bin/gnu/h-i686-mingw32/bin/../lib/gcc/nios2-elf/4.1.2/../../../../nios2-elf/lib\libc.a(lib_a-wsetup.o)
 .comment       0x00000000       0x27 c:/altera/12.0sp2/nios2eds/bin/gnu/h-i686-mingw32/bin/../lib/gcc/nios2-elf/4.1.2/../../../../nios2-elf/lib\libc.a(lib_a-ctype_.o)
 .comment       0x00000000       0x27 c:/altera/12.0sp2/nios2eds/bin/gnu/h-i686-mingw32/bin/../lib/gcc/nios2-elf/4.1.2/../../../../nios2-elf/lib\libc.a(lib_a-dtoa.o)
 .comment       0x00000000       0x27 c:/altera/12.0sp2/nios2eds/bin/gnu/h-i686-mingw32/bin/../lib/gcc/nios2-elf/4.1.2/../../../../nios2-elf/lib\libc.a(lib_a-fflush.o)
 .comment       0x00000000       0x27 c:/altera/12.0sp2/nios2eds/bin/gnu/h-i686-mingw32/bin/../lib/gcc/nios2-elf/4.1.2/../../../../nios2-elf/lib\libc.a(lib_a-findfp.o)
 .comment       0x00000000       0x27 c:/altera/12.0sp2/nios2eds/bin/gnu/h-i686-mingw32/bin/../lib/gcc/nios2-elf/4.1.2/../../../../nios2-elf/lib\libc.a(lib_a-freer.o)
 .comment       0x00000000       0x27 c:/altera/12.0sp2/nios2eds/bin/gnu/h-i686-mingw32/bin/../lib/gcc/nios2-elf/4.1.2/../../../../nios2-elf/lib\libc.a(lib_a-fvwrite.o)
 .comment       0x00000000       0x27 c:/altera/12.0sp2/nios2eds/bin/gnu/h-i686-mingw32/bin/../lib/gcc/nios2-elf/4.1.2/../../../../nios2-elf/lib\libc.a(lib_a-fwalk.o)
 .comment       0x00000000       0x27 c:/altera/12.0sp2/nios2eds/bin/gnu/h-i686-mingw32/bin/../lib/gcc/nios2-elf/4.1.2/../../../../nios2-elf/lib\libc.a(lib_a-impure.o)
 .comment       0x00000000       0x27 c:/altera/12.0sp2/nios2eds/bin/gnu/h-i686-mingw32/bin/../lib/gcc/nios2-elf/4.1.2/../../../../nios2-elf/lib\libc.a(lib_a-int_errno.o)
 .comment       0x00000000       0x27 c:/altera/12.0sp2/nios2eds/bin/gnu/h-i686-mingw32/bin/../lib/gcc/nios2-elf/4.1.2/../../../../nios2-elf/lib\libc.a(lib_a-locale.o)
 .comment       0x00000000       0x27 c:/altera/12.0sp2/nios2eds/bin/gnu/h-i686-mingw32/bin/../lib/gcc/nios2-elf/4.1.2/../../../../nios2-elf/lib\libc.a(lib_a-makebuf.o)
 .comment       0x00000000       0x27 c:/altera/12.0sp2/nios2eds/bin/gnu/h-i686-mingw32/bin/../lib/gcc/nios2-elf/4.1.2/../../../../nios2-elf/lib\libc.a(lib_a-memchr.o)
 .comment       0x00000000       0x27 c:/altera/12.0sp2/nios2eds/bin/gnu/h-i686-mingw32/bin/../lib/gcc/nios2-elf/4.1.2/../../../../nios2-elf/lib\libc.a(lib_a-memcpy.o)
 .comment       0x00000000       0x27 c:/altera/12.0sp2/nios2eds/bin/gnu/h-i686-mingw32/bin/../lib/gcc/nios2-elf/4.1.2/../../../../nios2-elf/lib\libc.a(lib_a-memmove.o)
 .comment       0x00000000       0x27 c:/altera/12.0sp2/nios2eds/bin/gnu/h-i686-mingw32/bin/../lib/gcc/nios2-elf/4.1.2/../../../../nios2-elf/lib\libc.a(lib_a-memset.o)
 .comment       0x00000000       0x27 c:/altera/12.0sp2/nios2eds/bin/gnu/h-i686-mingw32/bin/../lib/gcc/nios2-elf/4.1.2/../../../../nios2-elf/lib\libc.a(lib_a-mprec.o)
 .comment       0x00000000       0x27 c:/altera/12.0sp2/nios2eds/bin/gnu/h-i686-mingw32/bin/../lib/gcc/nios2-elf/4.1.2/../../../../nios2-elf/lib\libc.a(lib_a-putc.o)
 .comment       0x00000000       0x27 c:/altera/12.0sp2/nios2eds/bin/gnu/h-i686-mingw32/bin/../lib/gcc/nios2-elf/4.1.2/../../../../nios2-elf/lib\libc.a(lib_a-reallocr.o)
 .comment       0x00000000       0x27 c:/altera/12.0sp2/nios2eds/bin/gnu/h-i686-mingw32/bin/../lib/gcc/nios2-elf/4.1.2/../../../../nios2-elf/lib\libc.a(lib_a-s_isinfd.o)
 .comment       0x00000000       0x27 c:/altera/12.0sp2/nios2eds/bin/gnu/h-i686-mingw32/bin/../lib/gcc/nios2-elf/4.1.2/../../../../nios2-elf/lib\libc.a(lib_a-s_isnand.o)
 .comment       0x00000000       0x27 c:/altera/12.0sp2/nios2eds/bin/gnu/h-i686-mingw32/bin/../lib/gcc/nios2-elf/4.1.2/../../../../nios2-elf/lib\libc.a(lib_a-stdio.o)
 .comment       0x00000000       0x27 c:/altera/12.0sp2/nios2eds/bin/gnu/h-i686-mingw32/bin/../lib/gcc/nios2-elf/4.1.2/../../../../nios2-elf/lib\libc.a(lib_a-strcmp.o)
 .comment       0x00000000       0x27 c:/altera/12.0sp2/nios2eds/bin/gnu/h-i686-mingw32/bin/../lib/gcc/nios2-elf/4.1.2/../../../../nios2-elf/lib\libc.a(lib_a-wbuf.o)
 .comment       0x00000000       0x27 c:/altera/12.0sp2/nios2eds/bin/gnu/h-i686-mingw32/bin/../lib/gcc/nios2-elf/4.1.2/../../../../nios2-elf/lib\libc.a(lib_a-writer.o)
 .comment       0x00000000       0x27 c:/altera/12.0sp2/nios2eds/bin/gnu/h-i686-mingw32/bin/../lib/gcc/nios2-elf/4.1.2/../../../../nios2-elf/lib\libc.a(lib_a-callocr.o)
 .comment       0x00000000       0x27 c:/altera/12.0sp2/nios2eds/bin/gnu/h-i686-mingw32/bin/../lib/gcc/nios2-elf/4.1.2/../../../../nios2-elf/lib\libc.a(lib_a-closer.o)
 .comment       0x00000000       0x27 c:/altera/12.0sp2/nios2eds/bin/gnu/h-i686-mingw32/bin/../lib/gcc/nios2-elf/4.1.2/../../../../nios2-elf/lib\libc.a(lib_a-fclose.o)
 .comment       0x00000000       0x27 c:/altera/12.0sp2/nios2eds/bin/gnu/h-i686-mingw32/bin/../lib/gcc/nios2-elf/4.1.2/../../../../nios2-elf/lib\libc.a(lib_a-fstatr.o)
 .comment       0x00000000       0x27 c:/altera/12.0sp2/nios2eds/bin/gnu/h-i686-mingw32/bin/../lib/gcc/nios2-elf/4.1.2/../../../../nios2-elf/lib\libc.a(lib_a-isattyr.o)
 .comment       0x00000000       0x27 c:/altera/12.0sp2/nios2eds/bin/gnu/h-i686-mingw32/bin/../lib/gcc/nios2-elf/4.1.2/../../../../nios2-elf/lib\libc.a(lib_a-lseekr.o)
 .comment       0x00000000       0x27 c:/altera/12.0sp2/nios2eds/bin/gnu/h-i686-mingw32/bin/../lib/gcc/nios2-elf/4.1.2/../../../../nios2-elf/lib\libc.a(lib_a-readr.o)
 .comment       0x00000000       0x27 c:/altera/12.0sp2/nios2eds/bin/gnu/h-i686-mingw32/bin/../lib/gcc/nios2-elf/4.1.2\libgcc.a(_udivdi3.o)
 .comment       0x00000000       0x27 c:/altera/12.0sp2/nios2eds/bin/gnu/h-i686-mingw32/bin/../lib/gcc/nios2-elf/4.1.2\libgcc.a(_umoddi3.o)
 .comment       0x00000000       0x27 c:/altera/12.0sp2/nios2eds/bin/gnu/h-i686-mingw32/bin/../lib/gcc/nios2-elf/4.1.2\libgcc.a(_addsub_df.o)
 .comment       0x00000000       0x27 c:/altera/12.0sp2/nios2eds/bin/gnu/h-i686-mingw32/bin/../lib/gcc/nios2-elf/4.1.2\libgcc.a(_mul_df.o)
 .comment       0x00000000       0x27 c:/altera/12.0sp2/nios2eds/bin/gnu/h-i686-mingw32/bin/../lib/gcc/nios2-elf/4.1.2\libgcc.a(_div_df.o)
 .comment       0x00000000       0x27 c:/altera/12.0sp2/nios2eds/bin/gnu/h-i686-mingw32/bin/../lib/gcc/nios2-elf/4.1.2\libgcc.a(_eq_df.o)
 .comment       0x00000000       0x27 c:/altera/12.0sp2/nios2eds/bin/gnu/h-i686-mingw32/bin/../lib/gcc/nios2-elf/4.1.2\libgcc.a(_ne_df.o)
 .comment       0x00000000       0x27 c:/altera/12.0sp2/nios2eds/bin/gnu/h-i686-mingw32/bin/../lib/gcc/nios2-elf/4.1.2\libgcc.a(_gt_df.o)
 .comment       0x00000000       0x27 c:/altera/12.0sp2/nios2eds/bin/gnu/h-i686-mingw32/bin/../lib/gcc/nios2-elf/4.1.2\libgcc.a(_ge_df.o)
 .comment       0x00000000       0x27 c:/altera/12.0sp2/nios2eds/bin/gnu/h-i686-mingw32/bin/../lib/gcc/nios2-elf/4.1.2\libgcc.a(_lt_df.o)
 .comment       0x00000000       0x27 c:/altera/12.0sp2/nios2eds/bin/gnu/h-i686-mingw32/bin/../lib/gcc/nios2-elf/4.1.2\libgcc.a(_si_to_df.o)
 .comment       0x00000000       0x27 c:/altera/12.0sp2/nios2eds/bin/gnu/h-i686-mingw32/bin/../lib/gcc/nios2-elf/4.1.2\libgcc.a(_df_to_si.o)
 .comment       0x00000000       0x27 c:/altera/12.0sp2/nios2eds/bin/gnu/h-i686-mingw32/bin/../lib/gcc/nios2-elf/4.1.2\libgcc.a(_thenan_df.o)
 .comment       0x00000000       0x27 c:/altera/12.0sp2/nios2eds/bin/gnu/h-i686-mingw32/bin/../lib/gcc/nios2-elf/4.1.2\libgcc.a(_usi_to_df.o)
 .comment       0x00000000       0x27 c:/altera/12.0sp2/nios2eds/bin/gnu/h-i686-mingw32/bin/../lib/gcc/nios2-elf/4.1.2\libgcc.a(lib2-divmod.o)