Archive member included because of file (symbol)

c:/altera/12.0sp2/nios2eds/bin/gnu/h-i686-mingw32/bin/../lib/gcc/nios2-elf/4.1.2/../../../../nios2-elf/lib\libc.a(lib_a-atoi.o)
                              obj/default/sd_audio.o (atoi)
c:/altera/12.0sp2/nios2eds/bin/gnu/h-i686-mingw32/bin/../lib/gcc/nios2-elf/4.1.2/../../../../nios2-elf/lib\libc.a(lib_a-malloc.o)
                              obj/default/sd_audio.o (free)
c:/altera/12.0sp2/nios2eds/bin/gnu/h-i686-mingw32/bin/../lib/gcc/nios2-elf/4.1.2/../../../../nios2-elf/lib\libc.a(lib_a-mallocr.o)
                              c:/altera/12.0sp2/nios2eds/bin/gnu/h-i686-mingw32/bin/../lib/gcc/nios2-elf/4.1.2/../../../../nios2-elf/lib\libc.a(lib_a-malloc.o) (_malloc_r)
c:/altera/12.0sp2/nios2eds/bin/gnu/h-i686-mingw32/bin/../lib/gcc/nios2-elf/4.1.2/../../../../nios2-elf/lib\libc.a(lib_a-memcpy.o)
                              obj/default/main.o (memcpy)
c:/altera/12.0sp2/nios2eds/bin/gnu/h-i686-mingw32/bin/../lib/gcc/nios2-elf/4.1.2/../../../../nios2-elf/lib\libc.a(lib_a-printf.o)
                              obj/default/col.o (printf)
c:/altera/12.0sp2/nios2eds/bin/gnu/h-i686-mingw32/bin/../lib/gcc/nios2-elf/4.1.2/../../../../nios2-elf/lib\libc.a(lib_a-puts.o)
                              obj/default/main.o (puts)
c:/altera/12.0sp2/nios2eds/bin/gnu/h-i686-mingw32/bin/../lib/gcc/nios2-elf/4.1.2/../../../../nios2-elf/lib\libc.a(lib_a-rand.o)
                              obj/default/object_spawner.o (srand)
c:/altera/12.0sp2/nios2eds/bin/gnu/h-i686-mingw32/bin/../lib/gcc/nios2-elf/4.1.2/../../../../nios2-elf/lib\libc.a(lib_a-sbrkr.o)
                              c:/altera/12.0sp2/nios2eds/bin/gnu/h-i686-mingw32/bin/../lib/gcc/nios2-elf/4.1.2/../../../../nios2-elf/lib\libc.a(lib_a-mallocr.o) (_sbrk_r)
c:/altera/12.0sp2/nios2eds/bin/gnu/h-i686-mingw32/bin/../lib/gcc/nios2-elf/4.1.2/../../../../nios2-elf/lib\libc.a(lib_a-sprintf.o)
                              obj/default/main.o (sprintf)
c:/altera/12.0sp2/nios2eds/bin/gnu/h-i686-mingw32/bin/../lib/gcc/nios2-elf/4.1.2/../../../../nios2-elf/lib\libc.a(lib_a-strlen.o)
                              c:/altera/12.0sp2/nios2eds/bin/gnu/h-i686-mingw32/bin/../lib/gcc/nios2-elf/4.1.2/../../../../nios2-elf/lib\libc.a(lib_a-puts.o) (strlen)
c:/altera/12.0sp2/nios2eds/bin/gnu/h-i686-mingw32/bin/../lib/gcc/nios2-elf/4.1.2/../../../../nios2-elf/lib\libc.a(lib_a-strtol.o)
                              c:/altera/12.0sp2/nios2eds/bin/gnu/h-i686-mingw32/bin/../lib/gcc/nios2-elf/4.1.2/../../../../nios2-elf/lib\libc.a(lib_a-atoi.o) (_strtol_r)
c:/altera/12.0sp2/nios2eds/bin/gnu/h-i686-mingw32/bin/../lib/gcc/nios2-elf/4.1.2/../../../../nios2-elf/lib\libc.a(lib_a-time.o)
                              obj/default/object_spawner.o (time)
c:/altera/12.0sp2/nios2eds/bin/gnu/h-i686-mingw32/bin/../lib/gcc/nios2-elf/4.1.2/../../../../nios2-elf/lib\libc.a(lib_a-vfprintf.o)
                              c:/altera/12.0sp2/nios2eds/bin/gnu/h-i686-mingw32/bin/../lib/gcc/nios2-elf/4.1.2/../../../../nios2-elf/lib\libc.a(lib_a-printf.o) (___vfprintf_internal_r)
c:/altera/12.0sp2/nios2eds/bin/gnu/h-i686-mingw32/bin/../lib/gcc/nios2-elf/4.1.2/../../../../nios2-elf/lib\libc.a(lib_a-wsetup.o)
                              c:/altera/12.0sp2/nios2eds/bin/gnu/h-i686-mingw32/bin/../lib/gcc/nios2-elf/4.1.2/../../../../nios2-elf/lib\libc.a(lib_a-vfprintf.o) (__swsetup_r)
c:/altera/12.0sp2/nios2eds/bin/gnu/h-i686-mingw32/bin/../lib/gcc/nios2-elf/4.1.2/../../../../nios2-elf/lib\libc.a(lib_a-ctype_.o)
                              c:/altera/12.0sp2/nios2eds/bin/gnu/h-i686-mingw32/bin/../lib/gcc/nios2-elf/4.1.2/../../../../nios2-elf/lib\libc.a(lib_a-strtol.o) (__ctype_ptr)
c:/altera/12.0sp2/nios2eds/bin/gnu/h-i686-mingw32/bin/../lib/gcc/nios2-elf/4.1.2/../../../../nios2-elf/lib\libc.a(lib_a-dtoa.o)
                              c:/altera/12.0sp2/nios2eds/bin/gnu/h-i686-mingw32/bin/../lib/gcc/nios2-elf/4.1.2/../../../../nios2-elf/lib\libc.a(lib_a-vfprintf.o) (_dtoa_r)
c:/altera/12.0sp2/nios2eds/bin/gnu/h-i686-mingw32/bin/../lib/gcc/nios2-elf/4.1.2/../../../../nios2-elf/lib\libc.a(lib_a-fflush.o)
                              c:/altera/12.0sp2/nios2eds/bin/gnu/h-i686-mingw32/bin/../lib/gcc/nios2-elf/4.1.2/../../../../nios2-elf/lib\libc.a(lib_a-vfprintf.o) (_fflush_r)
c:/altera/12.0sp2/nios2eds/bin/gnu/h-i686-mingw32/bin/../lib/gcc/nios2-elf/4.1.2/../../../../nios2-elf/lib\libc.a(lib_a-findfp.o)
                              c:/altera/12.0sp2/nios2eds/bin/gnu/h-i686-mingw32/bin/../lib/gcc/nios2-elf/4.1.2/../../../../nios2-elf/lib\libc.a(lib_a-vfprintf.o) (__sinit)
c:/altera/12.0sp2/nios2eds/bin/gnu/h-i686-mingw32/bin/../lib/gcc/nios2-elf/4.1.2/../../../../nios2-elf/lib\libc.a(lib_a-freer.o)
                              c:/altera/12.0sp2/nios2eds/bin/gnu/h-i686-mingw32/bin/../lib/gcc/nios2-elf/4.1.2/../../../../nios2-elf/lib\libc.a(lib_a-malloc.o) (_free_r)
[...]
Memory Configuration

Name             Origin             Length             Attributes
onchip_memory    0x00000000         0x00001000
reset            0x01000000         0x00000020
sdram            0x01000020         0x007fffe0
*default*        0x00000000         0xffffffff

Linker script and memory map

LOAD ../almost_5_bsp//obj/HAL/src/crt0.o
LOAD obj/default/col.o
LOAD obj/default/main.o
LOAD obj/default/object_spawner.o
LOAD obj/default/sd_audio.o
LOAD c:/altera/12.0sp2/nios2eds/bin/gnu/h-i686-mingw32/bin/../lib/gcc/nios2-elf/4.1.2/../../../../nios2-elf/lib\libstdc++.a
LOAD c:/altera/12.0sp2/nios2eds/bin/gnu/h-i686-mingw32/bin/../lib/gcc/nios2-elf/4.1.2/../../../../nios2-elf/lib\libm.a
LOAD c:/altera/12.0sp2/nios2eds/bin/gnu/h-i686-mingw32/bin/../lib/gcc/nios2-elf/4.1.2\libgcc.a
START GROUP
LOAD c:/altera/12.0sp2/nios2eds/bin/gnu/h-i686-mingw32/bin/../lib/gcc/nios2-elf/4.1.2/../../../../nios2-elf/lib\libc.a
LOAD c:/altera/12.0sp2/nios2eds/bin/gnu/h-i686-mingw32/bin/../lib/gcc/nios2-elf/4.1.2\libgcc.a
LOAD ../almost_5_bsp/\libhal_bsp.a
END GROUP
LOAD c:/altera/12.0sp2/nios2eds/bin/gnu/h-i686-mingw32/bin/../lib/gcc/nios2-elf/4.1.2\libgcc.a
                0x00000000                __alt_mem_onchip_memory = 0x0
                0x01000000                __alt_mem_sdram = 0x1000000

.entry          0x01000000       0x20
 *(.entry)
 .entry         0x01000000       0x20 ../almost_5_bsp//obj/HAL/src/crt0.o
                0x01000000                __reset

.exceptions     0x01000020      0x164
                0x01000020                PROVIDE (__ram_exceptions_start, ABSOLUTE (.))
                0x01000020                . = ALIGN (0x20)
 *(.irq)
 *(.exceptions.entry.label)
 .exceptions.entry.label
                0x01000020        0x0 ../almost_5_bsp/\libhal_bsp.a(alt_irq_entry.o)
                0x01000020                alt_irq_entry
 .exceptions.entry.label
                0x01000020        0x0 ../almost_5_bsp/\libhal_bsp.a(alt_exception_entry.o)
                0x01000020                alt_exception
 *(.exceptions.entry.user)
 *(.exceptions.entry)
 .exceptions.entry
                0x01000020       0x54 ../almost_5_bsp/\libhal_bsp.a(alt_exception_entry.o)
 *(.exceptions.irqtest.user)
 *(.exceptions.irqtest)
 .exceptions.irqtest
                0x01000074       0x10 ../almost_5_bsp/\libhal_bsp.a(alt_irq_entry.o)
 *(.exceptions.irqhandler.user)
 *(.exceptions.irqhandler)
 .exceptions.irqhandler
                0x01000084        0x4 ../almost_5_bsp/\libhal_bsp.a(alt_irq_entry.o)
 *(.exceptions.irqreturn.user)
 *(.exceptions.irqreturn)
 .exceptions.irqreturn
                0x01000088        0x4 ../almost_5_bsp/\libhal_bsp.a(alt_irq_entry.o)
 *(.exceptions.notirq.label)
 .exceptions.notirq.label
                0x0100008c        0x0 ../almost_5_bsp/\libhal_bsp.a(alt_irq_entry.o)
 *(.exceptions.notirq.user)
 *(.exceptions.notirq)
 .exceptions.notirq
                0x0100008c        0x8 ../almost_5_bsp/\libhal_bsp.a(alt_exception_entry.o)
 *(.exceptions.soft.user)
 *(.exceptions.soft)
 *(.exceptions.unknown.user)
 *(.exceptions.unknown)
 .exceptions.unknown
                0x01000094        0x4 ../almost_5_bsp/\libhal_bsp.a(alt_exception_entry.o)
 *(.exceptions.exit.label)
 .exceptions.exit.label
                0x01000098        0x0 ../almost_5_bsp/\libhal_bsp.a(alt_irq_entry.o)
 .exceptions.exit.label
                0x01000098        0x0 ../almost_5_bsp/\libhal_bsp.a(alt_exception_entry.o)
 *(.exceptions.exit.user)
 *(.exceptions.exit)
 .exceptions.exit
                0x01000098       0x54 ../almost_5_bsp/\libhal_bsp.a(alt_exception_entry.o)
 *(.exceptions)
 .exceptions    0x010000ec       0x98 ../almost_5_bsp/\libhal_bsp.a(alt_irq_handler.o)
                0x010000ec                alt_irq_handler
                0x01000184                PROVIDE (__ram_exceptions_end, ABSOLUTE (.))
                0x01000020                PROVIDE (__flash_exceptions_start, LOADADDR (.exceptions))

.text           0x01000184    0x18e70
                0x01000184                PROVIDE (stext, ABSOLUTE (.))
 *(.interp)
 *(.hash)
 *(.dynsym)
 *(.dynstr)
 *(.gnu.version)
 *(.gnu.version_d)
 *(.gnu.version_r)
 *(.rel.init)
 *(.rela.init)
 *(.rel.text .rel.text.* .rel.gnu.linkonce.t.*)
 *(.rela.text .rela.text.* .rela.gnu.linkonce.t.*)
 *(.rel.fini)
 *(.rela.fini)
 *(.rel.rodata .rel.rodata.* .rel.gnu.linkonce.r.*)
 *(.rela.rodata .rela.rodata.* .rela.gnu.linkonce.r.*)
 *(.rel.data .rel.data.* .rel.gnu.linkonce.d.*)
 *(.rela.data .rela.data.* .rela.gnu.linkonce.d.*)
 *(.rel.tdata .rel.tdata.* .rel.gnu.linkonce.td.*)
 *(.rela.tdata .rela.tdata.* .rela.gnu.linkonce.td.*)
 *(.rel.tbss .rel.tbss.* .rel.gnu.linkonce.tb.*)
 *(.rela.tbss .rela.tbss.* .rela.gnu.linkonce.tb.*)
 *(.rel.ctors)
 *(.rela.ctors)
 *(.rel.dtors)
 *(.rela.dtors)
 *(.rel.got)
 *(.rela.got)
 *(.rel.sdata .rel.sdata.* .rel.gnu.linkonce.s.*)
 *(.rela.sdata .rela.sdata.* .rela.gnu.linkonce.s.*)
 *(.rel.sbss .rel.sbss.* .rel.gnu.linkonce.sb.*)
 *(.rela.sbss .rela.sbss.* .rela.gnu.linkonce.sb.*)
 *(.rel.sdata2 .rel.sdata2.* .rel.gnu.linkonce.s2.*)
 *(.rela.sdata2 .rela.sdata2.* .rela.gnu.linkonce.s2.*)
 *(.rel.sbss2 .rel.sbss2.* .rel.gnu.linkonce.sb2.*)
 *(.rela.sbss2 .rela.sbss2.* .rela.gnu.linkonce.sb2.*)
 *(.rel.bss .rel.bss.* .rel.gnu.linkonce.b.*)
 *(.rela.bss .rela.bss.* .rela.gnu.linkonce.b.*)
 *(.rel.plt)
 *(.rela.plt)
 *(.rel.dyn)
 *(.init)
 *(.plt)
 *(.text .stub .text.* .gnu.linkonce.t.*)
 .text          0x01000184       0x4c ../almost_5_bsp//obj/HAL/src/crt0.o
                0x01000184                _start
 .text          0x010001d0     0x184c obj/default/col.o
                0x010001d0                check_collision
                0x010001d8                char_update_isr
                0x01001978                init_char_update
 .text          0x01001a1c     0x2a4c obj/default/main.o
                0x01001a1c                update_object
                0x01001af8                decode
                0x01001cac                draw_object
                0x01001d88                update_highlight
                0x010020b8                draw_menu
                0x010024b8                clear_doge
                0x010024f4                clear_object
                0x01002bcc                handle_timer_interrupts
                0x01003014                main
 .text          0x01004468      0xf38 obj/default/object_spawner.o
                0x01004468                init_obj
                0x0100451c                up_obj
                0x0100463c                object_spawn_init
                0x01004aa8                game_reset
                0x01004b0c                game_start
                0x01004c48                master_init
                0x01004d50                object_spawn_interrupt
 .text          0x010053a0     0x13a4 obj/default/sd_audio.o
                0x010053a0                reset_audio_buffer
                0x010053c4                unrolled_parallax_draw
                0x0100549c                audio_write_fifo
                0x01005530                audio_isr
                0x0100559c                clear_loc
                0x01005628                draw_bmp
                0x010056bc                free_bmp
                0x01005728                free_sfx1
                0x01005730                free_sfx
                0x01005738                sd_readbyte
                0x01005768                fill_buffer
                0x01005994                sd_fclose
                0x010059a4                sd_fopen
                0x010059cc                init_read_wav
                0x01005a3c                sd_init
                0x01005a60                av_config_setup
                0x01005a98                sd_read_players
                0x01005d14                sd_read_level
                0x01005f98                read_bmp
                0x01006234                sd_write_players
                0x010063c8                refill_buffer
                0x0100647c                preload_sfx1
                0x010065e0                preload_sfx
 .text          0x01006744       0x18 c:/altera/12.0sp2/nios2eds/bin/gnu/h-i686-mingw32/bin/../lib/gcc/nios2-elf/4.1.2/../../../../nios2-elf/lib\libc.a(lib_a-atoi.o)
                0x01006744                _atoi_r
                0x01006750                atoi
 .text          0x0100675c       0x28 c:/altera/12.0sp2/nios2eds/bin/gnu/h-i686-mingw32/bin/../lib/gcc/nios2-elf/4.1.2/../../../../nios2-elf/lib\libc.a(lib_a-malloc.o)
                0x0100675c                free
                0x01006770                malloc
 .text          0x01006784      0x740 c:/altera/12.0sp2/nios2eds/bin/gnu/h-i686-mingw32/bin/../lib/gcc/nios2-elf/4.1.2/../../../../nios2-elf/lib\libc.a(lib_a-mallocr.o)
                0x01006784                _malloc_r
 .text          0x01006ec4       0xa0 c:/altera/12.0sp2/nios2eds/bin/gnu/h-i686-mingw32/bin/../lib/gcc/nios2-elf/4.1.2/../../../../nios2-elf/lib\libc.a(lib_a-memcpy.o)
                0x01006ec4                memcpy
 .text          0x01006f64       0x78 c:/altera/12.0sp2/nios2eds/bin/gnu/h-i686-mingw32/bin/../lib/gcc/nios2-elf/4.1.2/../../../../nios2-elf/lib\libc.a(lib_a-printf.o)
                0x01006f64                printf
                0x01006fa8                _printf_r
 .text          0x01006fdc       0xb4 c:/altera/12.0sp2/nios2eds/bin/gnu/h-i686-mingw32/bin/../lib/gcc/nios2-elf/4.1.2/../../../../nios2-elf/lib\libc.a(lib_a-puts.o)
                0x01006fdc                _puts_r
                0x0100707c                puts
 .text          0x01007090       0x94 c:/altera/12.0sp2/nios2eds/bin/gnu/h-i686-mingw32/bin/../lib/gcc/nios2-elf/4.1.2/../../../../nios2-elf/lib\libc.a(lib_a-rand.o)
                0x01007090                srand
                0x010070ac                rand
 .text          0x01007124       0x70 c:/altera/12.0sp2/nios2eds/bin/gnu/h-i686-mingw32/bin/../lib/gcc/nios2-elf/4.1.2/../../../../nios2-elf/lib\libc.a(lib_a-sbrkr.o)
                0x01007124                _sbrk_r
 .text          0x01007194       0xd4 c:/altera/12.0sp2/nios2eds/bin/gnu/h-i686-mingw32/bin/../lib/gcc/nios2-elf/4.1.2/../../../../nios2-elf/lib\libc.a(lib_a-sprintf.o)
                0x01007194                sprintf
                0x01007208                _sprintf_r
 .text          0x01007268       0x74 c:/altera/12.0sp2/nios2eds/bin/gnu/h-i686-mingw32/bin/../lib/gcc/nios2-elf/4.1.2/../../../../nios2-elf/lib\libc.a(lib_a-strlen.o)
                0x01007268                strlen
 .text          0x010072dc      0x268 c:/altera/12.0sp2/nios2eds/bin/gnu/h-i686-mingw32/bin/../lib/gcc/nios2-elf/4.1.2/../../../../nios2-elf/lib\libc.a(lib_a-strtol.o)
                0x010072dc                _strtol_r
                0x01007520                strtol
 .text          0x01007544       0x5c c:/altera/12.0sp2/nios2eds/bin/gnu/h-i686-mingw32/bin/../lib/gcc/nios2-elf/4.1.2/../../../../nios2-elf/lib\libc.a(lib_a-time.o)
                0x01007544                time
 .text          0x010075a0     0x1f28 c:/altera/12.0sp2/nios2eds/bin/gnu/h-i686-mingw32/bin/../lib/gcc/nios2-elf/4.1.2/../../../../nios2-elf/lib\libc.a(lib_a-vfprintf.o)
                0x010075f8                ___vfprintf_internal_r
                0x010094a4                __vfprintf_internal
 .text          0x010094c8      0x13c c:/altera/12.0sp2/nios2eds/bin/gnu/h-i686-mingw32/bin/../lib/gcc/nios2-elf/4.1.2/../../../../nios2-elf/lib\libc.a(lib_a-wsetup.o)
                0x010094c8                __swsetup_r
 .text          0x01009604        0x0 c:/altera/12.0sp2/nios2eds/bin/gnu/h-i686-mingw32/bin/../lib/gcc/nios2-elf/4.1.2/../../../../nios2-elf/lib\libc.a(lib_a-ctype_.o)
 .text          0x01009604     0x17cc c:/altera/12.0sp2/nios2eds/bin/gnu/h-i686-mingw32/bin/../lib/gcc/nios2-elf/4.1.2/../../../../nios2-elf/lib\libc.a(lib_a-dtoa.o)
                0x0100981c                _dtoa_r
 .text          0x0100add0      0x230 c:/altera/12.0sp2/nios2eds/bin/gnu/h-i686-mingw32/bin/../lib/gcc/nios2-elf/4.1.2/../../../../nios2-elf/lib\libc.a(lib_a-fflush.o)
                0x0100add0                _fflush_r
                0x0100afcc                fflush
 .text          0x0100b000      0x2c0 c:/altera/12.0sp2/nios2eds/bin/gnu/h-i686-mingw32/bin/../lib/gcc/nios2-elf/4.1.2/../../../../nios2-elf/lib\libc.a(lib_a-findfp.o)
                0x0100b058                __sfp_lock_acquire
                0x0100b05c                __sfp_lock_release
                0x0100b060                __sinit_lock_acquire
                0x0100b064                __sinit_lock_release
                0x0100b068                __sinit
                0x0100b11c                __fp_unlock_all
                0x0100b134                __fp_lock_all
                0x0100b14c                _cleanup_r
                0x0100b158                _cleanup
                0x0100b168                __sfmoreglue
                0x0100b1d0                __sfp
 .text          0x0100b2c0      0x440 c:/altera/12.0sp2/nios2eds/bin/gnu/h-i686-mingw32/bin/../lib/gcc/nios2-elf/4.1.2/../../../../nios2-elf/lib\libc.a(lib_a-freer.o)
                0x0100b2c0                _malloc_trim_r
                0x0100b3ec                _free_r
 .text          0x0100b700      0x49c c:/altera/12.0sp2/nios2eds/bin/gnu/h-i686-mingw32/bin/../lib/gcc/nios2-elf/4.1.2/../../../../nios2-elf/lib\libc.a(lib_a-fvwrite.o)
                0x0100b700                __sfvwrite_r
 .text          0x0100bb9c      0x180 c:/altera/12.0sp2/nios2eds/bin/gnu/h-i686-mingw32/bin/../lib/gcc/nios2-elf/4.1.2/../../../../nios2-elf/lib\libc.a(lib_a-fwalk.o)
                0x0100bb9c                _fwalk_reent
                0x0100bc64                _fwalk
 .text          0x0100bd1c       0x74 c:/altera/12.0sp2/nios2eds/bin/gnu/h-i686-mingw32/bin/../lib/gcc/nios2-elf/4.1.2/../../../../nios2-elf/lib\libc.a(lib_a-gettimeofdayr.o)
                0x0100bd1c                _gettimeofday_r
 .text          0x0100bd90        0x0 c:/altera/12.0sp2/nios2eds/bin/gnu/h-i686-mingw32/bin/../lib/gcc/nios2-elf/4.1.2/../../../../nios2-elf/lib\libc.a(lib_a-impure.o)
 .text          0x0100bd90        0x0 c:/altera/12.0sp2/nios2eds/bin/gnu/h-i686-mingw32/bin/../lib/gcc/nios2-elf/4.1.2/../../../../nios2-elf/lib\libc.a(lib_a-int_errno.o)
 .text          0x0100bd90       0xc4 c:/altera/12.0sp2/nios2eds/bin/gnu/h-i686-mingw32/bin/../lib/gcc/nios2-elf/4.1.2/../../../../nios2-elf/lib\libc.a(lib_a-locale.o)
                0x0100bd90                __locale_charset
                0x0100bd98                _localeconv_r
                0x0100bda4                localeconv
                0x0100bdb4                _setlocale_r
                0x0100be38                setlocale
 .text          0x0100be54      0x194 c:/altera/12.0sp2/nios2eds/bin/gnu/h-i686-mingw32/bin/../lib/gcc/nios2-elf/4.1.2/../../../../nios2-elf/lib\libc.a(lib_a-makebuf.o)
                0x0100be54                __smakebuf_r
 .text          0x0100bfe8       0xe4 c:/altera/12.0sp2/nios2eds/bin/gnu/h-i686-mingw32/bin/../lib/gcc/nios2-elf/4.1.2/../../../../nios2-elf/lib\libc.a(lib_a-memchr.o)
                0x0100bfe8                memchr
 .text          0x0100c0cc       0xe0 c:/altera/12.0sp2/nios2eds/bin/gnu/h-i686-mingw32/bin/../lib/gcc/nios2-elf/4.1.2/../../../../nios2-elf/lib\libc.a(lib_a-memmove.o)
                0x0100c0cc                memmove
 .text          0x0100c1ac       0x98 c:/altera/12.0sp2/nios2eds/bin/gnu/h-i686-mingw32/bin/../lib/gcc/nios2-elf/4.1.2/../../../../nios2-elf/lib\libc.a(lib_a-memset.o)
                0x0100c1ac                memset
 .text          0x0100c244      0xff4 c:/altera/12.0sp2/nios2eds/bin/gnu/h-i686-mingw32/bin/../lib/gcc/nios2-elf/4.1.2/../../../../nios2-elf/lib\libc.a(lib_a-mprec.o)
                0x0100c244                _Bfree
                0x0100c26c                __hi0bits
                0x0100c2dc                __lo0bits
                0x0100c3a0                __mcmp
                0x0100c400                __ulp
                0x0100c480                __b2d
                0x0100c5a0                __ratio
                0x0100c650                _mprec_log10
                0x0100c6e4                __copybits
                0x0100c73c                __any_on
                0x0100c7c4                _Balloc
                0x0100c880                __d2b
                0x0100c9fc                __mdiff
                0x0100cb88                __lshift
                0x0100ccd4                __multiply
                0x0100cebc                __i2b
                0x0100cef8                __multadd
                0x0100cff8                __pow5mult
                0x0100d118                __s2b
 .text          0x0100d238      0x5f4 c:/altera/12.0sp2/nios2eds/bin/gnu/h-i686-mingw32/bin/../lib/gcc/nios2-elf/4.1.2/../../../../nios2-elf/lib\libc.a(lib_a-reallocr.o)
                0x0100d238                _realloc_r
 .text          0x0100d82c       0x40 c:/altera/12.0sp2/nios2eds/bin/gnu/h-i686-mingw32/bin/../lib/gcc/nios2-elf/4.1.2/../../../../nios2-elf/lib\libc.a(lib_a-s_isinfd.o)
                0x0100d82c                __isinfd
 .text          0x0100d86c       0x30 c:/altera/12.0sp2/nios2eds/bin/gnu/h-i686-mingw32/bin/../lib/gcc/nios2-elf/4.1.2/../../../../nios2-elf/lib\libc.a(lib_a-s_isnand.o)
                0x0100d86c                __isnand
 .text          0x0100d89c      0x14c c:/altera/12.0sp2/nios2eds/bin/gnu/h-i686-mingw32/bin/../lib/gcc/nios2-elf/4.1.2/../../../../nios2-elf/lib\libc.a(lib_a-stdio.o)
                0x0100d89c                __sclose
                0x0100d8a4                __sseek
                0x0100d90c                __swrite
                0x0100d988                __sread
 .text          0x0100d9e8       0xbc c:/altera/12.0sp2/nios2eds/bin/gnu/h-i686-mingw32/bin/../lib/gcc/nios2-elf/4.1.2/../../../../nios2-elf/lib\libc.a(lib_a-strcmp.o)
                0x0100d9e8                strcmp
 .text          0x0100daa4       0x78 c:/altera/12.0sp2/nios2eds/bin/gnu/h-i686-mingw32/bin/../lib/gcc/nios2-elf/4.1.2/../../../../nios2-elf/lib\libc.a(lib_a-writer.o)
                0x0100daa4                _write_r
 .text          0x0100db1c       0xb4 c:/altera/12.0sp2/nios2eds/bin/gnu/h-i686-mingw32/bin/../lib/gcc/nios2-elf/4.1.2/../../../../nios2-elf/lib\libc.a(lib_a-callocr.o)
                0x0100db1c                _calloc_r
 .text          0x0100dbd0       0x70 c:/altera/12.0sp2/nios2eds/bin/gnu/h-i686-mingw32/bin/../lib/gcc/nios2-elf/4.1.2/../../../../nios2-elf/lib\libc.a(lib_a-closer.o)
                0x0100dbd0                _close_r
 .text          0x0100dc40      0x124 c:/altera/12.0sp2/nios2eds/bin/gnu/h-i686-mingw32/bin/../lib/gcc/nios2-elf/4.1.2/../../../../nios2-elf/lib\libc.a(lib_a-fclose.o)
                0x0100dc40                _fclose_r
                0x0100dd50                fclose
 .text          0x0100dd64       0x74 c:/altera/12.0sp2/nios2eds/bin/gnu/h-i686-mingw32/bin/../lib/gcc/nios2-elf/4.1.2/../../../../nios2-elf/lib\libc.a(lib_a-fstatr.o)
                0x0100dd64                _fstat_r
 .text          0x0100ddd8       0x70 c:/altera/12.0sp2/nios2eds/bin/gnu/h-i686-mingw32/bin/../lib/gcc/nios2-elf/4.1.2/../../../../nios2-elf/lib\libc.a(lib_a-isattyr.o)
                0x0100ddd8                _isatty_r
 .text          0x0100de48       0x78 c:/altera/12.0sp2/nios2eds/bin/gnu/h-i686-mingw32/bin/../lib/gcc/nios2-elf/4.1.2/../../../../nios2-elf/lib\libc.a(lib_a-lseekr.o)
                0x0100de48                _lseek_r
 .text          0x0100dec0       0x78 c:/altera/12.0sp2/nios2eds/bin/gnu/h-i686-mingw32/bin/../lib/gcc/nios2-elf/4.1.2/../../../../nios2-elf/lib\libc.a(lib_a-readr.o)
                0x0100dec0                _read_r
 .text          0x0100df38       0x98 c:/altera/12.0sp2/nios2eds/bin/gnu/h-i686-mingw32/bin/../lib/gcc/nios2-elf/4.1.2\libgcc.a(_muldi3.o)
                0x0100df38                __muldi3
 .text          0x0100dfd0      0x5dc c:/altera/12.0sp2/nios2eds/bin/gnu/h-i686-mingw32/bin/../lib/gcc/nios2-elf/4.1.2\libgcc.a(_udivdi3.o)
                0x0100dfd0                __udivdi3
 .text          0x0100e5ac      0x5b0 c:/altera/12.0sp2/nios2eds/bin/gnu/h-i686-mingw32/bin/../lib/gcc/nios2-elf/4.1.2\libgcc.a(_umoddi3.o)
                0x0100e5ac                __umoddi3
 .text          0x0100eb5c      0x504 c:/altera/12.0sp2/nios2eds/bin/gnu/h-i686-mingw32/bin/../lib/gcc/nios2-elf/4.1.2\libgcc.a(_addsub_df.o)
                0x0100ef6c                __subdf3
                0x0100efec                __adddf3
 .text          0x0100f060      0x3c4 c:/altera/12.0sp2/nios2eds/bin/gnu/h-i686-mingw32/bin/../lib/gcc/nios2-elf/4.1.2\libgcc.a(_mul_df.o)
                0x0100f060                __muldf3
 .text          0x0100f424      0x258 c:/altera/12.0sp2/nios2eds/bin/gnu/h-i686-mingw32/bin/../lib/gcc/nios2-elf/4.1.2\libgcc.a(_div_df.o)
                0x0100f424                __divdf3
 .text          0x0100f67c       0x88 c:/altera/12.0sp2/nios2eds/bin/gnu/h-i686-mingw32/bin/../lib/gcc/nios2-elf/4.1.2\libgcc.a(_eq_df.o)
                0x0100f67c                __eqdf2
 .text          0x0100f704       0x88 c:/altera/12.0sp2/nios2eds/bin/gnu/h-i686-mingw32/bin/../lib/gcc/nios2-elf/4.1.2\libgcc.a(_ne_df.o)
                0x0100f704                __nedf2
 .text          0x0100f78c       0x88 c:/altera/12.0sp2/nios2eds/bin/gnu/h-i686-mingw32/bin/../lib/gcc/nios2-elf/4.1.2\libgcc.a(_gt_df.o)
                0x0100f78c                __gtdf2
 .text          0x0100f814       0x88 c:/altera/12.0sp2/nios2eds/bin/gnu/h-i686-mingw32/bin/../lib/gcc/nios2-elf/4.1.2\libgcc.a(_ge_df.o)
                0x0100f814                __gedf2
 .text          0x0100f89c       0x88 c:/altera/12.0sp2/nios2eds/bin/gnu/h-i686-mingw32/bin/../lib/gcc/nios2-elf/4.1.2\libgcc.a(_lt_df.o)
                0x0100f89c                __ltdf2
 .text          0x0100f924       0xf8 c:/altera/12.0sp2/nios2eds/bin/gnu/h-i686-mingw32/bin/../lib/gcc/nios2-elf/4.1.2\libgcc.a(_si_to_df.o)
                0x0100f924                __floatsidf
 .text          0x0100fa1c       0xd8 c:/altera/12.0sp2/nios2eds/bin/gnu/h-i686-mingw32/bin/../lib/gcc/nios2-elf/4.1.2\libgcc.a(_df_to_si.o)
                0x0100fa1c                __fixdfsi
 .text          0x0100faf4        0x0 c:/altera/12.0sp2/nios2eds/bin/gnu/h-i686-mingw32/bin/../lib/gcc/nios2-elf/4.1.2\libgcc.a(_thenan_df.o)
 .text          0x0100faf4      0x194 c:/altera/12.0sp2/nios2eds/bin/gnu/h-i686-mingw32/bin/../lib/gcc/nios2-elf/4.1.2\libgcc.a(_usi_to_df.o)
                0x0100faf4                __floatunsidf
 .text          0x0100fc88      0x14c c:/altera/12.0sp2/nios2eds/bin/gnu/h-i686-mingw32/bin/../lib/gcc/nios2-elf/4.1.2\libgcc.a(lib2-divmod.o)
                0x0100fd04                __divsi3
                0x0100fd64                __modsi3
                0x0100fdc4                __udivsi3
                0x0100fdcc                __umodsi3
 .text          0x0100fdd4        0x0 c:/altera/12.0sp2/nios2eds/bin/gnu/h-i686-mingw32/bin/../lib/gcc/nios2-elf/4.1.2\libgcc.a(_clz.o)
 .text          0x0100fdd4       0x80 c:/altera/12.0sp2/nios2eds/bin/gnu/h-i686-mingw32/bin/../lib/gcc/nios2-elf/4.1.2\libgcc.a(_clzsi2.o)
                0x0100fdd4                __clzsi2
 .text          0x0100fe54      0x314 c:/altera/12.0sp2/nios2eds/bin/gnu/h-i686-mingw32/bin/../lib/gcc/nios2-elf/4.1.2\libgcc.a(_pack_df.o)
                0x0100fe54                __pack_d
 .text          0x01010168      0x138 c:/altera/12.0sp2/nios2eds/bin/gnu/h-i686-mingw32/bin/../lib/gcc/nios2-elf/4.1.2\libgcc.a(_unpack_df.o)
                0x01010168                __unpack_d
 .text          0x010102a0       0xc8 c:/altera/12.0sp2/nios2eds/bin/gnu/h-i686-mingw32/bin/../lib/gcc/nios2-elf/4.1.2\libgcc.a(_fpcmp_parts_df.o)
                0x010102a0                __fpcmp_parts_d
 .text          0x01010368       0xf0 ../almost_5_bsp/\libhal_bsp.a(alt_close.o)
                0x01010368                close
 .text          0x01010458        0x8 ../almost_5_bsp/\libhal_bsp.a(alt_dev.o)
 .text          0x01010460        0x0 ../almost_5_bsp/\libhal_bsp.a(alt_errno.o)
 .text          0x01010460       0x90 ../almost_5_bsp/\libhal_bsp.a(alt_fstat.o)
                0x01010460                fstat
 .text          0x010104f0      0x184 ../almost_5_bsp/\libhal_bsp.a(alt_gettod.o)
                0x010104f0                gettimeofday
 .text          0x01010674       0xc0 ../almost_5_bsp/\libhal_bsp.a(alt_irq_register.o)
                0x01010674                alt_irq_register
 .text          0x01010734        0x0 ../almost_5_bsp/\libhal_bsp.a(alt_irq_vars.o)
 .text          0x01010734       0x84 ../almost_5_bsp/\libhal_bsp.a(alt_isatty.o)
                0x01010734                isatty
 .text          0x010107b8       0xb4 ../almost_5_bsp/\libhal_bsp.a(alt_load.o)
                0x010107b8                alt_load
 .text          0x0101086c       0x9c ../almost_5_bsp/\libhal_bsp.a(alt_lseek.o)
                0x0101086c                lseek
 .text          0x01010908       0x60 ../almost_5_bsp/\libhal_bsp.a(alt_main.o)
                0x01010908                alt_main
 .text          0x01010968        0x8 ../almost_5_bsp/\libhal_bsp.a(alt_malloc_lock.o)
                0x01010968                __malloc_lock
                0x0101096c                __malloc_unlock
 .text          0x01010970      0x11c ../almost_5_bsp/\libhal_bsp.a(alt_read.o)
                0x01010970                read
 .text          0x01010a8c       0x24 ../almost_5_bsp/\libhal_bsp.a(alt_release_fd.o)
                0x01010a8c                alt_release_fd
 .text          0x01010ab0       0x54 ../almost_5_bsp/\libhal_bsp.a(alt_sbrk.o)
                0x01010ab0                sbrk
 .text          0x01010b04      0x11c ../almost_5_bsp/\libhal_bsp.a(alt_tick.o)
                0x01010b04                alt_alarm_stop
                0x01010b38                alt_tick
 .text          0x01010c20      0x118 ../almost_5_bsp/\libhal_bsp.a(alt_write.o)
                0x01010c20                write
 .text          0x01010d38      0x234 ../almost_5_bsp/\libhal_bsp.a(alt_sys_init.o)
                0x01010d38                alt_irq_init
                0x01010d58                alt_sys_init
 .text          0x01010f6c       0x3c ../almost_5_bsp/\libhal_bsp.a(altera_avalon_jtag_uart_fd.o)
                0x01010f6c                altera_avalon_jtag_uart_ioctl_fd
                0x01010f78                altera_avalon_jtag_uart_close_fd
                0x01010f88                altera_avalon_jtag_uart_write_fd
                0x01010f98                altera_avalon_jtag_uart_read_fd
 .text          0x01010fa8      0x220 ../almost_5_bsp/\libhal_bsp.a(altera_avalon_jtag_uart_init.o)
                0x01010fa8                altera_avalon_jtag_uart_close
                0x01011048                altera_avalon_jtag_uart_init
 .text          0x010111c8       0x88 ../almost_5_bsp/\libhal_bsp.a(altera_avalon_jtag_uart_ioctl.o)
                0x010111c8                altera_avalon_jtag_uart_ioctl
 .text          0x01011250      0x16c ../almost_5_bsp/\libhal_bsp.a(altera_avalon_jtag_uart_read.o)
                0x01011250                altera_avalon_jtag_uart_read
 .text          0x010113bc      0x184 ../almost_5_bsp/\libhal_bsp.a(altera_avalon_jtag_uart_write.o)
                0x010113bc                altera_avalon_jtag_uart_write
 .text          0x01011540       0x6c ../almost_5_bsp/\libhal_bsp.a(altera_avalon_timer_sc.o)
                0x01011540                alt_avalon_timer_sc_init
 .text          0x010115ac      0x370 ../almost_5_bsp/\libhal_bsp.a(altera_up_avalon_audio.o)
                0x010115ac                alt_up_audio_write_fifo_head
                0x010115c8                alt_up_audio_read_fifo_head
                0x010115e4                alt_up_audio_write_fifo
                0x01011650                alt_up_audio_read_fifo
                0x010116bc                alt_up_audio_write_fifo_space
                0x010116d8                alt_up_audio_read_fifo_avail
                0x010116f4                alt_up_audio_reset_audio_core
                0x01011718                alt_up_audio_write_interrupt_pending
                0x0101172c                alt_up_audio_read_interrupt_pending
                0x01011740                alt_up_audio_disable_write_interrupt
                0x01011758                alt_up_audio_enable_write_interrupt
                0x0101176c                alt_up_audio_disable_read_interrupt
                0x01011784                alt_up_audio_enable_read_interrupt
                0x01011798                alt_up_audio_open_dev
                0x010117a4                alt_up_audio_record_l
                0x01011804                alt_up_audio_record_r
                0x01011860                alt_up_audio_play_r
                0x010118c0                alt_up_audio_play_l
 .text          0x0101191c      0x3fc ../almost_5_bsp/\libhal_bsp.a(altera_up_avalon_audio_and_video_config.o)
                0x0101191c                alt_up_av_config_disable_interrupt
                0x0101192c                alt_up_av_config_enable_interrupt
                0x01011940                alt_up_av_config_reset
                0x01011954                alt_up_av_config_read_ready
                0x01011968                alt_up_av_config_read_acknowledge
                0x01011990                alt_up_av_config_write_data
                0x010119b0                alt_up_av_config_open_dev
                0x010119e4                alt_up_av_config_read_data
                0x01011a28                alt_up_av_config_write_LTM_cfg_register
                0x01011a64                alt_up_av_config_write_D5M_cfg_register
                0x01011aa0                alt_up_av_config_write_DC2_cfg_register
                0x01011ae0                alt_up_av_config_write_video_cfg_register
                0x01011b40                alt_up_av_config_write_audio_cfg_register
                0x01011b80                alt_up_av_config_read_LTM_cfg_register
                0x01011bdc                alt_up_av_config_read_D5M_cfg_register
                0x01011c38                alt_up_av_config_read_DC2_cfg_register
                0x01011c98                alt_up_av_config_read_video_cfg_register
 .text          0x01011d18      0x1fc ../almost_5_bsp/\libhal_bsp.a(altera_up_avalon_character_lcd.o)
                0x01011d18                get_DDRAM_addr
                0x01011d30                alt_up_character_lcd_string
                0x01011d4c                alt_up_character_lcd_write
                0x01011d74                alt_up_character_lcd_init
                0x01011d84                alt_up_character_lcd_send_cmd
                0x01011d94                alt_up_character_lcd_open_dev
                0x01011da0                alt_up_character_lcd_shift_cursor
                0x01011df0                alt_up_character_lcd_set_cursor_pos
                0x01011e2c                alt_up_character_lcd_cursor_blink_on
                0x01011e3c                alt_up_character_lcd_cursor_off
                0x01011e4c                alt_up_character_lcd_erase_pos
                0x01011e98                alt_up_character_lcd_shift_display
                0x01011ee8                alt_up_character_lcd_write_fd
 .text          0x01011f14      0x310 ../almost_5_bsp/\libhal_bsp.a(altera_up_avalon_ps2.o)
                0x01011f14                read_RI_bit
                0x01011f20                read_RE_bit
                0x01011f28                read_CE_bit
                0x01011f34                read_num_bytes_available
                0x01011f3c                read_data_valid
                0x01011f48                read_data_byte
                0x01011f50                alt_up_ps2_open_dev
                0x01011f5c                alt_up_ps2_read_data_byte_timeout
                0x01011f98                alt_up_ps2_write_data_byte
                0x01011fc4                alt_up_ps2_disable_read_interrupt
                0x01011fe0                alt_up_ps2_enable_read_interrupt
                0x01011ff8                alt_up_ps2_clear_fifo
                0x0101200c                alt_up_ps2_read_data_byte
                0x01012030                alt_up_ps2_read_fd
                0x01012074                alt_up_ps2_wait_for_ack
                0x010120b4                alt_up_ps2_write_fd
                0x010120fc                alt_up_ps2_write_data_byte_with_ack
                0x0101215c                alt_up_ps2_init
 .text          0x01012224      0x134 ../almost_5_bsp/\libhal_bsp.a(altera_up_avalon_video_character_buffer_with_dma.o)
                0x01012224                alt_up_char_buffer_string
                0x01012280                alt_up_char_buffer_draw
                0x010122d8                alt_up_char_buffer_clear
                0x010122fc                alt_up_char_buffer_open_dev
                0x01012308                alt_up_char_buffer_init
 .text          0x01012358      0xa7c ../almost_5_bsp/\libhal_bsp.a(altera_up_avalon_video_pixel_buffer_dma.o)
                0x01012358                helper_plot_pixel
                0x010123b0                alt_up_pixel_buffer_dma_draw_vline
                0x01012528                alt_up_pixel_buffer_dma_draw_hline
                0x01012690                alt_up_pixel_buffer_dma_draw_rectangle
                0x0101275c                alt_up_pixel_buffer_dma_draw_box
                0x01012968                alt_up_pixel_buffer_dma_clear_screen
                0x01012a10                alt_up_pixel_buffer_dma_swap_buffers
                0x01012a34                alt_up_pixel_buffer_dma_draw
                0x01012af4                alt_up_pixel_buffer_dma_check_swap_buffers_status
                0x01012b04                alt_up_pixel_buffer_dma_change_back_buffer_address
                0x01012b2c                alt_up_pixel_buffer_dma_open_dev
                0x01012b38                alt_up_pixel_buffer_dma_draw_line
 .text          0x01012dd4      0x654 ../almost_5_bsp/\libhal_bsp.a(altera_up_ps2_keyboard.o)
                0x01012dd4                get_multi_byte_make_code_index
                0x01012e14                get_single_byte_make_code_index
                0x01012e54                get_next_state
                0x01013000                set_keyboard_rate
                0x01013054                reset_keyboard
                0x010130c0                translate_make_code
                0x010131e4                decode_scancode
 .text          0x01013428     0x50e0 ../almost_5_bsp/\libhal_bsp.a(altera_up_sd_card_avalon_interface.o)
                0x01013428                match_file_record_to_name_ext
                0x010138f8                convert_filename_to_name_extension
                0x01013bd8                copy_file_record_name_to_string
                0x01013d10                alt_up_sd_card_set_attributes
                0x01013d48                alt_up_sd_card_get_attributes
                0x01013d88                alt_up_sd_card_is_Present
                0x01013df4                alt_up_sd_card_open_dev
                0x01013e60                get_dir_divider_location
                0x01013ee0                check_file_name_for_FAT16_compliance
                0x01013fec                filename_to_upper_case
                0x01014048                Write_File_Record_At_Offset
                0x0101426c                Read_File_Record_At_Offset
                0x0101444c                Write_Sector_Data
                0x010144f8                Read_Sector_Data
                0x010145f4                find_first_empty_record_in_root_directory
                0x010146a8                find_first_empty_cluster
                0x0101479c                mark_cluster
                0x0101484c                get_cluster_flag
                0x010148d4                Save_Modified_Sector
                0x010148f0                alt_up_sd_card_fclose
                0x01014a50                Read_Sector_Data_CRC
                0x01014b4c                Read_Sector_Data_Attempt_CRC
                0x01014bd4                Check_for_DOS_FAT
                0x01014f98                Check_for_Master_Boot_Record
                0x010151a4                Look_for_FAT16
                0x010152e0                alt_up_sd_card_is_FAT16
                0x01015390                alt_up_sd_card_find_next
                0x010157a4                find_file_in_directory
                0x01016468                alt_up_sd_card_read
                0x01016604                get_home_directory_cluster_for_file
                0x010172d0                alt_up_sd_card_find_first
                0x010173ac                alt_up_sd_card_write
                0x010177e8                find_first_empty_record_in_a_subdirectory
                0x01017b14                create_file
                0x01018220                alt_up_sd_card_fopen
 .text          0x01018508       0x94 ../almost_5_bsp/\libhal_bsp.a(alt_alarm_start.o)
                0x01018508                alt_alarm_start
 .text          0x0101859c       0x18 ../almost_5_bsp/\libhal_bsp.a(alt_dcache_flush_all.o)
                0x0101859c                alt_dcache_flush_all
 .text          0x010185b4       0x7c ../almost_5_bsp/\libhal_bsp.a(alt_dev_llist_insert.o)
                0x010185b4                alt_dev_llist_insert
 .text          0x01018630       0x4c ../almost_5_bsp/\libhal_bsp.a(alt_do_ctors.o)
                0x01018630                _do_ctors
 .text          0x0101867c       0x4c ../almost_5_bsp/\libhal_bsp.a(alt_do_dtors.o)
                0x0101867c                _do_dtors
 .text          0x010186c8       0x94 ../almost_5_bsp/\libhal_bsp.a(alt_find_dev.o)
                0x010186c8                alt_find_dev
 .text          0x0101875c        0xc ../almost_5_bsp/\libhal_bsp.a(alt_icache_flush_all.o)
                0x0101875c                alt_icache_flush_all
 .text          0x01018768      0x104 ../almost_5_bsp/\libhal_bsp.a(alt_io_redirect.o)
                0x01018768                alt_io_redirect
 .text          0x0101886c        0x0 ../almost_5_bsp/\libhal_bsp.a(alt_irq_entry.o)
 .text          0x0101886c        0x0 ../almost_5_bsp/\libhal_bsp.a(alt_irq_handler.o)
 .text          0x0101886c      0x180 ../almost_5_bsp/\libhal_bsp.a(alt_open.o)
                0x0101886c                open
 .text          0x010189ec        0x8 ../almost_5_bsp/\libhal_bsp.a(altera_nios2_qsys_irq.o)
                0x010189ec                altera_nios2_qsys_irq_init
 .text          0x010189f4        0x0 ../almost_5_bsp/\libhal_bsp.a(alt_exception_entry.o)
 .text          0x010189f4       0xb0 ../almost_5_bsp/\libhal_bsp.a(alt_find_file.o)
                0x010189f4                alt_find_file
 .text          0x01018aa4       0x60 ../almost_5_bsp/\libhal_bsp.a(alt_get_fd.o)
                0x01018aa4                alt_get_fd
 .text          0x01018b04       0x38 ../almost_5_bsp/\libhal_bsp.a(alt_icache_flush.o)
                0x01018b04                alt_icache_flush
 .text          0x01018b3c       0x14 c:/altera/12.0sp2/nios2eds/bin/gnu/h-i686-mingw32/bin/../lib/gcc/nios2-elf/4.1.2/../../../../nios2-elf/lib\libc.a(lib_a-atexit.o)
                0x01018b3c                atexit
 .text          0x01018b50       0x38 c:/altera/12.0sp2/nios2eds/bin/gnu/h-i686-mingw32/bin/../lib/gcc/nios2-elf/4.1.2/../../../../nios2-elf/lib\libc.a(lib_a-exit.o)
                0x01018b50                exit
 .text          0x01018b88       0x74 c:/altera/12.0sp2/nios2eds/bin/gnu/h-i686-mingw32/bin/../lib/gcc/nios2-elf/4.1.2/../../../../nios2-elf/lib\libc.a(lib_a-memcmp.o)
                0x01018b88                memcmp
 .text          0x01018bfc       0x8c c:/altera/12.0sp2/nios2eds/bin/gnu/h-i686-mingw32/bin/../lib/gcc/nios2-elf/4.1.2/../../../../nios2-elf/lib\libc.a(lib_a-strcpy.o)
                0x01018bfc                strcpy
 .text          0x01018c88      0x134 c:/altera/12.0sp2/nios2eds/bin/gnu/h-i686-mingw32/bin/../lib/gcc/nios2-elf/4.1.2/../../../../nios2-elf/lib\libc.a(lib_a-__atexit.o)
                0x01018c88                __register_exitproc
 .text          0x01018dbc      0x1b4 c:/altera/12.0sp2/nios2eds/bin/gnu/h-i686-mingw32/bin/../lib/gcc/nios2-elf/4.1.2/../../../../nios2-elf/lib\libc.a(lib_a-__call_atexit.o)
                0x01018dc0                __call_exitprocs
 .text          0x01018f70       0x14 ../almost_5_bsp/\libhal_bsp.a(alt_exit.o)
                0x01018f70                _exit
 *(.gnu.warning.*)
 *(.fini)
                0x01018f84                PROVIDE (__etext, ABSOLUTE (.))
                0x01018f84                PROVIDE (_etext, ABSOLUTE (.))
                0x01018f84                PROVIDE (etext, ABSOLUTE (.))
 *(.eh_frame_hdr)
                0x01018f84                . = ALIGN (0x4)
                0x01018f84                PROVIDE (__preinit_array_start, ABSOLUTE (.))
 *(.preinit_array)
                0x01018f84                PROVIDE (__preinit_array_end, ABSOLUTE (.))
                0x01018f84                PROVIDE (__init_array_start, ABSOLUTE (.))
 *(.init_array)
                0x01018f84                PROVIDE (__init_array_end, ABSOLUTE (.))
                0x01018f84                PROVIDE (__fini_array_start, ABSOLUTE (.))
 *(.fini_array)
                0x01018f84                PROVIDE (__fini_array_end, ABSOLUTE (.))
 *(.eh_frame)
 .eh_frame      0x01018f84       0x40 c:/altera/12.0sp2/nios2eds/bin/gnu/h-i686-mingw32/bin/../lib/gcc/nios2-elf/4.1.2\libgcc.a(_udivdi3.o)
 .eh_frame      0x01018fc4       0x2c c:/altera/12.0sp2/nios2eds/bin/gnu/h-i686-mingw32/bin/../lib/gcc/nios2-elf/4.1.2\libgcc.a(_umoddi3.o)
                                 0x40 (size before relaxing)
 *(.gcc_except_table)
 *(.dynamic)
                0x01018ff0                PROVIDE (__CTOR_LIST__, ABSOLUTE (.))
 *(.ctors)
 *(SORT(.ctors.*))
 .ctors.65535   0x01018ff0        0x4 c:/altera/12.0sp2/nios2eds/bin/gnu/h-i686-mingw32/bin/../lib/gcc/nios2-elf/4.1.2/../../../../nios2-elf/lib\libc.a(lib_a-__call_atexit.o)
                0x01018ff4                PROVIDE (__CTOR_END__, ABSOLUTE (.))
                0x01018ff4                PROVIDE (__DTOR_LIST__, ABSOLUTE (.))
 *(.dtors)
 *(SORT(.dtors.*))
                0x01018ff4                PROVIDE (__DTOR_END__, ABSOLUTE (.))
 *(.jcr)
                0x01018ff4                . = ALIGN (0x4)

.rodata         0x01018ff4      0xb9c
                0x01018ff4                PROVIDE (__ram_rodata_start, ABSOLUTE (.))
                0x01018ff4                . = ALIGN (0x4)
 *(.rodata .rodata.* .gnu.linkonce.r.*)
 .rodata.str1.4
                0x01018ff4        0xb obj/default/col.o
                                  0xc (size before relaxing)
 *fill*         0x01018fff        0x1 00
 .rodata.str1.4
                0x01019000      0x2d8 obj/default/main.o
 .rodata.str1.4
                0x010192d8       0x1d obj/default/object_spawner.o
                                 0x20 (size before relaxing)
 *fill*         0x010192f5        0x3 00
 .rodata.str1.4
                0x010192f8       0x87 obj/default/sd_audio.o
                                 0x88 (size before relaxing)
 .rodata.str1.4
                0x00000000       0x87 c:/altera/12.0sp2/nios2eds/bin/gnu/h-i686-mingw32/bin/../lib/gcc/nios2-elf/4.1.2/../../../../nios2-elf/lib\libc.a(lib_a-puts.o)
                                  0x4 (size before relaxing)
 *fill*         0x0101937f        0x1 00
 .rodata.str1.4
                0x01019380       0x5e c:/altera/12.0sp2/nios2eds/bin/gnu/h-i686-mingw32/bin/../lib/gcc/nios2-elf/4.1.2/../../../../nios2-elf/lib\libc.a(lib_a-vfprintf.o)
                                 0x60 (size before relaxing)
 .rodata        0x010193de       0x20 c:/altera/12.0sp2/nios2eds/bin/gnu/h-i686-mingw32/bin/../lib/gcc/nios2-elf/4.1.2/../../../../nios2-elf/lib\libc.a(lib_a-vfprintf.o)
 .rodata        0x010193fe      0x281 c:/altera/12.0sp2/nios2eds/bin/gnu/h-i686-mingw32/bin/../lib/gcc/nios2-elf/4.1.2/../../../../nios2-elf/lib\libc.a(lib_a-ctype_.o)
                0x010193fe                _ctype_
 *fill*         0x0101967f        0x1 00
 .rodata.str1.4
                0x01019680       0x10 c:/altera/12.0sp2/nios2eds/bin/gnu/h-i686-mingw32/bin/../lib/gcc/nios2-elf/4.1.2/../../../../nios2-elf/lib\libc.a(lib_a-dtoa.o)
                                 0x14 (size before relaxing)
 .rodata.str1.4
                0x01019690        0x2 c:/altera/12.0sp2/nios2eds/bin/gnu/h-i686-mingw32/bin/../lib/gcc/nios2-elf/4.1.2/../../../../nios2-elf/lib\libc.a(lib_a-impure.o)
                                  0x4 (size before relaxing)
 *fill*         0x01019692        0x2 00
 .rodata.str1.4
                0x01019694        0xf c:/altera/12.0sp2/nios2eds/bin/gnu/h-i686-mingw32/bin/../lib/gcc/nios2-elf/4.1.2/../../../../nios2-elf/lib\libc.a(lib_a-locale.o)
                                 0x18 (size before relaxing)
 *fill*         0x010196a3        0x1 00
 .rodata        0x010196a4       0x30 c:/altera/12.0sp2/nios2eds/bin/gnu/h-i686-mingw32/bin/../lib/gcc/nios2-elf/4.1.2/../../../../nios2-elf/lib\libc.a(lib_a-locale.o)
 .rodata        0x010196d4      0x124 c:/altera/12.0sp2/nios2eds/bin/gnu/h-i686-mingw32/bin/../lib/gcc/nios2-elf/4.1.2/../../../../nios2-elf/lib\libc.a(lib_a-mprec.o)
                0x010196d4                __mprec_tens
                0x0101979c                __mprec_bigtens
                0x010197c4                __mprec_tinytens
 .rodata        0x010197f8       0x14 c:/altera/12.0sp2/nios2eds/bin/gnu/h-i686-mingw32/bin/../lib/gcc/nios2-elf/4.1.2\libgcc.a(_thenan_df.o)
                0x010197f8                __thenan_df
 .rodata        0x0101980c      0x100 c:/altera/12.0sp2/nios2eds/bin/gnu/h-i686-mingw32/bin/../lib/gcc/nios2-elf/4.1.2\libgcc.a(_clz.o)
                0x0101980c                __clz_tab
 .rodata.str1.4
                0x0101990c        0xa ../almost_5_bsp/\libhal_bsp.a(alt_dev.o)
                                  0xc (size before relaxing)
 *fill*         0x01019916        0x2 00
 .rodata.str1.4
                0x01019918        0xf ../almost_5_bsp/\libhal_bsp.a(alt_main.o)
                                 0x10 (size before relaxing)
 *fill*         0x01019927        0x1 00
 .rodata.str1.4
                0x01019928       0x56 ../almost_5_bsp/\libhal_bsp.a(alt_sys_init.o)
                                 0xb8 (size before relaxing)
 .rodata.str1.4
                0x00000000       0x56 ../almost_5_bsp/\libhal_bsp.a(altera_up_avalon_video_character_buffer_with_dma.o)
                                 0x1c (size before relaxing)
 *fill*         0x0101997e        0x2 00
 .rodata.str1.4
                0x01019980      0x210 ../almost_5_bsp/\libhal_bsp.a(altera_up_ps2_keyboard.o)
                                0x238 (size before relaxing)
 *(.rodata1)
                0x01019b90                . = ALIGN (0x4)
                0x01019b90                PROVIDE (__ram_rodata_end, ABSOLUTE (.))
                0x01018ff4                PROVIDE (__flash_rodata_start, LOADADDR (.rodata))

.rwdata         0x01019b90     0x1f00 load address 0x0101ba90
                0x01019b90                PROVIDE (__ram_rwdata_start, ABSOLUTE (.))
                0x01019b90                . = ALIGN (0x4)
 *(.got.plt)
 *(.got)
 *(.data1)
 *(.data .data.* .gnu.linkonce.d.*)
 .data          0x01019b90        0x0 ../almost_5_bsp//obj/HAL/src/crt0.o
 .data          0x01019b90        0x0 obj/default/col.o
 .data          0x01019b90        0x0 obj/default/main.o
 .data          0x01019b90        0x0 obj/default/object_spawner.o
 .data          0x01019b90        0x0 obj/default/sd_audio.o
 .data          0x01019b90        0x0 c:/altera/12.0sp2/nios2eds/bin/gnu/h-i686-mingw32/bin/../lib/gcc/nios2-elf/4.1.2/../../../../nios2-elf/lib\libc.a(lib_a-atoi.o)
 .data          0x01019b90        0x0 c:/altera/12.0sp2/nios2eds/bin/gnu/h-i686-mingw32/bin/../lib/gcc/nios2-elf/4.1.2/../../../../nios2-elf/lib\libc.a(lib_a-malloc.o)
 .data          0x01019b90      0x408 c:/altera/12.0sp2/nios2eds/bin/gnu/h-i686-mingw32/bin/../lib/gcc/nios2-elf/4.1.2/../../../../nios2-elf/lib\libc.a(lib_a-mallocr.o)
                0x01019b90                __malloc_av_
 .data          0x01019f98        0x0 c:/altera/12.0sp2/nios2eds/bin/gnu/h-i686-mingw32/bin/../lib/gcc/nios2-elf/4.1.2/../../../../nios2-elf/lib\libc.a(lib_a-memcpy.o)
 .data          0x01019f98        0x0 c:/altera/12.0sp2/nios2eds/bin/gnu/h-i686-mingw32/bin/../lib/gcc/nios2-elf/4.1.2/../../../../nios2-elf/lib\libc.a(lib_a-printf.o)
 .data          0x01019f98        0x0 c:/altera/12.0sp2/nios2eds/bin/gnu/h-i686-mingw32/bin/../lib/gcc/nios2-elf/4.1.2/../../../../nios2-elf/lib\libc.a(lib_a-puts.o)
 .data          0x01019f98        0x0 c:/altera/12.0sp2/nios2eds/bin/gnu/h-i686-mingw32/bin/../lib/gcc/nios2-elf/4.1.2/../../../../nios2-elf/lib\libc.a(lib_a-rand.o)
 .data          0x01019f98        0x0 c:/altera/12.0sp2/nios2eds/bin/gnu/h-i686-mingw32/bin/../lib/gcc/nios2-elf/4.1.2/../../../../nios2-elf/lib\libc.a(lib_a-sbrkr.o)
 .data          0x01019f98        0x0 c:/altera/12.0sp2/nios2eds/bin/gnu/h-i686-mingw32/bin/../lib/gcc/nios2-elf/4.1.2/../../../../nios2-elf/lib\libc.a(lib_a-sprintf.o)
 .data          0x01019f98        0x0 c:/altera/12.0sp2/nios2eds/bin/gnu/h-i686-mingw32/bin/../lib/gcc/nios2-elf/4.1.2/../../../../nios2-elf/lib\libc.a(lib_a-strlen.o)
 .data          0x01019f98        0x0 c:/altera/12.0sp2/nios2eds/bin/gnu/h-i686-mingw32/bin/../lib/gcc/nios2-elf/4.1.2/../../../../nios2-elf/lib\libc.a(lib_a-strtol.o)
 .data          0x01019f98        0x0 c:/altera/12.0sp2/nios2eds/bin/gnu/h-i686-mingw32/bin/../lib/gcc/nios2-elf/4.1.2/../../../../nios2-elf/lib\libc.a(lib_a-time.o)
 .data          0x01019f98        0x0 c:/altera/12.0sp2/nios2eds/bin/gnu/h-i686-mingw32/bin/../lib/gcc/nios2-elf/4.1.2/../../../../nios2-elf/lib\libc.a(lib_a-vfprintf.o)
 .data          0x01019f98        0x0 c:/altera/12.0sp2/nios2eds/bin/gnu/h-i686-mingw32/bin/../lib/gcc/nios2-elf/4.1.2/../../../../nios2-elf/lib\libc.a(lib_a-wsetup.o)
 .data          0x01019f98        0x0 c:/altera/12.0sp2/nios2eds/bin/gnu/h-i686-mingw32/bin/../lib/gcc/nios2-elf/4.1.2/../../../../nios2-elf/lib\libc.a(lib_a-ctype_.o)
 .data          0x01019f98        0x0 c:/altera/12.0sp2/nios2eds/bin/gnu/h-i686-mingw32/bin/../lib/gcc/nios2-elf/4.1.2/../../../../nios2-elf/lib\libc.a(lib_a-dtoa.o)
 .data          0x01019f98        0x0 c:/altera/12.0sp2/nios2eds/bin/gnu/h-i686-mingw32/bin/../lib/gcc/nios2-elf/4.1.2/../../../../nios2-elf/lib\libc.a(lib_a-fflush.o)
 .data          0x01019f98        0x0 c:/altera/12.0sp2/nios2eds/bin/gnu/h-i686-mingw32/bin/../lib/gcc/nios2-elf/4.1.2/../../../../nios2-elf/lib\libc.a(lib_a-findfp.o)
 .data          0x01019f98        0x0 c:/altera/12.0sp2/nios2eds/bin/gnu/h-i686-mingw32/bin/../lib/gcc/nios2-elf/4.1.2/../../../../nios2-elf/lib\libc.a(lib_a-freer.o)
 .data          0x01019f98        0x0 c:/altera/12.0sp2/nios2eds/bin/gnu/h-i686-mingw32/bin/../lib/gcc/nios2-elf/4.1.2/../../../../nios2-elf/lib\libc.a(lib_a-fvwrite.o)
 .data          0x01019f98        0x0 c:/altera/12.0sp2/nios2eds/bin/gnu/h-i686-mingw32/bin/../lib/gcc/nios2-elf/4.1.2/../../../../nios2-elf/lib\libc.a(lib_a-fwalk.o)
 .data          0x01019f98        0x0 c:/altera/12.0sp2/nios2eds/bin/gnu/h-i686-mingw32/bin/../lib/gcc/nios2-elf/4.1.2/../../../../nios2-elf/lib\libc.a(lib_a-gettimeofdayr.o)
 .data          0x01019f98      0x400 c:/altera/12.0sp2/nios2eds/bin/gnu/h-i686-mingw32/bin/../lib/gcc/nios2-elf/4.1.2/../../../../nios2-elf/lib\libc.a(lib_a-impure.o)
 .data          0x0101a398        0x0 c:/altera/12.0sp2/nios2eds/bin/gnu/h-i686-mingw32/bin/../lib/gcc/nios2-elf/4.1.2/../../../../nios2-elf/lib\libc.a(lib_a-int_errno.o)
 .data          0x0101a398        0xc c:/altera/12.0sp2/nios2eds/bin/gnu/h-i686-mingw32/bin/../lib/gcc/nios2-elf/4.1.2/../../../../nios2-elf/lib\libc.a(lib_a-locale.o)
                0x0101a398                __lc_ctype
 .data          0x0101a3a4        0x0 c:/altera/12.0sp2/nios2eds/bin/gnu/h-i686-mingw32/bin/../lib/gcc/nios2-elf/4.1.2/../../../../nios2-elf/lib\libc.a(lib_a-makebuf.o)
 .data          0x0101a3a4        0x0 c:/altera/12.0sp2/nios2eds/bin/gnu/h-i686-mingw32/bin/../lib/gcc/nios2-elf/4.1.2/../../../../nios2-elf/lib\libc.a(lib_a-memchr.o)
 .data          0x0101a3a4        0x0 c:/altera/12.0sp2/nios2eds/bin/gnu/h-i686-mingw32/bin/../lib/gcc/nios2-elf/4.1.2/../../../../nios2-elf/lib\libc.a(lib_a-memmove.o)
 .data          0x0101a3a4        0x0 c:/altera/12.0sp2/nios2eds/bin/gnu/h-i686-mingw32/bin/../lib/gcc/nios2-elf/4.1.2/../../../../nios2-elf/lib\libc.a(lib_a-memset.o)
 .data          0x0101a3a4        0x0 c:/altera/12.0sp2/nios2eds/bin/gnu/h-i686-mingw32/bin/../lib/gcc/nios2-elf/4.1.2/../../../../nios2-elf/lib\libc.a(lib_a-mprec.o)
 .data          0x0101a3a4        0x0 c:/altera/12.0sp2/nios2eds/bin/gnu/h-i686-mingw32/bin/../lib/gcc/nios2-elf/4.1.2/../../../../nios2-elf/lib\libc.a(lib_a-reallocr.o)
 .data          0x0101a3a4        0x0 c:/altera/12.0sp2/nios2eds/bin/gnu/h-i686-mingw32/bin/../lib/gcc/nios2-elf/4.1.2/../../../../nios2-elf/lib\libc.a(lib_a-s_isinfd.o)
 .data          0x0101a3a4        0x0 c:/altera/12.0sp2/nios2eds/bin/gnu/h-i686-mingw32/bin/../lib/gcc/nios2-elf/4.1.2/../../../../nios2-elf/lib\libc.a(lib_a-s_isnand.o)
 .data          0x0101a3a4        0x0 c:/altera/12.0sp2/nios2eds/bin/gnu/h-i686-mingw32/bin/../lib/gcc/nios2-elf/4.1.2/../../../../nios2-elf/lib\libc.a(lib_a-stdio.o)
 .data          0x0101a3a4        0x0 c:/altera/12.0sp2/nios2eds/bin/gnu/h-i686-mingw32/bin/../lib/gcc/nios2-elf/4.1.2/../../../../nios2-elf/lib\libc.a(lib_a-strcmp.o)
 .data          0x0101a3a4        0x0 c:/altera/12.0sp2/nios2eds/bin/gnu/h-i686-mingw32/bin/../lib/gcc/nios2-elf/4.1.2/../../../../nios2-elf/lib\libc.a(lib_a-writer.o)
 .data          0x0101a3a4        0x0 c:/altera/12.0sp2/nios2eds/bin/gnu/h-i686-mingw32/bin/../lib/gcc/nios2-elf/4.1.2/../../../../nios2-elf/lib\libc.a(lib_a-callocr.o)
 .data          0x0101a3a4        0x0 c:/altera/12.0sp2/nios2eds/bin/gnu/h-i686-mingw32/bin/../lib/gcc/nios2-elf/4.1.2/../../../../nios2-elf/lib\libc.a(lib_a-closer.o)
 .data          0x0101a3a4        0x0 c:/altera/12.0sp2/nios2eds/bin/gnu/h-i686-mingw32/bin/../lib/gcc/nios2-elf/4.1.2/../../../../nios2-elf/lib\libc.a(lib_a-fclose.o)
 .data          0x0101a3a4        0x0 c:/altera/12.0sp2/nios2eds/bin/gnu/h-i686-mingw32/bin/../lib/gcc/nios2-elf/4.1.2/../../../../nios2-elf/lib\libc.a(lib_a-fstatr.o)
 .data          0x0101a3a4        0x0 c:/altera/12.0sp2/nios2eds/bin/gnu/h-i686-mingw32/bin/../lib/gcc/nios2-elf/4.1.2/../../../../nios2-elf/lib\libc.a(lib_a-isattyr.o)
 .data          0x0101a3a4        0x0 c:/altera/12.0sp2/nios2eds/bin/gnu/h-i686-mingw32/bin/../lib/gcc/nios2-elf/4.1.2/../../../../nios2-elf/lib\libc.a(lib_a-lseekr.o)
 .data          0x0101a3a4        0x0 c:/altera/12.0sp2/nios2eds/bin/gnu/h-i686-mingw32/bin/../lib/gcc/nios2-elf/4.1.2/../../../../nios2-elf/lib\libc.a(lib_a-readr.o)
 .data          0x0101a3a4        0x0 c:/altera/12.0sp2/nios2eds/bin/gnu/h-i686-mingw32/bin/../lib/gcc/nios2-elf/4.1.2\libgcc.a(_muldi3.o)
 .data          0x0101a3a4        0x0 c:/altera/12.0sp2/nios2eds/bin/gnu/h-i686-mingw32/bin/../lib/gcc/nios2-elf/4.1.2\libgcc.a(_udivdi3.o)
 .data          0x0101a3a4        0x0 c:/altera/12.0sp2/nios2eds/bin/gnu/h-i686-mingw32/bin/../lib/gcc/nios2-elf/4.1.2\libgcc.a(_umoddi3.o)
 .data          0x0101a3a4        0x0 c:/altera/12.0sp2/nios2eds/bin/gnu/h-i686-mingw32/bin/../lib/gcc/nios2-elf/4.1.2\libgcc.a(_addsub_df.o)
 .data          0x0101a3a4        0x0 c:/altera/12.0sp2/nios2eds/bin/gnu/h-i686-mingw32/bin/../lib/gcc/nios2-elf/4.1.2\libgcc.a(_mul_df.o)
 .data          0x0101a3a4        0x0 c:/altera/12.0sp2/nios2eds/bin/gnu/h-i686-mingw32/bin/../lib/gcc/nios2-elf/4.1.2\libgcc.a(_div_df.o)
 .data          0x0101a3a4        0x0 c:/altera/12.0sp2/nios2eds/bin/gnu/h-i686-mingw32/bin/../lib/gcc/nios2-elf/4.1.2\libgcc.a(_eq_df.o)
 .data          0x0101a3a4        0x0 c:/altera/12.0sp2/nios2eds/bin/gnu/h-i686-mingw32/bin/../lib/gcc/nios2-elf/4.1.2\libgcc.a(_ne_df.o)
 .data          0x0101a3a4        0x0 c:/altera/12.0sp2/nios2eds/bin/gnu/h-i686-mingw32/bin/../lib/gcc/nios2-elf/4.1.2\libgcc.a(_gt_df.o)
 .data          0x0101a3a4        0x0 c:/altera/12.0sp2/nios2eds/bin/gnu/h-i686-mingw32/bin/../lib/gcc/nios2-elf/4.1.2\libgcc.a(_ge_df.o)
 .data          0x0101a3a4        0x0 c:/altera/12.0sp2/nios2eds/bin/gnu/h-i686-mingw32/bin/../lib/gcc/nios2-elf/4.1.2\libgcc.a(_lt_df.o)
 .data          0x0101a3a4        0x0 c:/altera/12.0sp2/nios2eds/bin/gnu/h-i686-mingw32/bin/../lib/gcc/nios2-elf/4.1.2\libgcc.a(_si_to_df.o)
 .data          0x0101a3a4        0x0 c:/altera/12.0sp2/nios2eds/bin/gnu/h-i686-mingw32/bin/../lib/gcc/nios2-elf/4.1.2\libgcc.a(_df_to_si.o)
 .data          0x0101a3a4        0x0 c:/altera/12.0sp2/nios2eds/bin/gnu/h-i686-mingw32/bin/../lib/gcc/nios2-elf/4.1.2\libgcc.a(_thenan_df.o)
 .data          0x0101a3a4        0x0 c:/altera/12.0sp2/nios2eds/bin/gnu/h-i686-mingw32/bin/../lib/gcc/nios2-elf/4.1.2\libgcc.a(_usi_to_df.o)
 .data          0x0101a3a4        0x0 c:/altera/12.0sp2/nios2eds/bin/gnu/h-i686-mingw32/bin/../lib/gcc/nios2-elf/4.1.2\libgcc.a(lib2-divmod.o)
 .data          0x0101a3a4        0x0 c:/altera/12.0sp2/nios2eds/bin/gnu/h-i686-mingw32/bin/../lib/gcc/nios2-elf/4.1.2\libgcc.a(_clz.o)
 .data          0x0101a3a4        0x0 c:/altera/12.0sp2/nios2eds/bin/gnu/h-i686-mingw32/bin/../lib/gcc/nios2-elf/4.1.2\libgcc.a(_clzsi2.o)
 .data          0x0101a3a4        0x0 c:/altera/12.0sp2/nios2eds/bin/gnu/h-i686-mingw32/bin/../lib/gcc/nios2-elf/4.1.2\libgcc.a(_pack_df.o)
 .data          0x0101a3a4        0x0 c:/altera/12.0sp2/nios2eds/bin/gnu/h-i686-mingw32/bin/../lib/gcc/nios2-elf/4.1.2\libgcc.a(_unpack_df.o)
 .data          0x0101a3a4        0x0 c:/altera/12.0sp2/nios2eds/bin/gnu/h-i686-mingw32/bin/../lib/gcc/nios2-elf/4.1.2\libgcc.a(_fpcmp_parts_df.o)
 .data          0x0101a3a4        0x0 ../almost_5_bsp/\libhal_bsp.a(alt_close.o)
 .data          0x0101a3a4      0x1a8 ../almost_5_bsp/\libhal_bsp.a(alt_dev.o)
                0x0101a3a4                alt_dev_null
                0x0101a3cc                alt_fd_list
 .data          0x0101a54c        0x0 ../almost_5_bsp/\libhal_bsp.a(alt_errno.o)
 .data          0x0101a54c        0x0 ../almost_5_bsp/\libhal_bsp.a(alt_fstat.o)
 .data          0x0101a54c        0x0 ../almost_5_bsp/\libhal_bsp.a(alt_gettod.o)
 .data          0x0101a54c        0x0 ../almost_5_bsp/\libhal_bsp.a(alt_irq_register.o)
 .data          0x0101a54c        0x0 ../almost_5_bsp/\libhal_bsp.a(alt_irq_vars.o)
 .data          0x0101a54c        0x0 ../almost_5_bsp/\libhal_bsp.a(alt_isatty.o)
 .data          0x0101a54c        0x0 ../almost_5_bsp/\libhal_bsp.a(alt_load.o)
 .data          0x0101a54c        0x0 ../almost_5_bsp/\libhal_bsp.a(alt_lseek.o)
 .data          0x0101a54c        0x0 ../almost_5_bsp/\libhal_bsp.a(alt_main.o)
 .data          0x0101a54c        0x0 ../almost_5_bsp/\libhal_bsp.a(alt_malloc_lock.o)
 .data          0x0101a54c        0x0 ../almost_5_bsp/\libhal_bsp.a(alt_read.o)
 .data          0x0101a54c        0x0 ../almost_5_bsp/\libhal_bsp.a(alt_release_fd.o)
 .data          0x0101a54c        0x0 ../almost_5_bsp/\libhal_bsp.a(alt_sbrk.o)
 .data          0x0101a54c        0x0 ../almost_5_bsp/\libhal_bsp.a(alt_tick.o)
 .data          0x0101a54c        0x0 ../almost_5_bsp/\libhal_bsp.a(alt_write.o)
 .data          0x0101a54c     0x1218 ../almost_5_bsp/\libhal_bsp.a(alt_sys_init.o)
 .data          0x0101b764        0x0 ../almost_5_bsp/\libhal_bsp.a(altera_avalon_jtag_uart_fd.o)
 .data          0x0101b764        0x0 ../almost_5_bsp/\libhal_bsp.a(altera_avalon_jtag_uart_init.o)
 .data          0x0101b764        0x0 ../almost_5_bsp/\libhal_bsp.a(altera_avalon_jtag_uart_ioctl.o)
 .data          0x0101b764        0x0 ../almost_5_bsp/\libhal_bsp.a(altera_avalon_jtag_uart_read.o)
 .data          0x0101b764        0x0 ../almost_5_bsp/\libhal_bsp.a(altera_avalon_jtag_uart_write.o)
 .data          0x0101b764        0x0 ../almost_5_bsp/\libhal_bsp.a(altera_avalon_timer_sc.o)
 .data          0x0101b764        0x0 ../almost_5_bsp/\libhal_bsp.a(altera_up_avalon_audio.o)
 .data          0x0101b764        0x0 ../almost_5_bsp/\libhal_bsp.a(altera_up_avalon_audio_and_video_config.o)
 .data          0x0101b764        0x0 ../almost_5_bsp/\libhal_bsp.a(altera_up_avalon_character_lcd.o)
 .data          0x0101b764        0x0 ../almost_5_bsp/\libhal_bsp.a(altera_up_avalon_ps2.o)
 .data          0x0101b764        0x0 ../almost_5_bsp/\libhal_bsp.a(altera_up_avalon_video_character_buffer_with_dma.o)
 .data          0x0101b764        0x0 ../almost_5_bsp/\libhal_bsp.a(altera_up_avalon_video_pixel_buffer_dma.o)
 .data          0x0101b764      0x2cc ../almost_5_bsp/\libhal_bsp.a(altera_up_ps2_keyboard.o)
                0x0101b764                key_table
                0x0101b8fc                ascii_codes
                0x0101b962                single_byte_make_code
                0x0101b9c8                multi_byte_make_code
 .data          0x0101ba30        0x0 ../almost_5_bsp/\libhal_bsp.a(altera_up_sd_card_avalon_interface.o)
 .data          0x0101ba30        0x0 ../almost_5_bsp/\libhal_bsp.a(alt_alarm_start.o)
 .data          0x0101ba30        0x0 ../almost_5_bsp/\libhal_bsp.a(alt_dcache_flush_all.o)
 .data          0x0101ba30        0x0 ../almost_5_bsp/\libhal_bsp.a(alt_dev_llist_insert.o)
 .data          0x0101ba30        0x0 ../almost_5_bsp/\libhal_bsp.a(alt_do_ctors.o)
 .data          0x0101ba30        0x0 ../almost_5_bsp/\libhal_bsp.a(alt_do_dtors.o)
 .data          0x0101ba30        0x0 ../almost_5_bsp/\libhal_bsp.a(alt_find_dev.o)
 .data          0x0101ba30        0x0 ../almost_5_bsp/\libhal_bsp.a(alt_icache_flush_all.o)
 .data          0x0101ba30        0x0 ../almost_5_bsp/\libhal_bsp.a(alt_io_redirect.o)
 .data          0x0101ba30        0x0 ../almost_5_bsp/\libhal_bsp.a(alt_irq_entry.o)
 .data          0x0101ba30        0x0 ../almost_5_bsp/\libhal_bsp.a(alt_irq_handler.o)
 .data          0x0101ba30        0x0 ../almost_5_bsp/\libhal_bsp.a(alt_open.o)
 .data          0x0101ba30        0x0 ../almost_5_bsp/\libhal_bsp.a(altera_nios2_qsys_irq.o)
 .data          0x0101ba30        0x0 ../almost_5_bsp/\libhal_bsp.a(alt_exception_entry.o)
 .data          0x0101ba30        0x0 ../almost_5_bsp/\libhal_bsp.a(alt_find_file.o)
 .data          0x0101ba30        0x0 ../almost_5_bsp/\libhal_bsp.a(alt_get_fd.o)
 .data          0x0101ba30        0x0 ../almost_5_bsp/\libhal_bsp.a(alt_icache_flush.o)
 .data          0x0101ba30        0x0 c:/altera/12.0sp2/nios2eds/bin/gnu/h-i686-mingw32/bin/../lib/gcc/nios2-elf/4.1.2/../../../../nios2-elf/lib\libc.a(lib_a-atexit.o)
 .data          0x0101ba30        0x0 c:/altera/12.0sp2/nios2eds/bin/gnu/h-i686-mingw32/bin/../lib/gcc/nios2-elf/4.1.2/../../../../nios2-elf/lib\libc.a(lib_a-exit.o)
 .data          0x0101ba30        0x0 c:/altera/12.0sp2/nios2eds/bin/gnu/h-i686-mingw32/bin/../lib/gcc/nios2-elf/4.1.2/../../../../nios2-elf/lib\libc.a(lib_a-memcmp.o)
 .data          0x0101ba30        0x0 c:/altera/12.0sp2/nios2eds/bin/gnu/h-i686-mingw32/bin/../lib/gcc/nios2-elf/4.1.2/../../../../nios2-elf/lib\libc.a(lib_a-strcpy.o)
 .data          0x0101ba30        0x0 c:/altera/12.0sp2/nios2eds/bin/gnu/h-i686-mingw32/bin/../lib/gcc/nios2-elf/4.1.2/../../../../nios2-elf/lib\libc.a(lib_a-__atexit.o)
 .data          0x0101ba30        0x0 c:/altera/12.0sp2/nios2eds/bin/gnu/h-i686-mingw32/bin/../lib/gcc/nios2-elf/4.1.2/../../../../nios2-elf/lib\libc.a(lib_a-__call_atexit.o)
 .data          0x0101ba30        0x0 ../almost_5_bsp/\libhal_bsp.a(alt_exit.o)
                0x01023a30                _gp = ABSOLUTE ((. + 0x8000))
                0x01023a30                PROVIDE (gp, _gp)
 *(.rwdata .rwdata.*)
 *(.sdata .sdata.* .gnu.linkonce.s.*)
 .sdata         0x0101ba30       0x18 obj/default/main.o
                0x0101ba30                speed
                0x0101ba34                pixel_buffer_addr1
                0x0101ba38                pixel_buffer_addr2
                0x0101ba3c                priviledge
                0x0101ba40                highlighted_item
                0x0101ba44                highlighted_level
 .sdata         0x0101ba48        0x4 obj/default/object_spawner.o
                0x0101ba48                first_platform
 .sdata         0x0101ba4c        0x8 c:/altera/12.0sp2/nios2eds/bin/gnu/h-i686-mingw32/bin/../lib/gcc/nios2-elf/4.1.2/../../../../nios2-elf/lib\libc.a(lib_a-mallocr.o)
                0x0101ba4c                __malloc_trim_threshold
                0x0101ba50                __malloc_sbrk_base
 .sdata         0x0101ba54        0x4 c:/altera/12.0sp2/nios2eds/bin/gnu/h-i686-mingw32/bin/../lib/gcc/nios2-elf/4.1.2/../../../../nios2-elf/lib\libc.a(lib_a-ctype_.o)
                0x0101ba54                __ctype_ptr
 .sdata         0x0101ba58        0x8 c:/altera/12.0sp2/nios2eds/bin/gnu/h-i686-mingw32/bin/../lib/gcc/nios2-elf/4.1.2/../../../../nios2-elf/lib\libc.a(lib_a-impure.o)
                0x0101ba58                _impure_ptr
                0x0101ba5c                _global_impure_ptr
 .sdata         0x0101ba60        0x8 c:/altera/12.0sp2/nios2eds/bin/gnu/h-i686-mingw32/bin/../lib/gcc/nios2-elf/4.1.2/../../../../nios2-elf/lib\libc.a(lib_a-locale.o)
                0x0101ba60                __mb_cur_max
 .sdata         0x0101ba68       0x14 ../almost_5_bsp/\libhal_bsp.a(alt_dev.o)
                0x0101ba68                alt_fs_list
                0x0101ba70                alt_dev_list
                0x0101ba78                alt_max_fd
 .sdata         0x0101ba7c        0x4 ../almost_5_bsp/\libhal_bsp.a(alt_errno.o)
                0x0101ba7c                alt_errno
 .sdata         0x0101ba80        0x4 ../almost_5_bsp/\libhal_bsp.a(alt_irq_vars.o)
                0x0101ba80                alt_priority_mask
 .sdata         0x0101ba84        0x4 ../almost_5_bsp/\libhal_bsp.a(alt_sbrk.o)
 .sdata         0x0101ba88        0x8 ../almost_5_bsp/\libhal_bsp.a(alt_tick.o)
                0x0101ba88                alt_alarm_list
 *(.sdata2 .sdata2.* .gnu.linkonce.s2.*)
                0x0101ba90                . = ALIGN (0x4)
                0x0101ba90                _edata = ABSOLUTE (.)
                0x0101ba90                PROVIDE (edata, ABSOLUTE (.))
                0x0101ba90                PROVIDE (__ram_rwdata_end, ABSOLUTE (.))
                0x0101ba90                PROVIDE (__flash_rwdata_start, LOADADDR (.rwdata))

.bss            0x0101d990     0x10a0
                0x0101d990                __bss_start = ABSOLUTE (.)
                0x0101d990                PROVIDE (__sbss_start, ABSOLUTE (.))
                0x0101d990                PROVIDE (___sbss_start, ABSOLUTE (.))
 *(.dynsbss)
 *(.sbss .sbss.* .gnu.linkonce.sb.*)
 .sbss          0x0101d990        0x4 obj/default/col.o
                0x0101d990                d_counter
 .sbss          0x0101d994        0xc obj/default/main.o
                0x0101d994                game_state
                0x0101d998                p_shift
                0x0101d99c                p_counter
 .sbss          0x0101d9a0       0x44 obj/default/main.o
                0x0101d9a0                menu
                0x0101d9a4                char_buffer
                0x0101d9a8                selC
                0x0101d9ac                title
                0x0101d9b0                ind
                0x0101d9b4                dcol
                0x0101d9b8                dead
                0x0101d9bc                win
                0x0101d9c0                decode_mode
                0x0101d9c4                selB
                0x0101d9c8                ps2
                0x0101d9cc                pixel_buffer
                0x0101d9d0                ascii
                0x0101d9d1                buf
                0x0101d9d8                selA
                0x0101d9dc                name
                0x0101d9e0                instr
 .sbss          0x0101d9e4        0xc obj/default/object_spawner.o
                0x0101d9e4                count
                0x0101d9e8                prev_y
                0x0101d9ec                inc
 .sbss          0x0101d9f0        0xc c:/altera/12.0sp2/nios2eds/bin/gnu/h-i686-mingw32/bin/../lib/gcc/nios2-elf/4.1.2/../../../../nios2-elf/lib\libc.a(lib_a-mallocr.o)
                0x0101d9f0                __malloc_top_pad
                0x0101d9f4                __malloc_max_sbrked_mem
                0x0101d9f8                __malloc_max_total_mem
 .sbss          0x0101d9fc        0x4 c:/altera/12.0sp2/nios2eds/bin/gnu/h-i686-mingw32/bin/../lib/gcc/nios2-elf/4.1.2/../../../../nios2-elf/lib\libc.a(lib_a-int_errno.o)
                0x0101d9fc                errno
 .sbss          0x0101da00        0xc c:/altera/12.0sp2/nios2eds/bin/gnu/h-i686-mingw32/bin/../lib/gcc/nios2-elf/4.1.2/../../../../nios2-elf/lib\libc.a(lib_a-locale.o)
                0x0101da00                __nlocale_changed
                0x0101da04                __mlocale_changed
                0x0101da08                _PathLocale
 .sbss          0x0101da0c       0x10 ../almost_5_bsp/\libhal_bsp.a(alt_gettod.o)
                0x0101da0c                alt_timezone
                0x0101da14                alt_resettime
 .sbss          0x0101da1c        0x4 ../almost_5_bsp/\libhal_bsp.a(alt_irq_vars.o)
                0x0101da1c                alt_irq_active
 .sbss          0x0101da20        0xc ../almost_5_bsp/\libhal_bsp.a(alt_main.o)
                0x0101da20                alt_argc
                0x0101da24                alt_argv
                0x0101da28                alt_envp
 .sbss          0x0101da2c        0x8 ../almost_5_bsp/\libhal_bsp.a(alt_tick.o)
                0x0101da2c                _alt_tick_rate
                0x0101da30                _alt_nticks
 .sbss          0x0101da34        0x4 ../almost_5_bsp/\libhal_bsp.a(altera_up_ps2_keyboard.o)
 .sbss          0x0101da38       0x34 ../almost_5_bsp/\libhal_bsp.a(altera_up_sd_card_avalon_interface.o)
                0x0101da38                initialized
                0x0101da3c                is_sd_card_formated_as_FAT16
                0x0101da40                aux_status_register
                0x0101da44                status_register
                0x0101da48                CSD_register_w0
                0x0101da4c                command_register
                0x0101da50                command_argument_register
                0x0101da54                buffer_memory
                0x0101da58                fat_partition_offset_in_512_byte_sectors
                0x0101da5c                fat_partition_size_in_512_byte_sectors
                0x0101da60                device_pointer
                0x0101da64                current_sector_modified
                0x0101da68                current_sector_index
 *(.sbss2 .sbss2.* .gnu.linkonce.sb2.*)
 *(.scommon)
                0x0101da6c                PROVIDE (__sbss_end, ABSOLUTE (.))
                0x0101da6c                PROVIDE (___sbss_end, ABSOLUTE (.))
 *(.dynbss)
 *(.bss .bss.* .gnu.linkonce.b.*)
 .bss           0x0101da6c        0x0 ../almost_5_bsp//obj/HAL/src/crt0.o
 .bss           0x0101da6c        0x0 obj/default/col.o
 .bss           0x0101da6c        0x0 obj/default/main.o
 .bss           0x0101da6c        0x0 obj/default/object_spawner.o
 .bss           0x0101da6c        0x0 obj/default/sd_audio.o
 .bss           0x0101da6c        0x0 c:/altera/12.0sp2/nios2eds/bin/gnu/h-i686-mingw32/bin/../lib/gcc/nios2-elf/4.1.2/../../../../nios2-elf/lib\libc.a(lib_a-atoi.o)
 .bss           0x0101da6c        0x0 c:/altera/12.0sp2/nios2eds/bin/gnu/h-i686-mingw32/bin/../lib/gcc/nios2-elf/4.1.2/../../../../nios2-elf/lib\libc.a(lib_a-malloc.o)
 .bss           0x0101da6c       0x28 c:/altera/12.0sp2/nios2eds/bin/gnu/h-i686-mingw32/bin/../lib/gcc/nios2-elf/4.1.2/../../../../nios2-elf/lib\libc.a(lib_a-mallocr.o)
                0x0101da6c                __malloc_current_mallinfo
 .bss           0x0101da94        0x0 c:/altera/12.0sp2/nios2eds/bin/gnu/h-i686-mingw32/bin/../lib/gcc/nios2-elf/4.1.2/../../../../nios2-elf/lib\libc.a(lib_a-memcpy.o)
 .bss           0x0101da94        0x0 c:/altera/12.0sp2/nios2eds/bin/gnu/h-i686-mingw32/bin/../lib/gcc/nios2-elf/4.1.2/../../../../nios2-elf/lib\libc.a(lib_a-printf.o)
 .bss           0x0101da94        0x0 c:/altera/12.0sp2/nios2eds/bin/gnu/h-i686-mingw32/bin/../lib/gcc/nios2-elf/4.1.2/../../../../nios2-elf/lib\libc.a(lib_a-puts.o)
 .bss           0x0101da94        0x0 c:/altera/12.0sp2/nios2eds/bin/gnu/h-i686-mingw32/bin/../lib/gcc/nios2-elf/4.1.2/../../../../nios2-elf/lib\libc.a(lib_a-rand.o)
 .bss           0x0101da94        0x0 c:/altera/12.0sp2/nios2eds/bin/gnu/h-i686-mingw32/bin/../lib/gcc/nios2-elf/4.1.2/../../../../nios2-elf/lib\libc.a(lib_a-sbrkr.o)
 .bss           0x0101da94        0x0 c:/altera/12.0sp2/nios2eds/bin/gnu/h-i686-mingw32/bin/../lib/gcc/nios2-elf/4.1.2/../../../../nios2-elf/lib\libc.a(lib_a-sprintf.o)
 .bss           0x0101da94        0x0 c:/altera/12.0sp2/nios2eds/bin/gnu/h-i686-mingw32/bin/../lib/gcc/nios2-elf/4.1.2/../../../../nios2-elf/lib\libc.a(lib_a-strlen.o)
 .bss           0x0101da94        0x0 c:/altera/12.0sp2/nios2eds/bin/gnu/h-i686-mingw32/bin/../lib/gcc/nios2-elf/4.1.2/../../../../nios2-elf/lib\libc.a(lib_a-strtol.o)
 .bss           0x0101da94        0x0 c:/altera/12.0sp2/nios2eds/bin/gnu/h-i686-mingw32/bin/../lib/gcc/nios2-elf/4.1.2/../../../../nios2-elf/lib\libc.a(lib_a-time.o)
 .bss           0x0101da94        0x0 c:/altera/12.0sp2/nios2eds/bin/gnu/h-i686-mingw32/bin/../lib/gcc/nios2-elf/4.1.2/../../../../nios2-elf/lib\libc.a(lib_a-vfprintf.o)
 .bss           0x0101da94        0x0 c:/altera/12.0sp2/nios2eds/bin/gnu/h-i686-mingw32/bin/../lib/gcc/nios2-elf/4.1.2/../../../../nios2-elf/lib\libc.a(lib_a-wsetup.o)
 .bss           0x0101da94        0x0 c:/altera/12.0sp2/nios2eds/bin/gnu/h-i686-mingw32/bin/../lib/gcc/nios2-elf/4.1.2/../../../../nios2-elf/lib\libc.a(lib_a-ctype_.o)
 .bss           0x0101da94        0x0 c:/altera/12.0sp2/nios2eds/bin/gnu/h-i686-mingw32/bin/../lib/gcc/nios2-elf/4.1.2/../../../../nios2-elf/lib\libc.a(lib_a-dtoa.o)
 .bss           0x0101da94        0x0 c:/altera/12.0sp2/nios2eds/bin/gnu/h-i686-mingw32/bin/../lib/gcc/nios2-elf/4.1.2/../../../../nios2-elf/lib\libc.a(lib_a-fflush.o)
 .bss           0x0101da94        0x0 c:/altera/12.0sp2/nios2eds/bin/gnu/h-i686-mingw32/bin/../lib/gcc/nios2-elf/4.1.2/../../../../nios2-elf/lib\libc.a(lib_a-findfp.o)
 .bss           0x0101da94        0x0 c:/altera/12.0sp2/nios2eds/bin/gnu/h-i686-mingw32/bin/../lib/gcc/nios2-elf/4.1.2/../../../../nios2-elf/lib\libc.a(lib_a-freer.o)
 .bss           0x0101da94        0x0 c:/altera/12.0sp2/nios2eds/bin/gnu/h-i686-mingw32/bin/../lib/gcc/nios2-elf/4.1.2/../../../../nios2-elf/lib\libc.a(lib_a-fvwrite.o)
 .bss           0x0101da94        0x0 c:/altera/12.0sp2/nios2eds/bin/gnu/h-i686-mingw32/bin/../lib/gcc/nios2-elf/4.1.2/../../../../nios2-elf/lib\libc.a(lib_a-fwalk.o)
 .bss           0x0101da94        0x0 c:/altera/12.0sp2/nios2eds/bin/gnu/h-i686-mingw32/bin/../lib/gcc/nios2-elf/4.1.2/../../../../nios2-elf/lib\libc.a(lib_a-gettimeofdayr.o)
 .bss           0x0101da94        0x0 c:/altera/12.0sp2/nios2eds/bin/gnu/h-i686-mingw32/bin/../lib/gcc/nios2-elf/4.1.2/../../../../nios2-elf/lib\libc.a(lib_a-impure.o)
 .bss           0x0101da94        0x0 c:/altera/12.0sp2/nios2eds/bin/gnu/h-i686-mingw32/bin/../lib/gcc/nios2-elf/4.1.2/../../../../nios2-elf/lib\libc.a(lib_a-int_errno.o)
 .bss           0x0101da94        0x0 c:/altera/12.0sp2/nios2eds/bin/gnu/h-i686-mingw32/bin/../lib/gcc/nios2-elf/4.1.2/../../../../nios2-elf/lib\libc.a(lib_a-locale.o)
 .bss           0x0101da94        0x0 c:/altera/12.0sp2/nios2eds/bin/gnu/h-i686-mingw32/bin/../lib/gcc/nios2-elf/4.1.2/../../../../nios2-elf/lib\libc.a(lib_a-makebuf.o)
 .bss           0x0101da94        0x0 c:/altera/12.0sp2/nios2eds/bin/gnu/h-i686-mingw32/bin/../lib/gcc/nios2-elf/4.1.2/../../../../nios2-elf/lib\libc.a(lib_a-memchr.o)
 .bss           0x0101da94        0x0 c:/altera/12.0sp2/nios2eds/bin/gnu/h-i686-mingw32/bin/../lib/gcc/nios2-elf/4.1.2/../../../../nios2-elf/lib\libc.a(lib_a-memmove.o)
 .bss           0x0101da94        0x0 c:/altera/12.0sp2/nios2eds/bin/gnu/h-i686-mingw32/bin/../lib/gcc/nios2-elf/4.1.2/../../../../nios2-elf/lib\libc.a(lib_a-memset.o)
 .bss           0x0101da94        0x0 c:/altera/12.0sp2/nios2eds/bin/gnu/h-i686-mingw32/bin/../lib/gcc/nios2-elf/4.1.2/../../../../nios2-elf/lib\libc.a(lib_a-mprec.o)
 .bss           0x0101da94        0x0 c:/altera/12.0sp2/nios2eds/bin/gnu/h-i686-mingw32/bin/../lib/gcc/nios2-elf/4.1.2/../../../../nios2-elf/lib\libc.a(lib_a-reallocr.o)
 .bss           0x0101da94        0x0 c:/altera/12.0sp2/nios2eds/bin/gnu/h-i686-mingw32/bin/../lib/gcc/nios2-elf/4.1.2/../../../../nios2-elf/lib\libc.a(lib_a-s_isinfd.o)
 .bss           0x0101da94        0x0 c:/altera/12.0sp2/nios2eds/bin/gnu/h-i686-mingw32/bin/../lib/gcc/nios2-elf/4.1.2/../../../../nios2-elf/lib\libc.a(lib_a-s_isnand.o)
 .bss           0x0101da94        0x0 c:/altera/12.0sp2/nios2eds/bin/gnu/h-i686-mingw32/bin/../lib/gcc/nios2-elf/4.1.2/../../../../nios2-elf/lib\libc.a(lib_a-stdio.o)
 .bss           0x0101da94        0x0 c:/altera/12.0sp2/nios2eds/bin/gnu/h-i686-mingw32/bin/../lib/gcc/nios2-elf/4.1.2/../../../../nios2-elf/lib\libc.a(lib_a-strcmp.o)
 .bss           0x0101da94        0x0 c:/altera/12.0sp2/nios2eds/bin/gnu/h-i686-mingw32/bin/../lib/gcc/nios2-elf/4.1.2/../../../../nios2-elf/lib\libc.a(lib_a-writer.o)
 .bss           0x0101da94        0x0 c:/altera/12.0sp2/nios2eds/bin/gnu/h-i686-mingw32/bin/../lib/gcc/nios2-elf/4.1.2/../../../../nios2-elf/lib\libc.a(lib_a-callocr.o)
 .bss           0x0101da94        0x0 c:/altera/12.0sp2/nios2eds/bin/gnu/h-i686-mingw32/bin/../lib/gcc/nios2-elf/4.1.2/../../../../nios2-elf/lib\libc.a(lib_a-closer.o)
 .bss           0x0101da94        0x0 c:/altera/12.0sp2/nios2eds/bin/gnu/h-i686-mingw32/bin/../lib/gcc/nios2-elf/4.1.2/../../../../nios2-elf/lib\libc.a(lib_a-fclose.o)
 .bss           0x0101da94        0x0 c:/altera/12.0sp2/nios2eds/bin/gnu/h-i686-mingw32/bin/../lib/gcc/nios2-elf/4.1.2/../../../../nios2-elf/lib\libc.a(lib_a-fstatr.o)
 .bss           0x0101da94        0x0 c:/altera/12.0sp2/nios2eds/bin/gnu/h-i686-mingw32/bin/../lib/gcc/nios2-elf/4.1.2/../../../../nios2-elf/lib\libc.a(lib_a-isattyr.o)
 .bss           0x0101da94        0x0 c:/altera/12.0sp2/nios2eds/bin/gnu/h-i686-mingw32/bin/../lib/gcc/nios2-elf/4.1.2/../../../../nios2-elf/lib\libc.a(lib_a-lseekr.o)
 .bss           0x0101da94        0x0 c:/altera/12.0sp2/nios2eds/bin/gnu/h-i686-mingw32/bin/../lib/gcc/nios2-elf/4.1.2/../../../../nios2-elf/lib\libc.a(lib_a-readr.o)
 .bss           0x0101da94        0x0 c:/altera/12.0sp2/nios2eds/bin/gnu/h-i686-mingw32/bin/../lib/gcc/nios2-elf/4.1.2\libgcc.a(_muldi3.o)
 .bss           0x0101da94        0x0 c:/altera/12.0sp2/nios2eds/bin/gnu/h-i686-mingw32/bin/../lib/gcc/nios2-elf/4.1.2\libgcc.a(_udivdi3.o)
 .bss           0x0101da94        0x0 c:/altera/12.0sp2/nios2eds/bin/gnu/h-i686-mingw32/bin/../lib/gcc/nios2-elf/4.1.2\libgcc.a(_umoddi3.o)
 .bss           0x0101da94        0x0 c:/altera/12.0sp2/nios2eds/bin/gnu/h-i686-mingw32/bin/../lib/gcc/nios2-elf/4.1.2\libgcc.a(_addsub_df.o)
 .bss           0x0101da94        0x0 c:/altera/12.0sp2/nios2eds/bin/gnu/h-i686-mingw32/bin/../lib/gcc/nios2-elf/4.1.2\libgcc.a(_mul_df.o)
 .bss           0x0101da94        0x0 c:/altera/12.0sp2/nios2eds/bin/gnu/h-i686-mingw32/bin/../lib/gcc/nios2-elf/4.1.2\libgcc.a(_div_df.o)
 .bss           0x0101da94        0x0 c:/altera/12.0sp2/nios2eds/bin/gnu/h-i686-mingw32/bin/../lib/gcc/nios2-elf/4.1.2\libgcc.a(_eq_df.o)
 .bss           0x0101da94        0x0 c:/altera/12.0sp2/nios2eds/bin/gnu/h-i686-mingw32/bin/../lib/gcc/nios2-elf/4.1.2\libgcc.a(_ne_df.o)
 .bss           0x0101da94        0x0 c:/altera/12.0sp2/nios2eds/bin/gnu/h-i686-mingw32/bin/../lib/gcc/nios2-elf/4.1.2\libgcc.a(_gt_df.o)
 .bss           0x0101da94        0x0 c:/altera/12.0sp2/nios2eds/bin/gnu/h-i686-mingw32/bin/../lib/gcc/nios2-elf/4.1.2\libgcc.a(_ge_df.o)
 .bss           0x0101da94        0x0 c:/altera/12.0sp2/nios2eds/bin/gnu/h-i686-mingw32/bin/../lib/gcc/nios2-elf/4.1.2\libgcc.a(_lt_df.o)
 .bss           0x0101da94        0x0 c:/altera/12.0sp2/nios2eds/bin/gnu/h-i686-mingw32/bin/../lib/gcc/nios2-elf/4.1.2\libgcc.a(_si_to_df.o)
 .bss           0x0101da94        0x0 c:/altera/12.0sp2/nios2eds/bin/gnu/h-i686-mingw32/bin/../lib/gcc/nios2-elf/4.1.2\libgcc.a(_df_to_si.o)
 .bss           0x0101da94        0x0 c:/altera/12.0sp2/nios2eds/bin/gnu/h-i686-mingw32/bin/../lib/gcc/nios2-elf/4.1.2\libgcc.a(_thenan_df.o)
 .bss           0x0101da94        0x0 c:/altera/12.0sp2/nios2eds/bin/gnu/h-i686-mingw32/bin/../lib/gcc/nios2-elf/4.1.2\libgcc.a(_usi_to_df.o)
 .bss           0x0101da94        0x0 c:/altera/12.0sp2/nios2eds/bin/gnu/h-i686-mingw32/bin/../lib/gcc/nios2-elf/4.1.2\libgcc.a(lib2-divmod.o)
 .bss           0x0101da94        0x0 c:/altera/12.0sp2/nios2eds/bin/gnu/h-i686-mingw32/bin/../lib/gcc/nios2-elf/4.1.2\libgcc.a(_clz.o)
 .bss           0x0101da94        0x0 c:/altera/12.0sp2/nios2eds/bin/gnu/h-i686-mingw32/bin/../lib/gcc/nios2-elf/4.1.2\libgcc.a(_clzsi2.o)
 .bss           0x0101da94        0x0 c:/altera/12.0sp2/nios2eds/bin/gnu/h-i686-mingw32/bin/../lib/gcc/nios2-elf/4.1.2\libgcc.a(_pack_df.o)
 .bss           0x0101da94        0x0 c:/altera/12.0sp2/nios2eds/bin/gnu/h-i686-mingw32/bin/../lib/gcc/nios2-elf/4.1.2\libgcc.a(_unpack_df.o)
 .bss           0x0101da94        0x0 c:/altera/12.0sp2/nios2eds/bin/gnu/h-i686-mingw32/bin/../lib/gcc/nios2-elf/4.1.2\libgcc.a(_fpcmp_parts_df.o)
 .bss           0x0101da94        0x0 ../almost_5_bsp/\libhal_bsp.a(alt_close.o)
 .bss           0x0101da94        0x0 ../almost_5_bsp/\libhal_bsp.a(alt_dev.o)
 .bss           0x0101da94        0x0 ../almost_5_bsp/\libhal_bsp.a(alt_errno.o)
 .bss           0x0101da94        0x0 ../almost_5_bsp/\libhal_bsp.a(alt_fstat.o)
 .bss           0x0101da94        0x0 ../almost_5_bsp/\libhal_bsp.a(alt_gettod.o)
 .bss           0x0101da94        0x0 ../almost_5_bsp/\libhal_bsp.a(alt_irq_register.o)
 .bss           0x0101da94        0x0 ../almost_5_bsp/\libhal_bsp.a(alt_irq_vars.o)
 .bss           0x0101da94        0x0 ../almost_5_bsp/\libhal_bsp.a(alt_isatty.o)
 .bss           0x0101da94        0x0 ../almost_5_bsp/\libhal_bsp.a(alt_load.o)
 .bss           0x0101da94        0x0 ../almost_5_bsp/\libhal_bsp.a(alt_lseek.o)
 .bss           0x0101da94        0x0 ../almost_5_bsp/\libhal_bsp.a(alt_main.o)
 .bss           0x0101da94        0x0 ../almost_5_bsp/\libhal_bsp.a(alt_malloc_lock.o)
 .bss           0x0101da94        0x0 ../almost_5_bsp/\libhal_bsp.a(alt_read.o)
 .bss           0x0101da94        0x0 ../almost_5_bsp/\libhal_bsp.a(alt_release_fd.o)
 .bss           0x0101da94        0x0 ../almost_5_bsp/\libhal_bsp.a(alt_sbrk.o)
 .bss           0x0101da94        0x0 ../almost_5_bsp/\libhal_bsp.a(alt_tick.o)
 .bss           0x0101da94        0x0 ../almost_5_bsp/\libhal_bsp.a(alt_write.o)
 .bss           0x0101da94        0x0 ../almost_5_bsp/\libhal_bsp.a(alt_sys_init.o)
 .bss           0x0101da94        0x0 ../almost_5_bsp/\libhal_bsp.a(altera_avalon_jtag_uart_fd.o)
 .bss           0x0101da94        0x0 ../almost_5_bsp/\libhal_bsp.a(altera_avalon_jtag_uart_init.o)
 .bss           0x0101da94        0x0 ../almost_5_bsp/\libhal_bsp.a(altera_avalon_jtag_uart_ioctl.o)
 .bss           0x0101da94        0x0 ../almost_5_bsp/\libhal_bsp.a(altera_avalon_jtag_uart_read.o)
 .bss           0x0101da94        0x0 ../almost_5_bsp/\libhal_bsp.a(altera_avalon_jtag_uart_write.o)
 .bss           0x0101da94        0x0 ../almost_5_bsp/\libhal_bsp.a(altera_avalon_timer_sc.o)
 .bss           0x0101da94        0x0 ../almost_5_bsp/\libhal_bsp.a(altera_up_avalon_audio.o)
 .bss           0x0101da94        0x0 ../almost_5_bsp/\libhal_bsp.a(altera_up_avalon_audio_and_video_config.o)
 .bss           0x0101da94        0x0 ../almost_5_bsp/\libhal_bsp.a(altera_up_avalon_character_lcd.o)
 .bss           0x0101da94        0x0 ../almost_5_bsp/\libhal_bsp.a(altera_up_avalon_ps2.o)
 .bss           0x0101da94        0x0 ../almost_5_bsp/\libhal_bsp.a(altera_up_avalon_video_character_buffer_with_dma.o)
 .bss           0x0101da94        0x0 ../almost_5_bsp/\libhal_bsp.a(altera_up_avalon_video_pixel_buffer_dma.o)
 .bss           0x0101da94        0x0 ../almost_5_bsp/\libhal_bsp.a(altera_up_ps2_keyboard.o)
 .bss           0x0101da94        0x0 ../almost_5_bsp/\libhal_bsp.a(altera_up_sd_card_avalon_interface.o)
 .bss           0x0101da94        0x0 ../almost_5_bsp/\libhal_bsp.a(alt_alarm_start.o)
 .bss           0x0101da94        0x0 ../almost_5_bsp/\libhal_bsp.a(alt_dcache_flush_all.o)
 .bss           0x0101da94        0x0 ../almost_5_bsp/\libhal_bsp.a(alt_dev_llist_insert.o)
 .bss           0x0101da94        0x0 ../almost_5_bsp/\libhal_bsp.a(alt_do_ctors.o)
 .bss           0x0101da94        0x0 ../almost_5_bsp/\libhal_bsp.a(alt_do_dtors.o)
 .bss           0x0101da94        0x0 ../almost_5_bsp/\libhal_bsp.a(alt_find_dev.o)
 .bss           0x0101da94        0x0 ../almost_5_bsp/\libhal_bsp.a(alt_icache_flush_all.o)
 .bss           0x0101da94        0x0 ../almost_5_bsp/\libhal_bsp.a(alt_io_redirect.o)
 .bss           0x0101da94        0x0 ../almost_5_bsp/\libhal_bsp.a(alt_irq_entry.o)
 .bss           0x0101da94        0x0 ../almost_5_bsp/\libhal_bsp.a(alt_irq_handler.o)
 .bss           0x0101da94        0x0 ../almost_5_bsp/\libhal_bsp.a(alt_open.o)
 .bss           0x0101da94        0x0 ../almost_5_bsp/\libhal_bsp.a(altera_nios2_qsys_irq.o)
 .bss           0x0101da94        0x0 ../almost_5_bsp/\libhal_bsp.a(alt_exception_entry.o)
 .bss           0x0101da94        0x0 ../almost_5_bsp/\libhal_bsp.a(alt_find_file.o)
 .bss           0x0101da94        0x0 ../almost_5_bsp/\libhal_bsp.a(alt_get_fd.o)
 .bss           0x0101da94        0x0 ../almost_5_bsp/\libhal_bsp.a(alt_icache_flush.o)
 .bss           0x0101da94        0x0 c:/altera/12.0sp2/nios2eds/bin/gnu/h-i686-mingw32/bin/../lib/gcc/nios2-elf/4.1.2/../../../../nios2-elf/lib\libc.a(lib_a-atexit.o)
 .bss           0x0101da94        0x0 c:/altera/12.0sp2/nios2eds/bin/gnu/h-i686-mingw32/bin/../lib/gcc/nios2-elf/4.1.2/../../../../nios2-elf/lib\libc.a(lib_a-exit.o)
 .bss           0x0101da94        0x0 c:/altera/12.0sp2/nios2eds/bin/gnu/h-i686-mingw32/bin/../lib/gcc/nios2-elf/4.1.2/../../../../nios2-elf/lib\libc.a(lib_a-memcmp.o)
 .bss           0x0101da94        0x0 c:/altera/12.0sp2/nios2eds/bin/gnu/h-i686-mingw32/bin/../lib/gcc/nios2-elf/4.1.2/../../../../nios2-elf/lib\libc.a(lib_a-strcpy.o)
 .bss           0x0101da94        0x0 c:/altera/12.0sp2/nios2eds/bin/gnu/h-i686-mingw32/bin/../lib/gcc/nios2-elf/4.1.2/../../../../nios2-elf/lib\libc.a(lib_a-__atexit.o)
 .bss           0x0101da94        0x0 c:/altera/12.0sp2/nios2eds/bin/gnu/h-i686-mingw32/bin/../lib/gcc/nios2-elf/4.1.2/../../../../nios2-elf/lib\libc.a(lib_a-__call_atexit.o)
 .bss           0x0101da94        0x0 ../almost_5_bsp/\libhal_bsp.a(alt_exit.o)
 *(COMMON)
 COMMON         0x0101da94      0x7a4 obj/default/main.o
                0x0101da94                spikes
                0x0101dbd8                box
                0x0101dd1c                flag
                0x0101de60                playername
                0x0101de6c                co
                0x0101dfb0                box_3
                0x0101e0f4                box_1
 COMMON         0x0101e238      0x568 ../almost_5_bsp/\libhal_bsp.a(altera_up_sd_card_avalon_interface.o)
                0x0101e238                search_data
                0x0101e24c                boot_sector_data
                0x0101e2a0                active_files
 COMMON         0x0101e7a0      0x100 ../almost_5_bsp/\libhal_bsp.a(alt_irq_handler.o)
                0x0101e7a0                alt_irq
 COMMON         0x0101e8a0      0x190 c:/altera/12.0sp2/nios2eds/bin/gnu/h-i686-mingw32/bin/../lib/gcc/nios2-elf/4.1.2/../../../../nios2-elf/lib\libc.a(lib_a-atexit.o)
                0x0101e8a0                _atexit0
                0x0101ea30                . = ALIGN (0x4)
                0x0101ea30                __bss_end = ABSOLUTE (.)

.onchip_memory  0x00000000        0x0 load address 0x0101ea30
                0x00000000                PROVIDE (_alt_partition_onchip_memory_start, ABSOLUTE (.))
 *(.onchip_memory. onchip_memory.*)
                0x00000000                . = ALIGN (0x4)
                0x00000000                PROVIDE (_alt_partition_onchip_memory_end, ABSOLUTE (.))
                0x0101ea30                PROVIDE (_alt_partition_onchip_memory_load_addr, LOADADDR (.onchip_memory))

.sdram          0x0101ea30        0x0
                0x0101ea30                PROVIDE (_alt_partition_sdram_start, ABSOLUTE (.))
 *(.sdram. sdram.*)
                0x0101ea30                . = ALIGN (0x4)
                0x0101ea30                PROVIDE (_alt_partition_sdram_end, ABSOLUTE (.))
                0x0101ea30                _end = ABSOLUTE (.)
                0x0101ea30                end = ABSOLUTE (.)
                0x0101ea30                __alt_stack_base = ABSOLUTE (.)
                0x0101ea30                PROVIDE (_alt_partition_sdram_load_addr, LOADADDR (.sdram))

.stab
 *(.stab)

.stabstr
 *(.stabstr)

.stab.excl
 *(.stab.excl)

.stab.exclstr
 *(.stab.exclstr)

.stab.index
 *(.stab.index)

.stab.indexstr
 *(.stab.indexstr)

.comment        0x00000000       0x26
 *(.comment)
 .comment       0x00000000       0x26 obj/default/col.o
                                 0x27 (size before relaxing)
 .comment       0x00000000       0x27 obj/default/main.o
 .comment       0x00000000       0x27 obj/default/object_spawner.o
 .comment       0x00000000       0x27 obj/default/sd_audio.o
 .comment       0x00000000       0x27 c:/altera/12.0sp2/nios2eds/bin/gnu/h-i686-mingw32/bin/../lib/gcc/nios2-elf/4.1.2/../../../../nios2-elf/lib\libc.a(lib_a-atoi.o)
 .comment       0x00000000       0x27 c:/altera/12.0sp2/nios2eds/bin/gnu/h-i686-mingw32/bin/../lib/gcc/nios2-elf/4.1.2/../../../../nios2-elf/lib\libc.a(lib_a-malloc.o)
 .comment       0x00000000       0x27 c:/altera/12.0sp2/nios2eds/bin/gnu/h-i686-mingw32/bin/../lib/gcc/nios2-elf/4.1.2/../../../../nios2-elf/lib\libc.a(lib_a-mallocr.o)
 .comment       0x00000000       0x27 c:/altera/12.0sp2/nios2eds/bin/gnu/h-i686-mingw32/bin/../lib/gcc/nios2-elf/4.1.2/../../../../nios2-elf/lib\libc.a(lib_a-memcpy.o)
 .comment       0x00000000       0x27 c:/altera/12.0sp2/nios2eds/bin/gnu/h-i686-mingw32/bin/../lib/gcc/nios2-elf/4.1.2/../../../../nios2-elf/lib\libc.a(lib_a-printf.o)
 .comment       0x00000000       0x27 c:/altera/12.0sp2/nios2eds/bin/gnu/h-i686-mingw32/bin/../lib/gcc/nios2-elf/4.1.2/../../../../nios2-elf/lib\libc.a(lib_a-puts.o)
 .comment       0x00000000       0x27 c:/altera/12.0sp2/nios2eds/bin/gnu/h-i686-mingw32/bin/../lib/gcc/nios2-elf/4.1.2/../../../../nios2-elf/lib\libc.a(lib_a-rand.o)
 .comment       0x00000000       0x27 c:/altera/12.0sp2/nios2eds/bin/gnu/h-i686-mingw32/bin/../lib/gcc/nios2-elf/4.1.2/../../../../nios2-elf/lib\libc.a(lib_a-sbrkr.o)
 .comment       0x00000000       0x27 c:/altera/12.0sp2/nios2eds/bin/gnu/h-i686-mingw32/bin/../lib/gcc/nios2-elf/4.1.2/../../../../nios2-elf/lib\libc.a(lib_a-sprintf.o)
 .comment       0x00000000       0x27 c:/altera/12.0sp2/nios2eds/bin/gnu/h-i686-mingw32/bin/../lib/gcc/nios2-elf/4.1.2/../../../../nios2-elf/lib\libc.a(lib_a-strlen.o)
 .comment       0x00000000       0x27 c:/altera/12.0sp2/nios2eds/bin/gnu/h-i686-mingw32/bin/../lib/gcc/nios2-elf/4.1.2/../../../../nios2-elf/lib\libc.a(lib_a-strtol.o)
 .comment       0x00000000       0x27 c:/altera/12.0sp2/nios2eds/bin/gnu/h-i686-mingw32/bin/../lib/gcc/nios2-elf/4.1.2/../../../../nios2-elf/lib\libc.a(lib_a-time.o)
 .comment       0x00000000       0x27 c:/altera/12.0sp2/nios2eds/bin/gnu/h-i686-mingw32/bin/../lib/gcc/nios2-elf/4.1.2/../../../../nios2-elf/lib\libc.a(lib_a-vfprintf.o)
 .comment       0x00000000       0x27 c:/altera/12.0sp2/nios2eds/bin/gnu/h-i686-mingw32/bin/../lib/gcc/nios2-elf/4.1.2/../../../../nios2-elf/lib\libc.a(lib_a-wsetup.o)
 .comment       0x00000000       0x27 c:/altera/12.0sp2/nios2eds/bin/gnu/h-i686-mingw32/bin/../lib/gcc/nios2-elf/4.1.2/../../../../nios2-elf/lib\libc.a(lib_a-ctype_.o)
 .comment       0x00000000       0x27 c:/altera/12.0sp2/nios2eds/bin/gnu/h-i686-mingw32/bin/../lib/gcc/nios2-elf/4.1.2/../../../../nios2-elf/lib\libc.a(lib_a-dtoa.o)
 .comment       0x00000000       0x27 c:/altera/12.0sp2/nios2eds/bin/gnu/h-i686-mingw32/bin/../lib/gcc/nios2-elf/4.1.2/../../../../nios2-elf/lib\libc.a(lib_a-fflush.o)
 .comment       0x00000000       0x27 c:/altera/12.0sp2/nios2eds/bin/gnu/h-i686-mingw32/bin/../lib/gcc/nios2-elf/4.1.2/../../../../nios2-elf/lib\libc.a(lib_a-findfp.o)
 .comment       0x00000000       0x27 c:/altera/12.0sp2/nios2eds/bin/gnu/h-i686-mingw32/bin/../lib/gcc/nios2-elf/4.1.2/../../../../nios2-elf/lib\libc.a(lib_a-freer.o)
 .comment       0x00000000       0x27 c:/altera/12.0sp2/nios2eds/bin/gnu/h-i686-mingw32/bin/../lib/gcc/nios2-elf/4.1.2/../../../../nios2-elf/lib\libc.a(lib_a-fvwrite.o)
 .comment       0x00000000       0x27 c:/altera/12.0sp2/nios2eds/bin/gnu/h-i686-mingw32/bin/../lib/gcc/nios2-elf/4.1.2/../../../../nios2-elf/lib\libc.a(lib_a-fwalk.o)
 .comment       0x00000000       0x27 c:/altera/12.0sp2/nios2eds/bin/gnu/h-i686-mingw32/bin/../lib/gcc/nios2-elf/4.1.2/../../../../nios2-elf/lib\libc.a(lib_a-gettimeofdayr.o)
 .comment       0x00000000       0x27 c:/altera/12.0sp2/nios2eds/bin/gnu/h-i686-mingw32/bin/../lib/gcc/nios2-elf/4.1.2/../../../../nios2-elf/lib\libc.a(lib_a-impure.o)
 .comment       0x00000000       0x27 c:/altera/12.0sp2/nios2eds/bin/gnu/h-i686-mingw32/bin/../lib/gcc/nios2-elf/4.1.2/../../../../nios2-elf/lib\libc.a(lib_a-int_errno.o)
 .comment       0x00000000       0x27 c:/altera/12.0sp2/nios2eds/bin/gnu/h-i686-mingw32/bin/../lib/gcc/nios2-elf/4.1.2/../../../../nios2-elf/lib\libc.a(lib_a-locale.o)
 .comment       0x00000000       0x27 c:/altera/12.0sp2/nios2eds/bin/gnu/h-i686-mingw32/bin/../lib/gcc/nios2-elf/4.1.2/../../../../nios2-elf/lib\libc.a(lib_a-makebuf.o)
 .comment       0x00000000       0x27 c:/altera/12.0sp2/nios2eds/bin/gnu/h-i686-mingw32/bin/../lib/gcc/nios2-elf/4.1.2/../../../../nios2-elf/lib\libc.a(lib_a-memchr.o)